Neuron Linker Version 5.40.02 Copyright (c) Echelon Corporation 1992-2014
Linked at Wed Feb 25 16:02:44 2015
C:\source\DevTools\ShortStack\dev\microserver\Field Compiler FX\IM\_MicroServer.nxr

                       LIST OF MEMORY AREAS

  * AREA *                    * ALLOCATED *         * UNUSED *
                             From  To   Len       From  To   Len

SYSTEM IMAGE FLASH           0000 46FF 4700        - RESERVED - 

OffChip FLASH  (EECODE)      4700 67FF 2100       6778 67FF 0088
OffChip FLASH  (Pool)         - AVAILABLE -       6800 7FFF 1800

OnChip  RAM    (System)      E800 EA9E 029F          - NONE -   
OnChip  RAMFAR               EA9F EADE 0040       EA9F EADE 0040
OnChip  RAM    (System)      EADF EEB8 03DA          - NONE -   
OnChip  RAMFAR               EEB9 EF39 0081          - NONE -   
OnChip  RAM    (Pool)         - AVAILABLE -       EF3A EF5C 0023
OnChip  RAMNEAR              EF5D EFFF 00A3          - NONE -   

OnChip  EEPROM (Prolog)      F000 F02D 002E          - NONE -   
OnChip  EEPROM (Config)      F02E F5AF 0582          - NONE -   
OnChip  EECODE               F5B0 F5DC 002D       F5D7 F5DC 0006
OnChip  EEPROM (MemCtl)      F5DD F5EF 0013          - NONE -   
OnChip  EEPROM (Pool)         - AVAILABLE -       F5F0 F62F 0040
OnChip  EEFAR                F630 F7D2 01A3       F630 F632 0003
OnChip  EENEAR               F7D3 F7EF 001D          - NONE -   
OnChip  EEPROM (Epilog)      F7F0 F7FF 0010          - NONE -   
OnChip  EEPROM UNINIT         - AVAILABLE -       F800 FAFF 0300
Transient      (Table)   000000 000000 000000        - NONE -   
Transient      (Code)    000000 000000 000000        - NONE -   

End of Memory Area List

Link Memory Usage Statistics:

EEPROM Usage:  (not necessarily in order of physical layout)
               (includes application use of external Flash memory)
        Reserved for System Firmware     17920 bytes
        System Data and Parameters         119 bytes
        Domain and Address Tables          105 bytes
        Network Variable Config Tables    1270 bytes
        Application EEPROM Variables       416 bytes
        Library EEPROM Variables            29 bytes
        Application Code and Const Data    374 bytes
        Library Code and Const Data       7974 bytes
                                         -----
        Total EEPROM Requirement         28207 bytes
        EEPROM Requirement w/o firmware  10287 bytes
        Remaining EEPROM                  6353 bytes

RAM Usage:      (not necessarily in order of physical layout)
        System Data and Parameters         683 bytes
        Transaction Control Blocks         236 bytes
        Appl Timers and I/O Change Events   12 bytes
        Network and Application Buffers    726 bytes
        Flash Memory System RAM Buffer     128 bytes
        Application RAM Variables            1 byte
        Library RAM Variables              163 bytes
                                         -----
        Total RAM Requirement             1949 bytes
        Remaining RAM                       99 bytes

Transient Code Usage:
        Transient code                       0 functions
        Transient code for functions         0 bytes
        Transient code table                 0 bytes
                                         -----
        Total transient data                 0 bytes

Successfully linked for PL 3150 2K.
        Memory Map (14 bytes of System EEPROM) supports extended memory.
                This amount varies by the firmware version.
        Extended Version Number (4 bytes) varies by firmware version.
        System Upper EEPROM Area (16 bytes) varies by firmware version.
        16 receive transaction blocks require 16 * 13 = 208 bytes.
        28 bytes for non-priority transmit transaction control blocks
        Some system RAM usage, for System Data and Transaction Blocks
                (totaling 421 bytes) varies by the Neuron model, the
                firmware version, and the number of receive
                transaction control blocks.
        Flash support requires an additional 128 bytes of RAM.
        FLASH Signature  = CB:D298 @ 4700 .. 4702

Buffer Configuration Summary:

        Application input buffers: 2 at 66 bytes
        Application output buffers: 5 (normal) + 0 (prio) at 66 bytes
        Network input buffers: 2 at 66 bytes
        Network output buffers: 2 (normal) + 0 (prio) at 66 bytes

System Configuration Summary:

        Domains: 2 at 15 bytes each
        Addresses: 15 at 5 bytes each
        Aliases: 127 at 4 bytes each


End of Link Statistics
                             LIST OF SEGMENTS

 * FILE *                        * ROM *           * RAM *         * FLASH *
 Type Name                   From  To   Len    From  To   Len    From  To   Len

C:\source\DevTools\ShortStack\dev\microserver\Field Compiler FX\IM\_MicroServer.no:
  Rel journal_reset_patch     --   --   --      --   --   --     4703 470A 0008
  Rel xcvr_patch              --   --   --      --   --   --     470B 471E 0014
  Rel * Unnamed *             --   --   --      --   --   --     F024 F028 0005
  Rel * Unnamed *             --   --   --      --   --   --     F029 F02D 0005
  Rel %IsiMsgDeliver          --   --   --      --   --   --     471F 4733 0015
  Rel %IsiUpdateUserInterfa   --   --   --      --   --   --     4734 473F 000C
  Rel %IsiCreateCsmo          --   --   --      --   --   --     4740 4753 0014
  Rel %IsiGetPrimaryGroup     --   --   --      --   --   --     4754 475D 000A
  Rel %IsiGetAssembly         --   --   --      --   --   --     475E 4769 000C
  Rel %IsiGetNextAssembly     --   --   --      --   --   --     476A 4775 000C
  Rel %IsiGetNvIndex          --   --   --      --   --   --     4776 4780 000B
  Rel %IsiGetNextNvIndex      --   --   --      --   --   --     4781 478D 000D
  Rel %IsiGetWidth            --   --   --      --   --   --     478E 4798 000B
  Rel %IsiGetConnectionTabl   --   --   --      --   --   --     4799 479B 0003
  Rel %IsiGetConnection       --   --   --      --   --   --     479C 47A8 000D
  Rel %IsiSetConnection       --   --   --      --   --   --     47A9 47B9 0011
  Rel %IsiQueryHeartbeat      --   --   --      --   --   --     47BA 47C4 000B
  Rel %IsiGetNvValue          --   --   --      --   --   --     47C5 47D9 0015
  Rel %key                    --   --   --      --   --   --     47DA 47DB 0002
  Rel %ShortStackIsiStart     --   --   --      --   --   --     47DC 47F4 0019
  Rel %ShortStackIsiStop      --   --   --      --   --   --     47F5 47FD 0009
  Rel %ShortStackIsiCancelA   --   --   --      --   --   --     47FE 4801 0004
  Rel %ShortStackIsiStartDe   --   --   --      --   --   --     4802 4802 0001
  Rel %ShortStackIsiFetchDe   --   --   --      --   --   --     4803 4803 0001
  Rel %ShortStackIsiFetchDo   --   --   --      --   --   --     4804 4804 0001
  Rel %IsiBackground          --   --   --      --   --   --     4805 4815 0011
  Rel %IsiMsgHandler          --   --   --      --   --   --     4816 483F 002A
  Rel %IsiRespHandler         --   --   --      --   --   --     4840 4841 0002
  Rel %IsiStartRpcTimeout     --   --   --      --   --   --     4842 4847 0006
  Rel %IsiIsRpcTimeout        --   --   --      --   --   --     4848 484B 0004
  Rel %isiBufferAlloc         --   --   --      --   --   --     484C 4850 0005
  Rel %appVersion             --   --   --      --   --   --     4851 4853 0003
  Rel APINIT                  --   --   --      --   --   --     4854 4868 0015
  Rel TEVT                    --   --   --      --   --   --     4869 4870 0008
  Rel _%_MICROSERVER%INIT     --   --   --      --   --   --     4871 4878 0008
  Rel %isiType                --   --   --     EF39 EF39 0001     --   --   -- 
  Rel _%_MICROSERVER%1        --   --   --      --   --   --     F633 F7D2 01A0
  Rel * Unnamed *             --   --   --      --   --   --     F02E F5A6 0579
  Rel * Unnamed *             --   --   --      --   --   --     0000 0000 0001
  Abs * Unnamed *             --   --   --      --   --   --     F000 F023 0024

C:\PROGRAM FILES (X86)\LONWORKS\NEURONC\LIBRARIES\ISIFULL.LIB(COMPLEVT):
  Rel %isiPrepareSicb         --   --   --      --   --   --     4879 4885 000D

C:\SOURCE\DEVTOOLS\SHORTSTACK\DEV\MICROSERVER..\..\BIN\SHORTSTACK430ISI.LIB(L_MIPS20):
  Rel get_bitrate_id          --   --   --      --   --   --     4886 48D4 004F
  Rel is_eat_supported        --   --   --      --   --   --     48D5 48E8 0014
  Rel handle_incoming_messa   --   --   --      --   --   --     48E9 49A9 00C1
  Rel handle_incoming_respo   --   --   --      --   --   --     49AA 4A12 0069
  Rel convert_incoming_to_r   --   --   --      --   --   --     4A13 4A23 0011
  Rel save_neuron_c_env       --   --   --      --   --   --     4A24 4A44 0021
  Rel enter_flush_state       --   --   --      --   --   --     4A45 4A49 0005
  Rel handle_error            --   --   --      --   --   --     4A4A 4A5F 0016
  Rel set_sisd_invalid        --   --   --      --   --   --     4A60 4A6F 0010
  Rel %MicroServer            --   --   --      --   --   --     4A70 4ACE 005F
  Rel microServerAllocLocal   --   --   --      --   --   --     4ACF 4B17 0049
  Rel microServerCore         --   --   --      --   --   --     4B18 4C3F 0128
  Rel check_incoming_queues   --   --   --      --   --   --     4C40 4C50 0011
  Rel retrigger_rpc           --   --   --      --   --   --     4C51 4C55 0005
  Rel do_command_in_process   --   --   --      --   --   --     4C56 4F61 030C
  Rel process_nv_init         --   --   --      --   --   --     4F62 5020 00BF
  Rel update_ram_pointers     --   --   --      --   --   --     5021 502A 000A
  Rel update_checksum         --   --   --      --   --   --     502B 5034 000A
  Rel reinit_alias_table      --   --   --      --   --   --     5035 5066 0032
  Rel isiRpcAck               --   --   --      --   --   --     5067 50B1 004B
  Rel %IsiRpc                 --   --   --      --   --   --     50B2 5151 00A0
  Rel %shortStackBufferAllo   --   --   --      --   --   --     5152 51A9 0058
  Rel %get_us_flags           --   --   --      --   --   --     51AA 51BE 0015
  Rel sp_state                --   --   --     EFE8 EFFF 0018     --   --   -- 
  Rel shortstack_version      --   --   --      --   --   --     F7EA F7EF 0006

C:\SOURCE\DEVTOOLS\SHORTSTACK\DEV\MICROSERVER..\..\BIN\SHORTSTACK430ISI.LIB(ISIAPI2):
  Rel rpcIsBusy               --   --   --      --   --   --     51BF 52B3 00F5
  Rel %isiRpcSequence         --   --   --     EFA0 EFE7 0048     --   --   -- 

C:\PROGRAM FILES (X86)\LONWORKS\NEURONC\LIBRARIES\ISIFULL.LIB(CORE):
  Rel %_IsiGetPeriod          --   --   --      --   --   --     52B4 56AF 03FC

C:\PROGRAM FILES (X86)\LONWORKS\NEURONC\LIBRARIES\ISIFULL.LIB(STOP):
  Rel %IsiStop                --   --   --      --   --   --     56B0 56BD 000E

C:\PROGRAM FILES (X86)\LONWORKS\NEURONC\LIBRARIES\ISIFULL.LIB(CANCELA):
  Rel %IsiCancelAcquisition   --   --   --      --   --   --     56BE 56D3 0016

C:\PROGRAM FILES (X86)\LONWORKS\NEURONC\LIBRARIES\ISIFULL.LIB(TICKDA):
  Rel %IsiTickDa              --   --   --      --   --   --     56D4 572A 0057

C:\PROGRAM FILES (X86)\LONWORKS\NEURONC\LIBRARIES\ISIFULL.LIB(TICKS):
  Rel %IsiTickS               --   --   --      --   --   --     572B 5862 0138

C:\SOURCE\DEVTOOLS\SHORTSTACK\DEV\MICROSERVER..\..\BIN\SHORTSTACK430ISI.LIB(ISICTRL):
  Rel %isiControlledEnrollm   --   --   --      --   --   --     5863 58F1 008F

C:\PROGRAM FILES (X86)\LONWORKS\NEURONC\LIBRARIES\ISIFULL.LIB(MSGDA):
  Rel cmp_didrm               --   --   --      --   --   --     58F2 59B2 00C1
  Rel _isi_lastDidrm          --   --   --     EF91 EF9F 000F     --   --   -- 

C:\PROGRAM FILES (X86)\LONWORKS\NEURONC\LIBRARIES\ISIFULL.LIB(PRESTART):
  Rel %IsiPreStart            --   --   --      --   --   --     59B3 59B3 0001
  Rel _isiFirstStart          --   --   --      --   --   --     F7E9 F7E9 0001

C:\SOURCE\DEVTOOLS\SHORTSTACK\DEV\MICROSERVER..\..\BIN\SHORTSTACK430ISI.LIB(INIT):
  Rel %MicroServerInit        --   --   --      --   --   --     59B4 59BA 0007

C:\PROGRAM FILES (X86)\LONWORKS\IMAGES\GEN.LIB(L_FLASH):
  Rel _flash_rendezvous       --   --   --      --   --   --     F5B0 F5D6 0027

C:\SOURCE\DEVTOOLS\SHORTSTACK\DEV\MICROSERVER..\..\BIN\SHORTSTACK430ISI.LIB(L_FSIO):
  Rel _fast_serial_input_SC   --   --   --      --   --   --     59BB 5A0F 0055

C:\SOURCE\DEVTOOLS\SHORTSTACK\DEV\MICROSERVER..\..\BIN\SHORTSTACK430ISI.LIB(L_SCIPAD):
  Rel _fast_serial_input_SC   --   --   --      --   --   --     5A10 5A9C 008D
  Rel SCI_input_pad1          --   --   --      --   --   --     F7D9 F7E8 0010

C:\SOURCE\DEVTOOLS\SHORTSTACK\DEV\MICROSERVER..\..\BIN\SHORTSTACK430ISI.LIB(L_HDMSPI):
  Rel _fast_serial_input_SP   --   --   --      --   --   --     5A9D 5B0A 006E

C:\SOURCE\DEVTOOLS\SHORTSTACK\DEV\MICROSERVER..\..\BIN\SHORTSTACK430ISI.LIB(L_SPIPAD):
  Rel _fast_serial_input_SP   --   --   --      --   --   --     5B0B 5BCE 00C4

C:\SOURCE\DEVTOOLS\SHORTSTACK\DEV\MICROSERVER..\..\BIN\SHORTSTACK430ISI.LIB(L_MIP):
  Rel _mip_IF2                --   --   --      --   --   --     5BCF 5C06 0038

C:\PROGRAM FILES (X86)\LONWORKS\NEURONC\LIBRARIES\ISIFULL.LIB(RUNNING):
  Rel %IsiIsRunning           --   --   --      --   --   --     5C07 5C09 0003

C:\PROGRAM FILES (X86)\LONWORKS\NEURONC\LIBRARIES\ISIFULL.LIB(APPCHG):
  Rel %IsiSetBootLevel        --   --   --      --   --   --     5C0A 5C0E 0005

C:\SOURCE\DEVTOOLS\SHORTSTACK\DEV\MICROSERVER..\..\BIN\SHORTSTACK430ISI.LIB(V4_30_04):
  Rel %usVersion              --   --   --      --   --   --     5C0F 5C12 0004

C:\PROGRAM FILES (X86)\LONWORKS\NEURONC\LIBRARIES\ISIFULL.LIB(CONNECT):
  Rel isi_become_host         --   --   --      --   --   --     5C13 5F41 032F

C:\PROGRAM FILES (X86)\LONWORKS\NEURONC\LIBRARIES\ISIFULL.LIB(IMPVER):
  Rel %IsiImplementationVer   --   --   --      --   --   --     5F42 5F43 0002

C:\PROGRAM FILES (X86)\LONWORKS\NEURONC\LIBRARIES\ISIFULL.LIB(PROTVER):
  Rel %IsiProtocolVersion     --   --   --      --   --   --     5F44 5F45 0002

C:\PROGRAM FILES (X86)\LONWORKS\NEURONC\LIBRARIES\ISIFULL.LIB(ACQDOM):
  Rel %IsiAcquireDomain       --   --   --      --   --   --     5F46 5F75 0030

C:\PROGRAM FILES (X86)\LONWORKS\NEURONC\LIBRARIES\ISIFULL.LIB(OPENE):
  Rel %IsiOpenEnrollment      --   --   --      --   --   --     5F76 5F87 0012

C:\PROGRAM FILES (X86)\LONWORKS\NEURONC\LIBRARIES\ISIFULL.LIB(RMCONN):
  Rel %IsiLeaveEnrollment     --   --   --      --   --   --     5F88 6041 00BA

C:\PROGRAM FILES (X86)\LONWORKS\NEURONC\LIBRARIES\ISIFULL.LIB(ISCONN):
  Rel %IsiIsConnected         --   --   --      --   --   --     6042 6061 0020
  Rel %IsiIsAutomaticallyEn   --   --   --      --   --   --     6062 6087 0026

C:\PROGRAM FILES (X86)\LONWORKS\NEURONC\LIBRARIES\ISIFULL.LIB(ISBEHOST):
  Rel %IsiIsBecomingHost      --   --   --      --   --   --     6088 6097 0010

C:\PROGRAM FILES (X86)\LONWORKS\NEURONC\LIBRARIES\ISIFULL.LIB(ISSUNVHB):
  Rel %IsiIssueHeartbeat      --   --   --      --   --   --     6098 60F5 005E

C:\PROGRAM FILES (X86)\LONWORKS\NEURONC\LIBRARIES\ISIFULL.LIB(AUTOENRO):
  Rel %IsiInitiateAutoEnrol   --   --   --      --   --   --     60F6 6114 001F

C:\PROGRAM FILES (X86)\LONWORKS\NEURONC\LIBRARIES\ISIFULL.LIB(VARS):
  Rel %_isiVolatile           --   --   --     EF78 EF90 0019     --   --   -- 
  Rel %isi_out                --   --   --     EF60 EF77 0018     --   --   -- 
  Rel %_isiPersist            --   --   --      --   --   --     F7D3 F7D8 0006

C:\PROGRAM FILES (X86)\LONWORKS\NEURONC\LIBRARIES\ISIFULL.LIB(SETDOM):
  Rel %_IsiSetDomain          --   --   --      --   --   --     6115 6165 0051

C:\PROGRAM FILES (X86)\LONWORKS\NEURONC\LIBRARIES\ISIFULL.LIB(UPDDIAG):
  Rel %IsiUpdateDiagnostics   --   --   --      --   --   --     6166 6166 0001

C:\PROGRAM FILES (X86)\LONWORKS\NEURONC\LIBRARIES\ISIFULL.LIB(DOMTOOLS):
  Rel %_isi_memorize_domain   --   --   --      --   --   --     6167 6167 0001
  Rel %_isi_is_memorized_do   --   --   --      --   --   --     6168 6169 0002
  Rel %_isi_reset_primary_d   --   --   --      --   --   --     616A 6187 001E

C:\PROGRAM FILES (X86)\LONWORKS\NEURONC\LIBRARIES\ISIFULL.LIB(LENTAB):
  Rel %_isiMessageLengthTab   --   --   --      --   --   --     6188 619D 0016

C:\PROGRAM FILES (X86)\LONWORKS\NEURONC\LIBRARIES\ISIFULL.LIB(MANUAL):
  Rel isi_rcv_csmx            --   --   --      --   --   --     619E 6202 0065

C:\PROGRAM FILES (X86)\LONWORKS\NEURONC\LIBRARIES\ISIFULL.LIB(RCVCSMC):
  Rel isi_rcv_csmc            --   --   --      --   --   --     6203 6226 0024

C:\PROGRAM FILES (X86)\LONWORKS\NEURONC\LIBRARIES\ISIFULL.LIB(RCVCSMD):
  Rel isi_rcv_csmd            --   --   --      --   --   --     6227 62AA 0084

C:\PROGRAM FILES (X86)\LONWORKS\NEURONC\LIBRARIES\ISIFULL.LIB(GETCFG):
  Rel _camisi_get_config_p2   --   --   --      --   --   --     62AB 62BD 0013

C:\PROGRAM FILES (X86)\LONWORKS\NEURONC\LIBRARIES\ISIFULL.LIB(FGETNV):
  Rel %IsiGetNv               --   --   --      --   --   --     62BE 62C0 0003

C:\PROGRAM FILES (X86)\LONWORKS\NEURONC\LIBRARIES\ISIFULL.LIB(FSETALI):
  Rel %IsiSetAlias            --   --   --      --   --   --     62C1 62C3 0003

C:\PROGRAM FILES (X86)\LONWORKS\NEURONC\LIBRARIES\ISIFULL.LIB(FSETNV):
  Rel %IsiSetNv               --   --   --      --   --   --     62C4 62C6 0003

C:\PROGRAM FILES (X86)\LONWORKS\NEURONC\LIBRARIES\ISIFULL.LIB(DID):
  Rel _%DID%1                 --   --   --      --   --   --     62C7 62C9 0003
  Rel %IsiGetPrimaryDid       --   --   --      --   --   --     62CA 62D5 000C

C:\PROGRAM FILES (X86)\LONWORKS\NEURONC\LIBRARIES\ISIFULL.LIB(RPTCNT):
  Rel %IsiGetRepeatCount      --   --   --      --   --   --     62D6 62D7 0002

C:\PROGRAM FILES (X86)\LONWORKS\NEURONC\LIBRARIES\ISIFULL.LIB(UPDUI):
  Rel %_IsiUpdateUiAndState   --   --   --      --   --   --     62D8 62E8 0011

C:\PROGRAM FILES (X86)\LONWORKS\NEURONC\LIBRARIES\ISIFULL.LIB(TCSMR):
  Rel %_IsiTcsmr              --   --   --      --   --   --     62E9 6328 0040
  Rel %_isiTcsmr              --   --   --     EF5E EF5F 0002     --   --   -- 

C:\PROGRAM FILES (X86)\LONWORKS\NEURONC\LIBRARIES\ISIFULL.LIB(RSNDCSMO):
  Rel isi_resend_csmo         --   --   --      --   --   --     6329 6349 0021

C:\PROGRAM FILES (X86)\LONWORKS\NEURONC\LIBRARIES\ISIFULL.LIB(SENDNVHB):
  Rel %_IsiIsHeartbeatCandi   --   --   --      --   --   --     634A 637C 0033
  Rel _isi_nextNv             --   --   --     EF5D EF5D 0001     --   --   -- 

C:\PROGRAM FILES (X86)\LONWORKS\NEURONC\LIBRARIES\ISIFULL.LIB(PERIODIC):
  Rel %IsiCreatePeriodicMsg   --   --   --      --   --   --     637D 637E 0002

C:\PROGRAM FILES (X86)\LONWORKS\NEURONC\LIBRARIES\ISIFULL.LIB(SELCTRS):
  Rel * Unnamed *             --   --   --      --   --   --     637F 63C5 0047

C:\PROGRAM FILES (X86)\LONWORKS\NEURONC\LIBRARIES\ISIFULL.LIB(APPRCSMO):
  Rel isi_approve_csmo        --   --   --      --   --   --     63C6 6470 00AB

C:\PROGRAM FILES (X86)\LONWORKS\NEURONC\LIBRARIES\ISIFULL.LIB(REPLSEL):
  Rel * Unnamed *             --   --   --      --   --   --     6471 6500 0090

C:\PROGRAM FILES (X86)\LONWORKS\NEURONC\LIBRARIES\ISIFULL.LIB(ACCEPTE):
  Rel isi_tool_ppappp0        --   --   --      --   --   --     6501 656A 006A

C:\PROGRAM FILES (X86)\LONWORKS\NEURONC\LIBRARIES\ISIFULL.LIB(ADDSEL):
  Rel isi_increment_selecto   --   --   --      --   --   --     656B 6578 000E

C:\PROGRAM FILES (X86)\LONWORKS\NEURONC\LIBRARIES\ISIFULL.LIB(INSELRNG):
  Rel isi_in_selector_range   --   --   --      --   --   --     6579 658E 0016

C:\PROGRAM FILES (X86)\LONWORKS\NEURONC\LIBRARIES\ISIFULL.LIB(IMPLEMNT):
  Rel _%IMPLEMNT%Bind         --   --   --      --   --   --     658F 670C 017E

C:\PROGRAM FILES (X86)\LONWORKS\IMAGES\GEN.LIB(L_SERVIC):
  Rel service_pin_msg_send    --   --   --      --   --   --     670D 6720 0014

C:\PROGRAM FILES (X86)\LONWORKS\NEURONC\LIBRARIES\ISIFULL.LIB(L_SETDOM):
  Rel update_domain_address   --   --   --      --   --   --     6721 6729 0009

C:\PROGRAM FILES (X86)\LONWORKS\NEURONC\LIBRARIES\ISIFULL.LIB(FSETDOM):
  Rel %IsiSetDomain           --   --   --      --   --   --     672A 672F 0006

C:\PROGRAM FILES (X86)\LONWORKS\NEURONC\LIBRARIES\ISIFULL.LIB(CIDMATCH):
  Rel isi_cid_match           --   --   --      --   --   --     6730 6739 000A

C:\PROGRAM FILES (X86)\LONWORKS\NEURONC\LIBRARIES\ISIFULL.LIB(FGETALI):
  Rel %IsiGetAlias            --   --   --      --   --   --     673A 673C 0003

C:\PROGRAM FILES (X86)\LONWORKS\NEURONC\LIBRARIES\ISIFULL.LIB(GRPOK):
  Rel * Unnamed *             --   --   --      --   --   --     673D 6777 003B
                           SYMBOLS BY ADDRESS

#   0001 _idem_dup                      #   0403 _timer_sset_repeat             
#   0002 _tx_by_addr                    #   0418 _timer_get                     
#   0005 _larva_break                   #   041F timers_off                     
#   0007 _larva_suspend                 #   0429 _unpack_nibs                   
#   000B _pushd1                        #   0432 _memcpy                        
#   000D _pushd                         #   0435 _memcpy1                       
#   0013 _popd1                         #   043D _memset8                       
#   0015 _popd                          #   0444 _memset                        
#   001B _push1                         #   0445 _memset1                       
#   001D _push                          #   044E _save_ptrs                     
#   0021 _pop1                          #   0457 _restore_ptrs                  
#   0023 _pop                           #   045F _register_call                 
#   0027 _alloc                         #   0465 _add_8_16                      
#   002C _dealloc                       #   04B1 delay_1msec                    
#   002E _drop_n                        #   04B7 msec_delay                     
#   0032 _drop_n_return_1               #   04C8 delay                          
#   0034 _drop_n_preserve_1             #   04CA scaled_delay                   
#   0038 _drop_n_return_2               #   04D3 _iteration16                   
#   003A _drop_n_preserve_2             #   0501 flush_cancel                   
#   0040 _query_stats                   #   0503 _sys_flag_clear                
#   004C _get_sp                        #   0506 _free_rcvtx_by_domain          
#   0054 _bump_ptr                      #   0511 _sys_flag_set                  
#   0054 _add_8_16f                     #   0530 _mip_L4                        
#   0056 _inc16                         #   0531 _mip_L5                        
#   0059 _xch_inc_xch                   #   0555 _mip_L1                        
#   005C _sign_extend16                 #   0576 _mip_L2                        
#   0062 _dec16                         #   0589 _set_typeout                   
#   0069 _ldP0_fetchl                   #   05AE _mip_T1                        
#   0080 _new_binding_constraints       #   05DB _get_address                   
#   0093 watchdog_update                #   05F5 _get_domain                    
#   0095 watchdog_update_old            #   0675 _memcmp1                       
#   0099 _cpu_halt_check                #   0697 _index_to_addr                 
#   009E _larva_L1                      #   069F _eeprom_write                  
#   00AB _larva_L2                      #   06A1 _eeprom_far_write              
#   00BE _arb_presf                     #   06A1 _ee_write_int                  
#   00CC node_reset                     #   06A4 _eeprom_write_long             
#   00CC _node_reset                    #   06A6 _ee_write_long                 
#   00DC _r_shift8_7                    #   06A6 _eeprom_far_write_long         
#   00DD _r_shift8_6                    #   06B7 _ee_memcpy_uncond              
#   00DE _r_shift8_5                    #   06BB _ee_memcpy                     
#   00DF _r_shift8_4                    #   06BB _memcpy8                       
#   00E0 _r_shift8_3                    #   06BE _get_error_log                 
#   01AE _mip_L6                        #   06CB _sys_error_log                 
#   03C4 _timer_events                  #   06CE error_log                      
#   03E4 _timer_expires                 #   06DF _raw_error_log                 
#   03F1 _timer_expires_any             #   0748 _change_state                  
#   03F4 _timer_off                     #   078A _disable_callbacks             
#   03F8 _timer_mset                    #   078D _enable_callbacks              
#   03FA _timer_mset_repeat             #   07A1 _check_configured              
#   03FF _timer_sset                    #   083E _adjust_checksum1              
#   0853 _get_appsum_location           #   0BF0 _equal8                        
#   092A post_events                    #   0BF2 _equal16                       
#   0949 set_eeprom_lock                #   0BF4 _lognot16                      
#   0A58 abs8_twice                     #   0BF5 _lognot8                       
#   0A5F _lshift8by2_add16              #   0BF7 _log16                         
#   0A62 _lshift8by1_add16              #   0BF8 _log8                          
#   0A73 _lshift8_add16                 #   0BFD _r_shift8                      
#   0A75 _lshift16_add16                #   0C05 _r_shift8s                     
#   0A78 _adds_8_16                     #   0C0E _l_shift8s                     
#   0A7A _add16                         #   0C0E _l_shift8                      
#   0A81 _mul8l                         #   0C27 _l_shift16s                    
#   0A9E _muls_8_16                     #   0C27 _l_shift16                     
#   0AA1 _mul_8_16                      #   0C33 _r_shift16                     
#   0AA3 _mul16                         #   0C42 _r_shift16s                    
#   0AA3 _mul16s                        #   0C51 _l_shift8_7                    
#   0AB4 _mul8                          #   0C52 _l_shift8_6                    
#   0AD0 _div32_16_core                 #   0C53 _l_shift8_5                    
#   0B06 _div32_16                      #   0C54 _l_shift8_4                    
#   0B0B _div8                          #   0C55 _l_shift8_3                    
#   0B13 _div16                         #   0C59 random                         
#   0B25 _div8s                         #   0C5D _msg_free                      
#   0B2D _mod8s                         #   0C6A _resp_free                     
#   0B37 _abs8                          #   0C77 _clear_apps_flags              
#   0B3E _mod16                         #   0C7B _msg_alloc_priority            
#   0B45 _div16s                        #   0C7D _msg_alloc                     
#   0B50 _mod16s                        #   0C8A _resp_alloc                    
#   0B5E _max8                          #   0CA9 _msg_send                      
#   0B63 _min8                          #   0CA9 _resp_send                     
#   0B68 _max8s                         #   0CDA _msg_alloc_wait                
#   0B6D _min8s                         #   0CE7 _msg_cancel                    
#   0B73 _mod8                          #   0CE7 _resp_cancel                   
#   0B7C _max16                         #   0D09 _bound_mt                      
#   0B81 _min16                         #   0D2E _wink                          
#   0B86 _max16s                        #   0D31 _msg_receive                   
#   0B8B _min16s                        #   0D33 _msg_arrives                   
#   0B93 _sub16                         #   0D35 _msg_code_arrives              
#   0B9F _mul8ls                        #   0D44 _set_apps_flags                
#   0BA8 _abs16                         #   0D48 _msg_fails                     
#   0BAC _minus16s                      #   0D4B _msg_completes                 
#   0BB2 _not16                         #   0D4E _msg_succeeds                  
#   0BB7 _and16                         #   0D51 _resp_receive                  
#   0BBC _or16                          #   0D55 _resp_arrives                  
#   0BC1 _xor16                         #   0D8F _msg_data_blockset             
#   0BC6 _gequ8s                        #   0DCC _msg_priority_set              
#   0BCC _gequ16s                       #   0DD7 _resp_code_set                 
#   0BD3 _less16                        #   0DD9 _resp_data_set                 
#   0BD7 _less8                         #   0DE1 _msg_code_set                  
#   0BDB _signs_differ16                #   0DE3 _msg_data_set                  
#   0BE1 _gequ16                        #   0DF4 _msg_auth_set                  
#   0BE5 _gequ8                         #   0DF8 _msg_service_set               
#   0BEA _less8s                        #   0DFC _msg_tag_set                   
#   0BED _less16s                       #   0DFC _msg_tag_set1                  
#   0E01 _msg_addr_set                  #   1739 _nv_count                      
#   0E01 _msg_byte_set                  #   173D _nv_get_cnfg_p_pri             
#   0E05 _msg_out_set                   #   174A _nv_get_cnfg_p                 
#   0E33 _msg_code_get_ex               #   1756 _nv_get_cnfg_p1                
#   0E33 _msg_code_get                  #   175D _nv_get_alias_p                
#   0E35 _msg_data_get                  #   1773 _nv_get_fixed_p                
#   0E39 _msg_auth_get                  #   1923 _get_auth_std                  
#   0E3D _msg_service_get               #   1968 _get_rcvtx_p                   
#   0E42 _msg_byte_get                  #   19F7 _nm_set_nk                     
#   0E42 _msg_addr_get                  #   1ACB make_apdu_p                    
#   0E47 _msg_in_get                    #   1AE5 _service_pin_send              
#   0E76 _msg_len_get_ex                #   1AE6 _nm_service_send               
#   0E76 _msg_len_get                   #   1AED _bitshift_input                
#   0E7B _msg_data_blockget             #   1B0E _init_baud                     
#   0FB4 _nv_update_int                 #   1B12 _A_delay_pd                    
#   0FB5 _nv_update_int_offset          #   1B14 _A_delay                       
#   0FBA _nv_update_long                #   1B15 _A_delay_b                     
#   0FBB _nv_update_long_offset         #   1B1B _sio_load_delay                
#   0FC0 _nv_update                     #   1B24 set_base_p                     
#   0FC5 _nv_update_request1            #   1B29 _bit_input                     
#   0FC5 _nv_update_request             #   1B2B _nibble_input                  
#   0FC5 _nv_poll                       #   1B3F _byte_input                    
#   0FD1 _nv_poll_all                   #   1B43 _leveldetect_input             
#   0FD7 _nv_array_poll                 #   1B59 _init_io_pins                  
#   1011 _nv_update_occurs              #   1B85 _io_direction_hi               
#   1012 _nv_array_update_occurs        #   1B85 _io_direction_hi2              
#   105C _nv_update_fails               #   1B87 _io_direction_lo               
#   105D _nv_array_update_fails         #   1B89 _bit_output_ext2               
#   1062 _nv_update_succeeds            #   1B89 _bit_output_ext                
#   1063 _nv_array_update_succeeds      #   1B8D _bit_output_hi                 
#   1066 _nv_update_completes           #   1B8F _bit_output_lo2                
#   1067 _nv_array_update_completes     #   1B91 _bit_output_lo1                
#   1077 _bound_nv                      #   1B99 _nibble_output                 
#   1077 _bound_nv1                     #   1BA1 _byte_output                   
#   1090 _io_change_init                #   1BB5 _set_tco_p                     
#   10B0 _io_changes_to                 #   1BC8 _loader_prep                   
#   10BB _io_changes_by                 #   1BF5 _pulsewidth_output             
#   10CF _io_changes                    #   1C01 _frequency_output              
#   10D4 _io_update_occurs              #   1C01 _triggered_count_output        
#   10EA _io_input_value                #   1C19 _oneshot_output                
#   10F1 application_restart            #   1C1E _triac_pulse_output            
#   111B _preempt                       #   1C26 _triac_output                  
#   1150 offline_confirm                #   1C26 _triac_level_output            
#   115E _offline                       #   1C28 _loader_go                     
#   116C _online                        #   1C33 _pulsecount_output             
#   1171 online_confirm                 #   1C75 _totalize_input                
#   11AE go_offline                     #   1C81 _period_input                  
#   11B3 flush                          #   1C81 _pulsecount_input              
#   11BE _flush_completes               #   1C81 _ontime_input                  
#   11F0 _sleep                         #   1CAF _quadrature_input              
#   1261 retrieve_xcvr_status           #   1CDA _select_mux                    
#   1735 _alias_count                   #   1CDE _alter_icntrl_g                
#   1CE6 _select_input_fn               #   43C7 _msg_in_addr_ptr               
#   1D05 _io_set_clock                  #   43CD _msg_duplicate_get             
#   1D15 _init_timer_counter1           #   43D4 _msg_rcvtx_get                 
#   1D17 _init_timer_counter2           #   43DB _bin2bcd                       
#   1D60 _parallel_output_request       #   440A _bcd2bin                       
#   1D62 clear_pio_request              #   4422 muldivs                        
#   1D67 _parallel_input_ready          #   443C muldiv                         
#   1D93 _parallel_output_ready         #   4461 _io_abort_clear                
#   1DA1 _parallel_input                #   4467 access_domain                  
#   1DB4 _parallel_output               #   446B _access_check                  
#   1F17 _mac_L1                        #   4475 update_nv                      
#   21F2 _scheduler_loop                #   447D update_config_data             
#   2469 _larva_L3                      #   4484 _update_record                 
#   27C1 _net_mgmt_processing           #   4496 update_clone_domain            
#   2851 _update_address                #   44A9 update_domain                  
#   28B1 _self_installation             #   44BC update_address                 
#   28B3 _calculate_cnfg_checksum       #   44C6 access_alias                   
#   28BB _leave_indexed_domain          #   44CF update_alias                   
#   2938 chksum_recalc_mode             #   44D7 access_key                     
#   2C7A _build_status                  #   44EA access_address                 
#   2CF1 clear_status                   #   44EF access_nv                      
#   2DB6 _get_prit_p                    #   44F8 update_program_id              
#   2DC5 _get_prt_p                     #   44FF update_pid                     
#   2F6C _eefar_init                    #   4510 update_xcvr_id                 
#   2F6E _extended_version_number       #   451C retrieve_stat                  
#   2F72 _sys_comeup_offline            #   4525 _neurowire_slave               
#   2F73 _bitshift_output               #   4560 _muxbus_read                   
#   2FAC _serial_input                  #   4572 _muxbus_reread                 
#   3000 _eeprom_image_copy             #   457D _muxbus_write                  
#   3036 _defCommParms                  #   458C _muxbus_rewrite                
#   37FE _boot_id                       #   4597 _dualslope_input               
#   38BE _get_ext_ee                    #   45B8 _dualslope_start               
#   3B69 _offchip_eelock_check          #   46F7 _image_upgrade_test_area       
#   3FDC _set_ram_ptrs                  #   46FE _image_checksum                
#   40EF _checksum_generate             #   46FF _image_end                     
#   428C _serial_output                 #   46FF _image_end_page                
#   42BF _serial_sub1                   .   4703 journal_reset_patch            
#   42D9 _bitshift_setup                .   470B xcvr_patch                     
#   4308 _neurowire_master              #   471F %IsiMsgDeliver                 
#   4342 _get_si_data_ptr               #   4734 %IsiUpdateUserInterface        
#   434D power_up                       #   4740 %IsiCreateCsmo                 
#   4352 go_configured                  #   4754 %IsiGetPrimaryGroup            
#   4356 go_unconfigured                #   475E %IsiGetAssembly                
#   4364 flush_wait                     #   476A %IsiGetNextAssembly            
#   436A reverse                        #   4776 %IsiGetNvIndex                 
#   4375 _bitf_sign_ext                 #   4781 %IsiGetNextNvIndex             
#   437C _memcpy16                      #   478E %IsiGetWidth                   
#   438F _memset16                      #   4799 %IsiGetConnectionTableSize     
#   43A1 retrieve_status                #   479C %IsiGetConnection              
#   43AC _resp_data_blockset            #   47A9 %IsiSetConnection              
#   43B5 _msg_out_addr_ptr              #   47BA %IsiQueryHeartbeat             
#   43C4 _resp_in_addr_ptr              #   47C5 %IsiGetNvValue                 
#   47DA %key                           .   4A45 enter_flush_state              
#   47DC %ShortStackIsiStart            .   4A4A handle_error                   
.   47EE %ShortStackIsiStart%0          .   4A60 set_sisd_invalid               
.   47F4 %ShortStackIsiStart%2          .   4A69 set_sisd_valid                 
.   47F4 %ShortStackIsiStart%1          #   4A70 %MicroServer                   
#   47F5 %ShortStackIsiStop             #   4A70 %mip_s23_interface             
#   47FE %ShortStackIsiCancelAcquisit>> .   4ACA main_loop                      
#   4802 %ShortStackIsiStartDeviceAcq>> .   4ACF microServerAllocLocals2        
#   4803 %ShortStackIsiFetchDevice      .   4AE7 microServerAllocLocals         
#   4804 %ShortStackIsiFetchDomain      .   4AFF microServerDeallocLocals       
#   4805 %IsiBackground                 .   4B18 microServerCore                
.   4812 %IsiBackground%1               .   4B98 uplink_reset                   
.   4815 %IsiBackground%0               .   4C13 check_local_done               
.   4815 %IsiBackground%2               .   4C38 check_wdt                      
#   4816 %IsiMsgHandler                 .   4C40 check_incoming_queues          
.   482C %IsiMsgHandler%2               .   4C51 retrigger_rpc                  
.   482D %IsiMsgHandler%1               .   4C56 do_command_in_processing       
.   482F %IsiMsgHandler%0               .   4C65 check_for_nv                   
.   483E %IsiMsgHandler%5               .   4C97 check_reset                    
.   483F %IsiMsgHandler%3               .   4CAA check_offline                  
#   4840 %IsiRespHandler                .   4CBF do_flush_cancel                
#   4842 %IsiStartRpcTimeout            .   4CCA check_isi_downlink             
#   4848 %IsiIsRpcTimeout               .   4CD3 isi_rpc_call                   
#   484C %isiBufferAlloc                .   4CEB isi_dealloc_buffer             
#   4851 %appVersion                    .   4D52 application_change             
.   4854 APINIT                         .   4D5F process_appinit_misc           
.   4857 RESET                          .   4D7B write_nv_count                 
.   4869 TEVT                           .   4D9A write_rods1_nv_count           
.   4871 _%_MICROSERVER%INIT            .   4DA5 recalc_nv_fixed                
.   4876 _%_MICROSERVER%INITV           .   4DD2 write_comm_para                
#   4879 %isiPrepareSicb                .   4DE5 write_program_id               
.   4886 get_bitrate_id                 .   4DF5 write_app_signature            
.   4890 _fast_serial_input             .   4E04 process_appinit_done           
.   4891 _fast_serial_input2            .   4E08 check_appinit_done             
.   48A7 _fast_serial_output2_wait      .   4E08 check_usop                     
.   48A8 _fast_serial_output_wait       .   4EEE usop_done                      
.   48AE _fast_serial_output            .   4EEE check_nv_init                  
.   48AF _fast_serial_output2           .   4EF4 send_explicit_message          
.   48C5 check_host_busy                .   4F24 process_packet                 
.   48C5 check_host_ready               .   4F62 process_nv_init                
.   48D5 is_eat_supported               .   4FC3 nvinit_this_nv                 
.   48DB get_address_count              .   4FFF nvinit_done_this               
.   48E9 handle_incoming_message        .   501D nvinit_cleanup                 
.   490C check_isi_msg                  .   5021 update_ram_pointers            
.   4988 process_ul_msg_done            .   502B update_checksum                
.   498A process_ul_nv                  .   5035 reinit_alias_table             
.   49A1 send_sicb_ul                   .   5067 isiRpcAck                      
.   49A4 free_incoming_app_buf          #   50B2 %IsiRpc                        
.   49AA handle_incoming_response       #   5152 %shortStackBufferAlloc         
.   4A13 convert_incoming_to_response   #   51AA %get_us_flags                  
.   4A24 save_neuron_c_env              #   51AE %clear_us_flags                
.   4A32 restore_neuron_c_env           #   51B3 %set_us_flags                  
#   51BA %shortStackInPreempt           #   56B0 %IsiStop                       
.   51BF rpcIsBusy                      #   56BE %IsiCancelAcquisition          
#   51C5 %isiCheckRpc                   #   56D4 %IsiTickDa                     
#   51CF %isiRpcDispatcher              #   572B %IsiTickS                      
#   52B4 %_IsiGetPeriod                 #   5863 %isiControlledEnrollment       
.   52B4 isi_get_period                 .   58D9 send_ctrp                      
#   52C2 %_IsiAllocSlot                 .   58E4 send_response                  
.   52C2 isi_alloc_slot                 .   58F2 cmp_didrm                      
.   52CB isi_alloc_node                 #   58FB %IsiProcessMsgDa               
#   52CB %_IsiAllocNode                 #   59B3 %IsiPreStart                   
#   52CF %_IsiAllocSubnet               #   59B4 %MicroServerInit               
.   52CF isi_alloc_subnet               #   59BB _fast_serial_input_SCI         
#   52DA isi_rand                       #   59BC _fast_serial_input2_SCI        
#   52DA %_IsiRand                      #   59EE _fast_serial_output_SCI        
#   52DF _isi_set_prim_domain           #   59EF _fast_serial_output2_SCI       
.   52F0 isi_cond_diagnostics           #   5A10 _fast_serial_input_SCI_pad     
#   52F0 %_IsiConditionalDiagnostics    #   5A11 _fast_serial_input2_SCI_pad    
#   52F9 %_IsiMemcmp                    #   5A5D delay_22n_cycles               
#   5302 _isi_get_msg_in_p2             #   5A66 delay_11n_cycles               
#   5306 %_IsiGetMsgInDataPtr           #   5A6C _fast_serial_output_SCI_pad    
#   530E %_IsiReceiveDrumS              #   5A6D _fast_serial_output2_SCI_pad   
.   530E _isi_rcv_drum_s                #   5A9D _fast_serial_input_SPI         
.   5365 _isi_get_domain_id             #   5A9E _fast_serial_input2_SPI        
#   536E _isi_msg_out_clear             #   5AD9 _fast_serial_output_SPI        
#   5377 _isi_send_drum                 #   5ADA _fast_serial_output2_SPI       
#   5377 %_IsiSendDrum                  #   5B0B _fast_serial_input_SPI_pad     
#   53BB %_IsiBroadcastAsm              #   5B0C _fast_serial_input2_SPI_pad    
#   53E8 %_IsiSendIsi                   #   5B7D _fast_serial_output_SPI_pad    
#   53EA %_IsiSend                      #   5B7E _fast_serial_output2_SPI_pad   
#   53F9 %IsiApproveMsg                 .   5BCF _smip_system_image             
#   5428 %IsiProcessMsgS                .   5BCF _mip_outgoing                  
.   5487 tpftset                        #   5BCF _mip_IF2                       
.   548C plcnset                        .   5BCF _mip_outgoing_l5               
#   5499 isi_rcv_timg                   .   5BD6 _mip_incoming_l5               
#   5499 %_IsiReceiveTimg               #   5BD6 _mip_IF1                       
.   54C5 _isi_transport_properties      .   5BD6 _mip_incoming                  
#   54C5 %_IsiSelectTransportProps      .   5BF2 _mip_alloc_l5                  
#   5520 _isi_alloc_connection          .   5BF2 _mip_alloc                     
#   5522 _isi_alloc                     #   5BF2 _mip_IF3                       
.   552C _isi_init_dppp                 #   5C02 _mip_IF4                       
#   5531 %IsiReturnToFactoryDefaults    .   5C02 _mip_free                      
.   553C isi_fetch_nv_selhi_p0          #   5C03 _mip_IF5                       
#   5544 %IsiStartDa                    .   5C03 _mip_cancel                    
.   5544 isi_init                       .   5C06 _mip_set_mode                  
#   5544 %_IsiInitialize                #   5C06 _mip_IF7                       
#   5544 %IsiStartS                     #   5C07 %IsiIsRunning                  
.   5665 isi_masked_clr_connection      #   5C0A %IsiSetBootLevel               
.   567F isi_clear_connection           #   5C0F %usVersion                     
.   568D isi_pending_connection_P2      .   5C13 isi_become_host                
.   568F isi_connection_P2              .   5CA8 isi_have_AtLeastOneNvo         
.   5696 isi_next_connection            #   5CC6 isi_rcv_csmo                   
#   56AA isi_address_count              .   5CE2 isi_rcv_pcsmo                  
#   5D7D %_IsiSendCsme                  .   6203 isi_rcv_csmc                   
.   5D7D isi_send_csme                  .   6227 isi_rcv_csmd                   
#   5D86 %_IsiSendCsmx                  .   6259 isi_sweep_address_table_drop_n 
.   5D86 isi_send_csmx                  .   625B isi_sweep_address_table        
.   5D8A isi_send_csmex                 .   62AB _camisi_get_config_p2          
.   5D98 isi_send_csm_x                 #   62BE %IsiGetNv                      
.   5D99 isi_send_csm_x_p2              #   62C1 %IsiSetAlias                   
.   5DA7 isi_send_csmi                  #   62C4 %IsiSetNv                      
#   5DA7 %_IsiSendCsmi                  .   62C7 _%DID%1                        
.   5DA8 isi_send_csmi_p2nof            #   62CA %IsiGetPrimaryDid              
.   5DA9 isi_send_csmi_p2               #   62D6 %IsiGetRepeatCount             
.   5DC6 isi_send_csmr                  #   62D8 %_IsiUpdateUiAndStateEnroll    
#   5DC6 %_IsiSendCsmr                  #   62DB %_IsiUpdateUiAndStateTimeout   
.   5DC7 isi_send_csmr_p2               #   62DF %_IsiUpdateUiAndState          
.   5DFF isi_alloc_fetch_connection_i   #   62E2 %_IsiUpdateUiNormal            
.   5E0A isi_rcv_csmi                   #   62E3 %_IsiUpdateUi                  
.   5E1C rcv_csmi_try_next_index        #   62E9 %_IsiTcsmr                     
.   5E37 rcv_csmi_test_next_collission  #   6316 isi_p2_condition_tcsmr         
.   5E75 rcv_csmi_coll_step2            #   6329 %_IsiResendCsmo                
.   5EA6 rcv_csmi_sel_upd_cand          .   6329 isi_resend_csmo                
.   5ECC rcv_csmi_write_sel_p0          #   634A %_IsiIsHeartbeatCandidate      
.   5ECD rcv_csmi_write_sel             #   6358 %_IsiSendNvHb                  
.   5ED2 rcv_csmi_ssati                 #   637D %IsiCreatePeriodicMsg          
#   5F01 %IsiCancelEnrollment           #   6396 %_IsiGetSelectors              
#   5F1D %IsiExtendEnrollment           .   63C6 isi_approve_csmo               
#   5F20 %IsiCreateEnrollment           .   63F0 apprcsmo_next_conn             
#   5F21 isi_make_enrollment            .   647B %_IsiGetNextNvx                
.   5F32 isi_make_couldBeHost           .   647C %_IsiGetNextNvx1               
#   5F42 %IsiImplementationVersion      #   64B5 %_IsiReplaceSelectors          
#   5F44 %IsiProtocolVersion            .   64F3 %_IsiGetNextNvIndexEx          
#   5F46 %IsiAcquireDomain              .   6501 isi_tool_ppappp0               
.   5F62 isi_acquire_domain             .   650A isi_accept_enrollment          
#   5F62 %_IsiAcquireDomain             .   656B isi_increment_selector         
#   5F76 %IsiOpenEnrollment             #   656D isi_add_selector               
#   5F88 %IsiLeaveEnrollment            .   6579 isi_in_selector_range          
#   5F8A %IsiDeleteEnrollment           .   657A isi_in_selector_range_ex       
#   5F8B %_IsiRemoveConnectionIfNormal  .   658F _%IMPLEMNT%Bind                
#   5F8F %_IsiRemoveConnection          .   6602 isi_set_nv_x                   
#   5FE3 %_IsiRemovePtrConnection       .   6611 send_csmx                      
#   6042 %IsiIsConnected                .   661B isi_implement_sec_enrollment   
#   6062 %IsiIsAutomaticallyEnrolled    .   664B imes_evaluate                  
#   6088 %IsiIsBecomingHost             .   6686 isi_p2_pending                 
#   6098 %IsiIssueHeartbeat             .   668D isi_d1_implement_enrollment    
#   60F6 %IsiInitiateAutoEnrollment     .   668E isi_implement_enrollment       
#   6115 %_IsiSetDomain                 #   670D service_pin_msg_send           
#   6166 %IsiUpdateDiagnostics          #   6718 service_pin_state              
#   6167 %_isi_memorize_domain          #   6721 update_domain_address          
#   6168 %_isi_is_memorized_domain      #   672A %IsiSetDomain                  
#   616A %_isi_reset_primary_domain     .   6730 isi_cid_match                  
#   6188 %_isiMessageLengthTable        #   673A %IsiGetAlias                   
.   619E isi_rcv_csmx                   .   6752 isi_is_group_acceptable        
.   61C4 isi_rcv_csme                   #   8000 __max_transient_app            
#   8000 __num_transient_app            c   8020 _image_file_alignment_boundary 
c   8000 _extended_onchip_eeprom        c   8040 _size_custom_ram_area          
c   8000 _evn_byte_2                    c   8040 _custom_ram_area_avail         
#   8000 _programmable_driver_strength  c   80BE _arbitrary_preempt_safe        
c   8000 _programmable_lvi              #   80FF _nv_count_mask                 
c   8000 _sidata_last_eecode            #   80FF _nv_all                        
c   8000 _evn_byte_1                    #   8100 _size_app_basepg               
c   8000 _const_mask                    c   82EB _sysram_base_usage             
c   8000 _size_sys_ramvars              #   E800 activate_service_led           
c   8000 _sio_near                      #   E801 _larva_flag                    
c   8000 _size_sys_eevars               #   E80C _xcvr_mode                     
c   8000 _larva_clear_off               #   E83C nv_in_index                    
#   8000 _system_version_minor          #   E83C msg_tag_index                  
#   8001 _supports_explicit_addressing  #   E84C ramQElemSizeIn                 
#   8001 _alternate_clocking            #   E84D ramQElemSizeOut                
c   8001 _disable_dynamic_xcvr_config   #   E855 qfree_out                      
c   8001 _extended_io_count             #   E85D qincoming                      
c   8001 _feature_set_1                 #   E861 qresponse                      
c   8001 _feature_set_2                 #   E877 _larva_L4                      
c   8001 _field_debug                   #   E8C4 _mip_IF0                       
#   8001 _system_image_extensions       #   E8C6 io_pin_event_data              
c   8001 _sysimgext_proxy               #   E8CD input_value                    
c   8001 _sysimgext_phase               #   E8CD _dbg_input_value               
c   8001 _sysimgext_nv_length_override  #   E8CF nv_array_index                 
c   8001 _size_proxy_route_index_entry  #   E8CF _nv_array_index                
c   8001 _set_nv_length_valid           #   E8D0 io_pdata_imgs                  
c   8001 _sci_spi_supported             #   E8D4 _io_gen_img                    
c   8001 _ram_test_power_up_only        #   E938 _sys_flags                     
#   8001 _oma                           #   E947 _cpu_sync                      
#   8001 _nm_capabilities               #   E94B nv_in_addr                     
c   8001 _memory_forwarding             #   E953 _sys_stat                      
c   8002 _read_only_data_struct_version #   E96B ee_lock                        
#   8002 _nm_version                    #   E96C nsa_features                   
c   8003 _extended_onchip_eedata        #   E96C nsa_relative                   
c   8003 _size_io_change_event          #   E989 _last_retry_extra_time         
c   8003 _size_nv_cnfg                  #   E99D _sys_callback_address          
c   8003 _size_nv_fix                   #   E99F BASEPG3                        
c   8004 _size_nv_alias                 #   E99F _larva_L5                      
c   8004 _size_timer                    #   E9AA _dbg_input_is_new              
c   8004 _size_evn                      #   E9AA input_is_new                   
c   8005 _size_addr_tbl_entry           #   EA9F _loc_custom_ram_area           
c   8008 _onchip_eeprom_sector_size     #   EF39 %isiType                       
c   800C _size_proxy_route_entry        .   EF5D _isi_nextNv                    
c   800D _size_rcv_tx                   #   EF5E %_isiTcsmr                     
c   800F _size_domain_entry             #   EF60 %isi_out                       
c   8010 _eevar_offset                  #   EF78 %_isiVolatile                  
#   8010 _eeJournal_size                .   EF91 _isi_lastDidrm                 
c   8010 _ee_reserved_offset            #   EFA0 %isiRpcSequence                
c   8011 _system_version                #   EFA1 %isiRpcReturnValue             
c   8011 _evn_byte_4                    #   EFA2 %isiRpcReturnData              
c   8014 _evn_byte_3                    .   EFC1 rpc_api_call                   
c   801C _size_tx_ctl_blk               .   EFE8 sp_state                       
.   EFE9 serial_interface_type          #   F02B eeSNVT2Ptr                     
.   EFEA neuron_c_env                   #   F02E config_data                    
.   EFEE loc_hi                         #   F036 eeCommStart                    
.   EFEF loc_lo                         #   F036 eeClock                        
.   EFF0 isirpc_uplink                  #   F037 eeAltClock                     
.   EFF7 us_flags                       .   F047 DOMAIN                         
#   EFF8 USMONITOR                      #   F047 eeDomain                       
#   F000 read_only_data                 #   F050 eeDomain0Key                   
#   F000 eeNeuronID                     #   F05F eeDomain1Key                   
.   F008 DIRECTORY                      #   F5B0 _flash_rendezvous              
#   F008 eeNVFixedPtr                   .   F633 _%_MICROSERVER%1               
.   F00A PROTECTBIT                     #   F7D3 %_isiPersist                   
#   F00B eeSNVTPtr                      .   F7D9 SCI_input_pad1                 
.   F00D PROGID                         .   F7E1 SCI_output_pad1                
#   F00D eeIDString                     .   F7E1 SCI_input_pad2                 
#   F015 eeModeFlags                    .   F7E9 _isiFirstStart                 
.   F015 MODETABLE                      .   F7EA shortstack_version             
.   F01A BUFCOUNTS                      .   F7EB sp_notify_interval             
.   F01D EENEARBYTES                    .   F7EC APP_signature                  
.   F023 TX_CTRL                        .   F7EE SISD_valid                     
#   F024 read_only_data_2               .   F7EF post_reset_pause               
#   F024 eeCustomMac                    #   F7F0 eeErrorLog                     
#   F029 read_only_data_3               #   FBF0 eeJournal                      
#   F029 eeNVCount                     
                            SYMBOLS BY NAME

#   6168 %_isi_is_memorized_domain      #   5F46 %IsiAcquireDomain              
#   6167 %_isi_memorize_domain          #   53F9 %IsiApproveMsg                 
#   616A %_isi_reset_primary_domain     #   4805 %IsiBackground                 
#   5F62 %_IsiAcquireDomain             .   4815 %IsiBackground%0               
#   52CB %_IsiAllocNode                 .   4812 %IsiBackground%1               
#   52C2 %_IsiAllocSlot                 .   4815 %IsiBackground%2               
#   52CF %_IsiAllocSubnet               #   484C %isiBufferAlloc                
#   53BB %_IsiBroadcastAsm              #   56BE %IsiCancelAcquisition          
#   52F0 %_IsiConditionalDiagnostics    #   5F01 %IsiCancelEnrollment           
#   5306 %_IsiGetMsgInDataPtr           #   51C5 %isiCheckRpc                   
.   64F3 %_IsiGetNextNvIndexEx          #   5863 %isiControlledEnrollment       
.   647B %_IsiGetNextNvx                #   4740 %IsiCreateCsmo                 
.   647C %_IsiGetNextNvx1               #   5F20 %IsiCreateEnrollment           
#   52B4 %_IsiGetPeriod                 #   637D %IsiCreatePeriodicMsg          
#   6396 %_IsiGetSelectors              #   5F8A %IsiDeleteEnrollment           
#   5544 %_IsiInitialize                #   5F1D %IsiExtendEnrollment           
#   634A %_IsiIsHeartbeatCandidate      #   673A %IsiGetAlias                   
#   52F9 %_IsiMemcmp                    #   475E %IsiGetAssembly                
#   6188 %_isiMessageLengthTable        #   479C %IsiGetConnection              
#   F7D3 %_isiPersist                   #   4799 %IsiGetConnectionTableSize     
#   52DA %_IsiRand                      #   476A %IsiGetNextAssembly            
#   530E %_IsiReceiveDrumS              #   4781 %IsiGetNextNvIndex             
#   5499 %_IsiReceiveTimg               #   62BE %IsiGetNv                      
#   5F8F %_IsiRemoveConnection          #   4776 %IsiGetNvIndex                 
#   5F8B %_IsiRemoveConnectionIfNormal  #   47C5 %IsiGetNvValue                 
#   5FE3 %_IsiRemovePtrConnection       #   62CA %IsiGetPrimaryDid              
#   64B5 %_IsiReplaceSelectors          #   4754 %IsiGetPrimaryGroup            
#   6329 %_IsiResendCsmo                #   62D6 %IsiGetRepeatCount             
#   54C5 %_IsiSelectTransportProps      #   478E %IsiGetWidth                   
#   53EA %_IsiSend                      #   5F42 %IsiImplementationVersion      
#   5D7D %_IsiSendCsme                  #   60F6 %IsiInitiateAutoEnrollment     
#   5DA7 %_IsiSendCsmi                  #   6062 %IsiIsAutomaticallyEnrolled    
#   5DC6 %_IsiSendCsmr                  #   6088 %IsiIsBecomingHost             
#   5D86 %_IsiSendCsmx                  #   6042 %IsiIsConnected                
#   5377 %_IsiSendDrum                  #   4848 %IsiIsRpcTimeout               
#   53E8 %_IsiSendIsi                   #   5C07 %IsiIsRunning                  
#   6358 %_IsiSendNvHb                  #   6098 %IsiIssueHeartbeat             
#   6115 %_IsiSetDomain                 #   5F88 %IsiLeaveEnrollment            
#   62E9 %_IsiTcsmr                     #   471F %IsiMsgDeliver                 
#   EF5E %_isiTcsmr                     #   4816 %IsiMsgHandler                 
#   62E3 %_IsiUpdateUi                  .   482F %IsiMsgHandler%0               
#   62DF %_IsiUpdateUiAndState          .   482D %IsiMsgHandler%1               
#   62D8 %_IsiUpdateUiAndStateEnroll    .   482C %IsiMsgHandler%2               
#   62DB %_IsiUpdateUiAndStateTimeout   .   483F %IsiMsgHandler%3               
#   62E2 %_IsiUpdateUiNormal            .   483E %IsiMsgHandler%5               
#   EF78 %_isiVolatile                  #   5F76 %IsiOpenEnrollment             
#   4851 %appVersion                    #   4879 %isiPrepareSicb                
#   51AE %clear_us_flags                #   59B3 %IsiPreStart                   
#   51AA %get_us_flags                  #   58FB %IsiProcessMsgDa               
#   EF60 %isi_out                       #   5428 %IsiProcessMsgS                
#   5F44 %IsiProtocolVersion            #   446B _access_check                  
#   47BA %IsiQueryHeartbeat             #   0A7A _add16                         
#   4840 %IsiRespHandler                #   0465 _add_8_16                      
#   5531 %IsiReturnToFactoryDefaults    #   0054 _add_8_16f                     
#   50B2 %IsiRpc                        #   0A78 _adds_8_16                     
#   51CF %isiRpcDispatcher              #   083E _adjust_checksum1              
#   EFA2 %isiRpcReturnData              #   1735 _alias_count                   
#   EFA1 %isiRpcReturnValue             #   0027 _alloc                         
#   EFA0 %isiRpcSequence                #   1CDE _alter_icntrl_g                
#   62C1 %IsiSetAlias                   #   8001 _alternate_clocking            
#   5C0A %IsiSetBootLevel               #   0BB7 _and16                         
#   47A9 %IsiSetConnection              #   00BE _arb_presf                     
#   672A %IsiSetDomain                  c   80BE _arbitrary_preempt_safe        
#   62C4 %IsiSetNv                      #   440A _bcd2bin                       
#   5544 %IsiStartDa                    #   43DB _bin2bcd                       
#   4842 %IsiStartRpcTimeout            #   1B29 _bit_input                     
#   5544 %IsiStartS                     #   1B89 _bit_output_ext                
#   56B0 %IsiStop                       #   1B89 _bit_output_ext2               
#   56D4 %IsiTickDa                     #   1B8D _bit_output_hi                 
#   572B %IsiTickS                      #   1B91 _bit_output_lo1                
#   EF39 %isiType                       #   1B8F _bit_output_lo2                
#   6166 %IsiUpdateDiagnostics          #   4375 _bitf_sign_ext                 
#   4734 %IsiUpdateUserInterface        #   1AED _bitshift_input                
#   47DA %key                           #   2F73 _bitshift_output               
#   4A70 %MicroServer                   #   42D9 _bitshift_setup                
#   59B4 %MicroServerInit               #   37FE _boot_id                       
#   4A70 %mip_s23_interface             #   0D09 _bound_mt                      
#   51B3 %set_us_flags                  #   1077 _bound_nv                      
#   5152 %shortStackBufferAlloc         #   1077 _bound_nv1                     
#   51BA %shortStackInPreempt           #   2C7A _build_status                  
#   47FE %ShortStackIsiCancelAcquisit>> #   0054 _bump_ptr                      
#   4803 %ShortStackIsiFetchDevice      #   1B3F _byte_input                    
#   4804 %ShortStackIsiFetchDomain      #   1BA1 _byte_output                   
#   47DC %ShortStackIsiStart            #   28B3 _calculate_cnfg_checksum       
.   47EE %ShortStackIsiStart%0          .   62AB _camisi_get_config_p2          
.   47F4 %ShortStackIsiStart%1          #   0748 _change_state                  
.   47F4 %ShortStackIsiStart%2          #   07A1 _check_configured              
#   4802 %ShortStackIsiStartDeviceAcq>> #   40EF _checksum_generate             
#   47F5 %ShortStackIsiStop             #   0C77 _clear_apps_flags              
#   5C0F %usVersion                     c   8000 _const_mask                    
.   F633 _%_MICROSERVER%1               #   0099 _cpu_halt_check                
.   4871 _%_MICROSERVER%INIT            #   E947 _cpu_sync                      
.   4876 _%_MICROSERVER%INITV           c   8040 _custom_ram_area_avail         
.   62C7 _%DID%1                        #   E9AA _dbg_input_is_new              
.   658F _%IMPLEMNT%Bind                #   E8CD _dbg_input_value               
#   8000 __max_transient_app            #   002C _dealloc                       
#   8000 __num_transient_app            #   0062 _dec16                         
#   1B14 _A_delay                       #   3036 _defCommParms                  
#   1B15 _A_delay_b                     #   078A _disable_callbacks             
#   1B12 _A_delay_pd                    c   8001 _disable_dynamic_xcvr_config   
#   0BA8 _abs16                         #   0B13 _div16                         
#   0B37 _abs8                          #   0B45 _div16s                        
#   0B06 _div32_16                      #   59EE _fast_serial_output_SCI        
#   0AD0 _div32_16_core                 #   5A6C _fast_serial_output_SCI_pad    
#   0B0B _div8                          #   5AD9 _fast_serial_output_SPI        
#   0B25 _div8s                         #   5B7D _fast_serial_output_SPI_pad    
#   002E _drop_n                        .   48A8 _fast_serial_output_wait       
#   0034 _drop_n_preserve_1             c   8001 _feature_set_1                 
#   003A _drop_n_preserve_2             c   8001 _feature_set_2                 
#   0032 _drop_n_return_1               c   8001 _field_debug                   
#   0038 _drop_n_return_2               #   F5B0 _flash_rendezvous              
#   4597 _dualslope_input               #   11BE _flush_completes               
#   45B8 _dualslope_start               #   0506 _free_rcvtx_by_domain          
#   06BB _ee_memcpy                     #   1C01 _frequency_output              
#   06B7 _ee_memcpy_uncond              #   0BE1 _gequ16                        
c   8010 _ee_reserved_offset            #   0BCC _gequ16s                       
#   06A1 _ee_write_int                  #   0BE5 _gequ8                         
#   06A6 _ee_write_long                 #   0BC6 _gequ8s                        
#   2F6C _eefar_init                    #   05DB _get_address                   
#   8010 _eeJournal_size                #   0853 _get_appsum_location           
#   06A1 _eeprom_far_write              #   1923 _get_auth_std                  
#   06A6 _eeprom_far_write_long         #   05F5 _get_domain                    
#   3000 _eeprom_image_copy             #   06BE _get_error_log                 
#   069F _eeprom_write                  #   38BE _get_ext_ee                    
#   06A4 _eeprom_write_long             #   2DB6 _get_prit_p                    
c   8010 _eevar_offset                  #   2DC5 _get_prt_p                     
#   078D _enable_callbacks              #   1968 _get_rcvtx_p                   
#   0BF2 _equal16                       #   4342 _get_si_data_ptr               
#   0BF0 _equal8                        #   004C _get_sp                        
c   8000 _evn_byte_1                    #   0001 _idem_dup                      
c   8000 _evn_byte_2                    #   46FE _image_checksum                
c   8014 _evn_byte_3                    #   46FF _image_end                     
c   8011 _evn_byte_4                    #   46FF _image_end_page                
c   8001 _extended_io_count             c   8020 _image_file_alignment_boundary 
c   8003 _extended_onchip_eedata        #   46F7 _image_upgrade_test_area       
c   8000 _extended_onchip_eeprom        #   0056 _inc16                         
#   2F6E _extended_version_number       #   0697 _index_to_addr                 
.   4890 _fast_serial_input             #   1B0E _init_baud                     
.   4891 _fast_serial_input2            #   1B59 _init_io_pins                  
#   59BC _fast_serial_input2_SCI        #   1D15 _init_timer_counter1           
#   5A11 _fast_serial_input2_SCI_pad    #   1D17 _init_timer_counter2           
#   5A9E _fast_serial_input2_SPI        #   4461 _io_abort_clear                
#   5B0C _fast_serial_input2_SPI_pad    #   1090 _io_change_init                
#   59BB _fast_serial_input_SCI         #   10CF _io_changes                    
#   5A10 _fast_serial_input_SCI_pad     #   10BB _io_changes_by                 
#   5A9D _fast_serial_input_SPI         #   10B0 _io_changes_to                 
#   5B0B _fast_serial_input_SPI_pad     #   1B85 _io_direction_hi               
.   48AE _fast_serial_output            #   1B85 _io_direction_hi2              
.   48AF _fast_serial_output2           #   1B87 _io_direction_lo               
#   59EF _fast_serial_output2_SCI       #   E8D4 _io_gen_img                    
#   5A6D _fast_serial_output2_SCI_pad   #   10EA _io_input_value                
#   5ADA _fast_serial_output2_SPI       #   1D05 _io_set_clock                  
#   5B7E _fast_serial_output2_SPI_pad   #   10D4 _io_update_occurs              
.   48A7 _fast_serial_output2_wait      #   5522 _isi_alloc                     
#   5520 _isi_alloc_connection          #   0B86 _max16s                        
.   5365 _isi_get_domain_id             #   0B5E _max8                          
#   5302 _isi_get_msg_in_p2             #   0B68 _max8s                         
.   552C _isi_init_dppp                 #   0675 _memcmp1                       
.   EF91 _isi_lastDidrm                 #   0432 _memcpy                        
#   536E _isi_msg_out_clear             #   0435 _memcpy1                       
.   EF5D _isi_nextNv                    #   437C _memcpy16                      
.   530E _isi_rcv_drum_s                #   06BB _memcpy8                       
#   5377 _isi_send_drum                 c   8001 _memory_forwarding             
#   52DF _isi_set_prim_domain           #   0444 _memset                        
.   54C5 _isi_transport_properties      #   0445 _memset1                       
.   F7E9 _isiFirstStart                 #   438F _memset16                      
#   04D3 _iteration16                   #   043D _memset8                       
#   0C27 _l_shift16                     #   0B81 _min16                         
#   0C27 _l_shift16s                    #   0B8B _min16s                        
#   0C0E _l_shift8                      #   0B63 _min8                          
#   0C55 _l_shift8_3                    #   0B6D _min8s                         
#   0C54 _l_shift8_4                    #   0BAC _minus16s                      
#   0C53 _l_shift8_5                    .   5BF2 _mip_alloc                     
#   0C52 _l_shift8_6                    .   5BF2 _mip_alloc_l5                  
#   0C51 _l_shift8_7                    .   5C03 _mip_cancel                    
#   0C0E _l_shift8s                     .   5C02 _mip_free                      
#   0005 _larva_break                   #   E8C4 _mip_IF0                       
c   8000 _larva_clear_off               #   5BD6 _mip_IF1                       
#   E801 _larva_flag                    #   5BCF _mip_IF2                       
#   009E _larva_L1                      #   5BF2 _mip_IF3                       
#   00AB _larva_L2                      #   5C02 _mip_IF4                       
#   2469 _larva_L3                      #   5C03 _mip_IF5                       
#   E877 _larva_L4                      #   5C06 _mip_IF7                       
#   E99F _larva_L5                      .   5BD6 _mip_incoming                  
#   0007 _larva_suspend                 .   5BD6 _mip_incoming_l5               
#   E989 _last_retry_extra_time         #   0555 _mip_L1                        
#   0069 _ldP0_fetchl                   #   0576 _mip_L2                        
#   28BB _leave_indexed_domain          #   0530 _mip_L4                        
#   0BD3 _less16                        #   0531 _mip_L5                        
#   0BED _less16s                       #   01AE _mip_L6                        
#   0BD7 _less8                         .   5BCF _mip_outgoing                  
#   0BEA _less8s                        .   5BCF _mip_outgoing_l5               
#   1B43 _leveldetect_input             .   5C06 _mip_set_mode                  
#   1C28 _loader_go                     #   05AE _mip_T1                        
#   1BC8 _loader_prep                   #   0B3E _mod16                         
#   EA9F _loc_custom_ram_area           #   0B50 _mod16s                        
#   0BF7 _log16                         #   0B73 _mod8                          
#   0BF8 _log8                          #   0B2D _mod8s                         
#   0BF4 _lognot16                      #   0E42 _msg_addr_get                  
#   0BF5 _lognot8                       #   0E01 _msg_addr_set                  
#   0A75 _lshift16_add16                #   0C7D _msg_alloc                     
#   0A73 _lshift8_add16                 #   0C7B _msg_alloc_priority            
#   0A62 _lshift8by1_add16              #   0CDA _msg_alloc_wait                
#   0A5F _lshift8by2_add16              #   0D33 _msg_arrives                   
#   1F17 _mac_L1                        #   0E39 _msg_auth_get                  
#   0B7C _max16                         #   0DF4 _msg_auth_set                  
#   0E42 _msg_byte_get                  #   0BB2 _not16                         
#   0E01 _msg_byte_set                  #   80FF _nv_all                        
#   0CE7 _msg_cancel                    #   E8CF _nv_array_index                
#   0D35 _msg_code_arrives              #   0FD7 _nv_array_poll                 
#   0E33 _msg_code_get                  #   1067 _nv_array_update_completes     
#   0E33 _msg_code_get_ex               #   105D _nv_array_update_fails         
#   0DE1 _msg_code_set                  #   1012 _nv_array_update_occurs        
#   0D4B _msg_completes                 #   1063 _nv_array_update_succeeds      
#   0E7B _msg_data_blockget             #   1739 _nv_count                      
#   0D8F _msg_data_blockset             #   80FF _nv_count_mask                 
#   0E35 _msg_data_get                  #   175D _nv_get_alias_p                
#   0DE3 _msg_data_set                  #   174A _nv_get_cnfg_p                 
#   43CD _msg_duplicate_get             #   1756 _nv_get_cnfg_p1                
#   0D48 _msg_fails                     #   173D _nv_get_cnfg_p_pri             
#   0C5D _msg_free                      #   1773 _nv_get_fixed_p                
#   43C7 _msg_in_addr_ptr               #   0FC5 _nv_poll                       
#   0E47 _msg_in_get                    #   0FD1 _nv_poll_all                   
#   0E76 _msg_len_get                   #   0FC0 _nv_update                     
#   0E76 _msg_len_get_ex                #   1066 _nv_update_completes           
#   43B5 _msg_out_addr_ptr              #   105C _nv_update_fails               
#   0E05 _msg_out_set                   #   0FB4 _nv_update_int                 
#   0DCC _msg_priority_set              #   0FB5 _nv_update_int_offset          
#   43D4 _msg_rcvtx_get                 #   0FBA _nv_update_long                
#   0D31 _msg_receive                   #   0FBB _nv_update_long_offset         
#   0CA9 _msg_send                      #   1011 _nv_update_occurs              
#   0E3D _msg_service_get               #   0FC5 _nv_update_request             
#   0DF8 _msg_service_set               #   0FC5 _nv_update_request1            
#   0D4E _msg_succeeds                  #   1062 _nv_update_succeeds            
#   0DFC _msg_tag_set                   #   3B69 _offchip_eelock_check          
#   0DFC _msg_tag_set1                  #   115E _offline                       
#   0AA3 _mul16                         #   8001 _oma                           
#   0AA3 _mul16s                        c   8008 _onchip_eeprom_sector_size     
#   0AB4 _mul8                          #   1C19 _oneshot_output                
#   0A81 _mul8l                         #   116C _online                        
#   0B9F _mul8ls                        #   1C81 _ontime_input                  
#   0AA1 _mul_8_16                      #   0BBC _or16                          
#   0A9E _muls_8_16                     #   1DA1 _parallel_input                
#   4560 _muxbus_read                   #   1D67 _parallel_input_ready          
#   4572 _muxbus_reread                 #   1DB4 _parallel_output               
#   458C _muxbus_rewrite                #   1D93 _parallel_output_ready         
#   457D _muxbus_write                  #   1D60 _parallel_output_request       
#   27C1 _net_mgmt_processing           #   1C81 _period_input                  
#   4308 _neurowire_master              #   0023 _pop                           
#   4525 _neurowire_slave               #   0021 _pop1                          
#   0080 _new_binding_constraints       #   0015 _popd                          
#   1B2B _nibble_input                  #   0013 _popd1                         
#   1B99 _nibble_output                 #   111B _preempt                       
#   8001 _nm_capabilities               #   8000 _programmable_driver_strength  
#   1AE6 _nm_service_send               c   8000 _programmable_lvi              
#   19F7 _nm_set_nk                     #   1C81 _pulsecount_input              
#   8002 _nm_version                    #   1C33 _pulsecount_output             
#   00CC _node_reset                    #   1BF5 _pulsewidth_output             
#   001D _push                          c   8040 _size_custom_ram_area          
#   001B _push1                         c   800F _size_domain_entry             
#   000D _pushd                         c   8004 _size_evn                      
#   000B _pushd1                        c   8003 _size_io_change_event          
#   1CAF _quadrature_input              c   8004 _size_nv_alias                 
#   0040 _query_stats                   c   8003 _size_nv_cnfg                  
#   0C33 _r_shift16                     c   8003 _size_nv_fix                   
#   0C42 _r_shift16s                    c   800C _size_proxy_route_entry        
#   0BFD _r_shift8                      c   8001 _size_proxy_route_index_entry  
#   00E0 _r_shift8_3                    c   800D _size_rcv_tx                   
#   00DF _r_shift8_4                    c   8000 _size_sys_eevars               
#   00DE _r_shift8_5                    c   8000 _size_sys_ramvars              
#   00DD _r_shift8_6                    c   8004 _size_timer                    
#   00DC _r_shift8_7                    c   801C _size_tx_ctl_blk               
#   0C05 _r_shift8s                     #   11F0 _sleep                         
c   8001 _ram_test_power_up_only        .   5BCF _smip_system_image             
#   06DF _raw_error_log                 #   0B93 _sub16                         
c   8002 _read_only_data_struct_version #   8001 _supports_explicit_addressing  
#   045F _register_call                 #   E99D _sys_callback_address          
#   0C8A _resp_alloc                    #   2F72 _sys_comeup_offline            
#   0D55 _resp_arrives                  #   06CB _sys_error_log                 
#   0CE7 _resp_cancel                   #   0503 _sys_flag_clear                
#   0DD7 _resp_code_set                 #   0511 _sys_flag_set                  
#   43AC _resp_data_blockset            #   E938 _sys_flags                     
#   0DD9 _resp_data_set                 #   E953 _sys_stat                      
#   0C6A _resp_free                     c   8001 _sysimgext_nv_length_override  
#   43C4 _resp_in_addr_ptr              c   8001 _sysimgext_phase               
#   0D51 _resp_receive                  c   8001 _sysimgext_proxy               
#   0CA9 _resp_send                     c   82EB _sysram_base_usage             
#   0457 _restore_ptrs                  #   8001 _system_image_extensions       
#   044E _save_ptrs                     c   8011 _system_version                
#   21F2 _scheduler_loop                #   8000 _system_version_minor          
c   8001 _sci_spi_supported             #   03C4 _timer_events                  
#   1CE6 _select_input_fn               #   03E4 _timer_expires                 
#   1CDA _select_mux                    #   03F1 _timer_expires_any             
#   28B1 _self_installation             #   0418 _timer_get                     
#   2FAC _serial_input                  #   03F8 _timer_mset                    
#   428C _serial_output                 #   03FA _timer_mset_repeat             
#   42BF _serial_sub1                   #   03F4 _timer_off                     
#   1AE5 _service_pin_send              #   03FF _timer_sset                    
#   0D44 _set_apps_flags                #   0403 _timer_sset_repeat             
c   8001 _set_nv_length_valid           #   1C75 _totalize_input                
#   3FDC _set_ram_ptrs                  #   1C26 _triac_level_output            
#   1BB5 _set_tco_p                     #   1C26 _triac_output                  
#   0589 _set_typeout                   #   1C1E _triac_pulse_output            
c   8000 _sidata_last_eecode            #   1C01 _triggered_count_output        
#   005C _sign_extend16                 #   0002 _tx_by_addr                    
#   0BDB _signs_differ16                #   0429 _unpack_nibs                   
#   1B1B _sio_load_delay                #   2851 _update_address                
c   8000 _sio_near                      #   4484 _update_record                 
c   8005 _size_addr_tbl_entry           #   0D2E _wink                          
#   8100 _size_app_basepg               #   0059 _xch_inc_xch                   
#   E80C _xcvr_mode                     #   F00D eeIDString                     
#   0BC1 _xor16                         #   FBF0 eeJournal                      
#   0A58 abs8_twice                     #   F015 eeModeFlags                    
#   44EA access_address                 .   F01D EENEARBYTES                    
#   44C6 access_alias                   #   F000 eeNeuronID                     
#   4467 access_domain                  #   F029 eeNVCount                      
#   44D7 access_key                     #   F008 eeNVFixedPtr                   
#   44EF access_nv                      #   F02B eeSNVT2Ptr                     
#   E800 activate_service_led           #   F00B eeSNVTPtr                      
.   4854 APINIT                         .   4A45 enter_flush_state              
.   F7EC APP_signature                  #   06CE error_log                      
.   4D52 application_change             #   11B3 flush                          
#   10F1 application_restart            #   0501 flush_cancel                   
.   63F0 apprcsmo_next_conn             #   4364 flush_wait                     
#   E99F BASEPG3                        .   49A4 free_incoming_app_buf          
.   F01A BUFCOUNTS                      .   48DB get_address_count              
.   4E08 check_appinit_done             .   4886 get_bitrate_id                 
.   4C65 check_for_nv                   #   4352 go_configured                  
.   48C5 check_host_busy                #   11AE go_offline                     
.   48C5 check_host_ready               #   4356 go_unconfigured                
.   4C40 check_incoming_queues          .   4A4A handle_error                   
.   4CCA check_isi_downlink             .   48E9 handle_incoming_message        
.   490C check_isi_msg                  .   49AA handle_incoming_response       
.   4C13 check_local_done               .   664B imes_evaluate                  
.   4EEE check_nv_init                  #   E9AA input_is_new                   
.   4CAA check_offline                  #   E8CD input_value                    
.   4C97 check_reset                    #   E8D0 io_pdata_imgs                  
.   4E08 check_usop                     #   E8C6 io_pin_event_data              
.   4C38 check_wdt                      .   48D5 is_eat_supported               
#   2938 chksum_recalc_mode             .   650A isi_accept_enrollment          
#   1D62 clear_pio_request              .   5F62 isi_acquire_domain             
#   2CF1 clear_status                   #   656D isi_add_selector               
.   58F2 cmp_didrm                      #   56AA isi_address_count              
#   F02E config_data                    .   5DFF isi_alloc_fetch_connection_i   
.   4A13 convert_incoming_to_response   .   52CB isi_alloc_node                 
#   04C8 delay                          .   52C2 isi_alloc_slot                 
#   5A66 delay_11n_cycles               .   52CF isi_alloc_subnet               
#   04B1 delay_1msec                    .   63C6 isi_approve_csmo               
#   5A5D delay_22n_cycles               .   5C13 isi_become_host                
.   F008 DIRECTORY                      .   6730 isi_cid_match                  
.   4C56 do_command_in_processing       .   567F isi_clear_connection           
.   4CBF do_flush_cancel                .   52F0 isi_cond_diagnostics           
.   F047 DOMAIN                         .   568F isi_connection_P2              
#   E96B ee_lock                        .   668D isi_d1_implement_enrollment    
#   F037 eeAltClock                     .   4CEB isi_dealloc_buffer             
#   F036 eeClock                        .   553C isi_fetch_nv_selhi_p0          
#   F036 eeCommStart                    .   52B4 isi_get_period                 
#   F024 eeCustomMac                    .   5CA8 isi_have_AtLeastOneNvo         
#   F047 eeDomain                       .   668E isi_implement_enrollment       
#   F050 eeDomain0Key                   .   661B isi_implement_sec_enrollment   
#   F05F eeDomain1Key                   .   6579 isi_in_selector_range          
#   F7F0 eeErrorLog                     .   657A isi_in_selector_range_ex       
.   656B isi_increment_selector         #   00CC node_reset                     
.   5544 isi_init                       #   E96C nsa_features                   
.   6752 isi_is_group_acceptable        #   E96C nsa_relative                   
.   5F32 isi_make_couldBeHost           #   E8CF nv_array_index                 
#   5F21 isi_make_enrollment            #   E94B nv_in_addr                     
.   5665 isi_masked_clr_connection      #   E83C nv_in_index                    
.   5696 isi_next_connection            .   501D nvinit_cleanup                 
#   6316 isi_p2_condition_tcsmr         .   4FFF nvinit_done_this               
.   6686 isi_p2_pending                 .   4FC3 nvinit_this_nv                 
.   568D isi_pending_connection_P2      #   1150 offline_confirm                
#   52DA isi_rand                       #   1171 online_confirm                 
.   6203 isi_rcv_csmc                   .   548C plcnset                        
.   6227 isi_rcv_csmd                   #   092A post_events                    
.   61C4 isi_rcv_csme                   .   F7EF post_reset_pause               
.   5E0A isi_rcv_csmi                   #   434D power_up                       
#   5CC6 isi_rcv_csmo                   .   4E04 process_appinit_done           
.   619E isi_rcv_csmx                   .   4D5F process_appinit_misc           
.   5CE2 isi_rcv_pcsmo                  .   4F62 process_nv_init                
#   5499 isi_rcv_timg                   .   4F24 process_packet                 
.   6329 isi_resend_csmo                .   4988 process_ul_msg_done            
.   4CD3 isi_rpc_call                   .   498A process_ul_nv                  
.   5D98 isi_send_csm_x                 .   F00D PROGID                         
.   5D99 isi_send_csm_x_p2              .   F00A PROTECTBIT                     
.   5D7D isi_send_csme                  #   E855 qfree_out                      
.   5D8A isi_send_csmex                 #   E85D qincoming                      
.   5DA7 isi_send_csmi                  #   E861 qresponse                      
.   5DA9 isi_send_csmi_p2               #   E84C ramQElemSizeIn                 
.   5DA8 isi_send_csmi_p2nof            #   E84D ramQElemSizeOut                
.   5DC6 isi_send_csmr                  #   0C59 random                         
.   5DC7 isi_send_csmr_p2               .   5E75 rcv_csmi_coll_step2            
.   5D86 isi_send_csmx                  .   5EA6 rcv_csmi_sel_upd_cand          
.   6602 isi_set_nv_x                   .   5ED2 rcv_csmi_ssati                 
.   625B isi_sweep_address_table        .   5E37 rcv_csmi_test_next_collission  
.   6259 isi_sweep_address_table_drop_n .   5E1C rcv_csmi_try_next_index        
.   6501 isi_tool_ppappp0               .   5ECD rcv_csmi_write_sel             
.   EFF0 isirpc_uplink                  .   5ECC rcv_csmi_write_sel_p0          
.   5067 isiRpcAck                      #   F000 read_only_data                 
.   4703 journal_reset_patch            #   F024 read_only_data_2               
.   EFEE loc_hi                         #   F029 read_only_data_3               
.   EFEF loc_lo                         .   4DA5 recalc_nv_fixed                
.   4ACA main_loop                      .   5035 reinit_alias_table             
#   1ACB make_apdu_p                    .   4857 RESET                          
.   4AE7 microServerAllocLocals         .   4A32 restore_neuron_c_env           
.   4ACF microServerAllocLocals2        #   451C retrieve_stat                  
.   4B18 microServerCore                #   43A1 retrieve_status                
.   4AFF microServerDeallocLocals       #   1261 retrieve_xcvr_status           
.   F015 MODETABLE                      .   4C51 retrigger_rpc                  
#   04B7 msec_delay                     #   436A reverse                        
#   E83C msg_tag_index                  .   EFC1 rpc_api_call                   
#   443C muldiv                         .   51BF rpcIsBusy                      
#   4422 muldivs                        .   4A24 save_neuron_c_env              
.   EFEA neuron_c_env                   #   04CA scaled_delay                   
.   F7D9 SCI_input_pad1                 #   44CF update_alias                   
.   F7E1 SCI_input_pad2                 .   502B update_checksum                
.   F7E1 SCI_output_pad1                #   4496 update_clone_domain            
.   6611 send_csmx                      #   447D update_config_data             
.   58D9 send_ctrp                      #   44A9 update_domain                  
.   4EF4 send_explicit_message          #   6721 update_domain_address          
.   58E4 send_response                  #   4475 update_nv                      
.   49A1 send_sicb_ul                   #   44FF update_pid                     
.   EFE9 serial_interface_type          #   44F8 update_program_id              
#   670D service_pin_msg_send           .   5021 update_ram_pointers            
#   6718 service_pin_state              #   4510 update_xcvr_id                 
#   1B24 set_base_p                     .   4B98 uplink_reset                   
#   0949 set_eeprom_lock                .   EFF7 us_flags                       
.   4A60 set_sisd_invalid               #   EFF8 USMONITOR                      
.   4A69 set_sisd_valid                 .   4EEE usop_done                      
.   F7EA shortstack_version             #   0093 watchdog_update                
.   F7EE SISD_valid                     #   0095 watchdog_update_old            
.   F7EB sp_notify_interval             .   4DF5 write_app_signature            
.   EFE8 sp_state                       .   4DD2 write_comm_para                
.   4869 TEVT                           .   4D7B write_nv_count                 
#   041F timers_off                     .   4DE5 write_program_id               
.   5487 tpftset                        .   4D9A write_rods1_nv_count           
.   F023 TX_CTRL                        .   470B xcvr_patch                     
#   44BC update_address                
 