Neuron Linker Version 5.40.02 Copyright (c) Echelon Corporation 1992-2014
Linked at Wed Feb 25 16:02:35 2015
C:\source\DevTools\ShortStack\dev\microserver\Field Compiler FX\IM\_MicroServer.nxr

                       LIST OF MEMORY AREAS

  * AREA *                    * ALLOCATED *         * UNUSED *
                             From  To   Len       From  To   Len

SYSTEM IMAGE ROM             0000 3FFF 4000        - RESERVED - 

OffChip NVRAM  (EECODE)      4000 60FF 2100       60E3 60FF 001D
OffChip NVRAM  (Pool)         - AVAILABLE -       6100 9BFF 3B00
OffChip NVRAM  (EEFAR)       9C00 9FFF 0400       9C00 9CBF 00C0

OffChip RAM    (System)      CF00 DE65 0F66          - NONE -   
OffChip RAM    (DATA)         - AVAILABLE -       DE66 DEFF 009A
OffChip RAM    (Pool)         - AVAILABLE -       DF00 E6FF 0800
OffChip RAMFAR               E700 E75C 005D       E700 E75B 005C
OffChip RAMNEAR              E75D E7FF 00A3          - NONE -   

OnChip  RAM    (System)      E800 EFCE 07CF          - NONE -   
OnChip  RAM    (System)         - WASTE -         EFCF EFFF 0031

OnChip  EEPROM (Prolog)      F000 F02D 002E          - NONE -   
OnChip  EEPROM (Config)      F02E F5A6 0579          - NONE -   
OnChip  EECODE               F5A7 F5A8 0002       F5A7 F5A8 0002
OnChip  EEPROM (MemCtl)      F5A9 F5B6 000E          - NONE -   
OnChip  EEPROM (Pool)         - AVAILABLE -       F5B7 F7DE 0228
OnChip  EENEAR               F7DF F7FE 0020       F7DF F7E1 0003
OnChip  EEPROM (Epilog)      F7FF F7FF 0001          - NONE -   
Transient      (Table)   000000 000000 000000        - NONE -   
Transient      (Code)    000000 000000 000000        - NONE -   

End of Memory Area List

Link Memory Usage Statistics:

EEPROM Usage:  (not necessarily in order of physical layout)
               (includes application use of external NVRAM)
        System Data and Parameters          89 bytes
        Domain and Address Tables          105 bytes
        Network Variable Config Tables    1270 bytes
        Onchip Data Area Fragmentation       3 bytes
        Application EEPROM Variables       832 bytes
        Library EEPROM Variables            29 bytes
        Application Code and Const Data    341 bytes
        Library Code and Const Data       8076 bytes
                                         -----
        Total EEPROM Requirement         10745 bytes
        Remaining EEPROM                 15879 bytes

RAM Usage:      (not necessarily in order of physical layout)
        System Data and Parameters         701 bytes
        Transaction Control Blocks         264 bytes
        Appl Timers and I/O Change Events   12 bytes
        Network and Application Buffers   4964 bytes
        System RAM Fragmentation            49 bytes
        Application RAM Variables            1 byte
        Library RAM Variables              163 bytes
                                         -----
        Total RAM Requirement             6154 bytes
        Remaining RAM                     2294 bytes

Transient Code Usage:
        Transient code                       0 functions
        Transient code for functions         0 bytes
        Transient code table                 0 bytes
                                         -----
        Total transient data                 0 bytes

Successfully linked for FT 5000.
        System RAM Fragmentation (49 bytes) is specific to
                system use of external RAM.
        Memory Map (9 bytes of System EEPROM) supports extended memory.
                This amount varies by the firmware version.
        Extended Version Number (4 bytes) varies by firmware version.
        Onchip EEPROM Data Fragmentation (3 bytes) varies by Neuron model.
        System Upper EEPROM Area (1 byte) varies by firmware version.
        16 receive transaction blocks require 16 * 13 = 208 bytes.
        28 bytes for non-priority transmit transaction control blocks
        28 bytes for priority transmit transaction control blocks
        Priority outgoing message transaction control block uses 28 bytes of RAM.
                Of this amount, 10 bytes varies by firmware version.
        Some system RAM usage, for System Data and Transaction Blocks
                (totaling 439 bytes) varies by the Neuron model, the
                firmware version, and the number of receive
                transaction control blocks.
        NVRAM Signature  = 0000 @ 4000 .. 4001

Buffer Configuration Summary:

        Application input buffers: 7 at 146 bytes
        Application output buffers: 7 (normal) + 3 (prio) at 146 bytes
        Network input buffers: 7 at 146 bytes
        Network output buffers: 7 (normal) + 3 (prio) at 146 bytes

System Configuration Summary:

        Domains: 2 at 15 bytes each
        Addresses: 15 at 5 bytes each
        Aliases: 127 at 4 bytes each


End of Link Statistics
                             LIST OF SEGMENTS

 * FILE *                        * ROM *           * RAM *         * NVRAM *
 Type Name                   From  To   Len    From  To   Len    From  To   Len

C:\source\DevTools\ShortStack\dev\microserver\Field Compiler FX\IM\_MicroServer.no:
  Rel * Unnamed *             --   --   --      --   --   --     F024 F028 0005
  Rel * Unnamed *             --   --   --      --   --   --     F029 F02D 0005
  Rel %IsiMsgDeliver          --   --   --      --   --   --     4002 4016 0015
  Rel %IsiUpdateUserInterfa   --   --   --      --   --   --     4017 4022 000C
  Rel %IsiCreateCsmo          --   --   --      --   --   --     4023 4036 0014
  Rel %IsiGetPrimaryGroup     --   --   --      --   --   --     4037 4040 000A
  Rel %IsiGetAssembly         --   --   --      --   --   --     4041 404C 000C
  Rel %IsiGetNextAssembly     --   --   --      --   --   --     404D 4058 000C
  Rel %IsiGetNvIndex          --   --   --      --   --   --     4059 4063 000B
  Rel %IsiGetNextNvIndex      --   --   --      --   --   --     4064 4070 000D
  Rel %IsiGetWidth            --   --   --      --   --   --     4071 407B 000B
  Rel %IsiGetConnectionTabl   --   --   --      --   --   --     407C 407E 0003
  Rel %IsiGetConnection       --   --   --      --   --   --     407F 408B 000D
  Rel %IsiSetConnection       --   --   --      --   --   --     408C 409C 0011
  Rel %IsiQueryHeartbeat      --   --   --      --   --   --     409D 40A7 000B
  Rel %IsiGetNvValue          --   --   --      --   --   --     40A8 40BC 0015
  Rel %key                    --   --   --      --   --   --     40BD 40BE 0002
  Rel %ShortStackIsiStart     --   --   --      --   --   --     40BF 40D7 0019
  Rel %ShortStackIsiStop      --   --   --      --   --   --     40D8 40E0 0009
  Rel %ShortStackIsiCancelA   --   --   --      --   --   --     40E1 40E4 0004
  Rel %ShortStackIsiStartDe   --   --   --      --   --   --     40E5 40E5 0001
  Rel %ShortStackIsiFetchDe   --   --   --      --   --   --     40E6 40E6 0001
  Rel %ShortStackIsiFetchDo   --   --   --      --   --   --     40E7 40E7 0001
  Rel %IsiBackground          --   --   --      --   --   --     40E8 40F8 0011
  Rel %IsiMsgHandler          --   --   --      --   --   --     40F9 4122 002A
  Rel %IsiRespHandler         --   --   --      --   --   --     4123 4124 0002
  Rel %IsiStartRpcTimeout     --   --   --      --   --   --     4125 412A 0006
  Rel %IsiIsRpcTimeout        --   --   --      --   --   --     412B 412E 0004
  Rel %isiBufferAlloc         --   --   --      --   --   --     412F 4133 0005
  Rel %appVersion             --   --   --      --   --   --     4134 4136 0003
  Rel APINIT                  --   --   --      --   --   --     4137 4148 0012
  Rel TEVT                    --   --   --      --   --   --     4149 4150 0008
  Rel _%_MICROSERVER%INIT     --   --   --      --   --   --     4151 4156 0006
  Rel %isiType                --   --   --     E75C E75C 0001     --   --   -- 
  Rel _%_MICROSERVER%1        --   --   --      --   --   --     9CC0 9FFF 0340
  Rel * Unnamed *             --   --   --      --   --   --     F02E F5A6 0579
  Rel * Unnamed *             --   --   --      --   --   --     0000 0000 0001
  Abs * Unnamed *             --   --   --      --   --   --     F000 F023 0024

C:\PROGRAM FILES (X86)\LONWORKS\IMAGES\GEN.LIB(L_MSG1):
  Rel _msg_out_addr_ptr       --   --   --      --   --   --     4157 416E 0018

C:\PROGRAM FILES (X86)\LONWORKS\NEURONC\LIBRARIES\ISIFULL.LIB(COMPLEVT):
  Rel %isiPrepareSicb         --   --   --      --   --   --     416F 417B 000D

C:\SOURCE\DEVTOOLS\SHORTSTACK\DEV\MICROSERVER..\..\BIN\SHORTSTACK430ISI.LIB(L_MIPS20):
  Rel get_bitrate_id          --   --   --      --   --   --     417C 41CA 004F
  Rel is_eat_supported        --   --   --      --   --   --     41CB 41DE 0014
  Rel handle_incoming_messa   --   --   --      --   --   --     41DF 429F 00C1
  Rel handle_incoming_respo   --   --   --      --   --   --     42A0 4308 0069
  Rel convert_incoming_to_r   --   --   --      --   --   --     4309 4319 0011
  Rel save_neuron_c_env       --   --   --      --   --   --     431A 433A 0021
  Rel enter_flush_state       --   --   --      --   --   --     433B 433F 0005
  Rel handle_error            --   --   --      --   --   --     4340 4355 0016
  Rel set_sisd_invalid        --   --   --      --   --   --     4356 4365 0010
  Rel %MicroServer            --   --   --      --   --   --     4366 43C4 005F
  Rel microServerAllocLocal   --   --   --      --   --   --     43C5 440D 0049
  Rel microServerCore         --   --   --      --   --   --     440E 4535 0128
  Rel check_incoming_queues   --   --   --      --   --   --     4536 4546 0011
  Rel retrigger_rpc           --   --   --      --   --   --     4547 454B 0005
  Rel do_command_in_process   --   --   --      --   --   --     454C 4857 030C
  Rel process_nv_init         --   --   --      --   --   --     4858 4916 00BF
  Rel update_ram_pointers     --   --   --      --   --   --     4917 4920 000A
  Rel update_checksum         --   --   --      --   --   --     4921 492A 000A
  Rel reinit_alias_table      --   --   --      --   --   --     492B 495C 0032
  Rel isiRpcAck               --   --   --      --   --   --     495D 49A7 004B
  Rel %IsiRpc                 --   --   --      --   --   --     49A8 4A47 00A0
  Rel %shortStackBufferAllo   --   --   --      --   --   --     4A48 4A9F 0058
  Rel %get_us_flags           --   --   --      --   --   --     4AA0 4AB4 0015
  Rel sp_state                --   --   --     E7E8 E7FF 0018     --   --   -- 
  Rel shortstack_version      --   --   --      --   --   --     F7F9 F7FE 0006

C:\SOURCE\DEVTOOLS\SHORTSTACK\DEV\MICROSERVER..\..\BIN\SHORTSTACK430ISI.LIB(ISIAPI2):
  Rel rpcIsBusy               --   --   --      --   --   --     4AB5 4BA9 00F5
  Rel %isiRpcSequence         --   --   --     E7A0 E7E7 0048     --   --   -- 

C:\PROGRAM FILES (X86)\LONWORKS\NEURONC\LIBRARIES\ISIFULL.LIB(CORE):
  Rel %_IsiGetPeriod          --   --   --      --   --   --     4BAA 4FA5 03FC

C:\PROGRAM FILES (X86)\LONWORKS\NEURONC\LIBRARIES\ISIFULL.LIB(STOP):
  Rel %IsiStop                --   --   --      --   --   --     4FA6 4FB3 000E

C:\PROGRAM FILES (X86)\LONWORKS\NEURONC\LIBRARIES\ISIFULL.LIB(CANCELA):
  Rel %IsiCancelAcquisition   --   --   --      --   --   --     4FB4 4FC9 0016

C:\PROGRAM FILES (X86)\LONWORKS\NEURONC\LIBRARIES\ISIFULL.LIB(TICKDA):
  Rel %IsiTickDa              --   --   --      --   --   --     4FCA 5020 0057

C:\PROGRAM FILES (X86)\LONWORKS\NEURONC\LIBRARIES\ISIFULL.LIB(TICKS):
  Rel %IsiTickS               --   --   --      --   --   --     5021 5158 0138

C:\SOURCE\DEVTOOLS\SHORTSTACK\DEV\MICROSERVER..\..\BIN\SHORTSTACK430ISI.LIB(ISICTRL):
  Rel %isiControlledEnrollm   --   --   --      --   --   --     5159 51E7 008F

C:\PROGRAM FILES (X86)\LONWORKS\NEURONC\LIBRARIES\ISIFULL.LIB(MSGDA):
  Rel cmp_didrm               --   --   --      --   --   --     51E8 52A8 00C1
  Rel _isi_lastDidrm          --   --   --     E791 E79F 000F     --   --   -- 

C:\PROGRAM FILES (X86)\LONWORKS\NEURONC\LIBRARIES\ISIFULL.LIB(PRESTART):
  Rel %IsiPreStart            --   --   --      --   --   --     52A9 52A9 0001
  Rel _isiFirstStart          --   --   --      --   --   --     F7F8 F7F8 0001

C:\SOURCE\DEVTOOLS\SHORTSTACK\DEV\MICROSERVER..\..\BIN\SHORTSTACK430ISI.LIB(L_FSIO):
  Rel _fast_serial_input_SC   --   --   --      --   --   --     52AA 52FE 0055

C:\SOURCE\DEVTOOLS\SHORTSTACK\DEV\MICROSERVER..\..\BIN\SHORTSTACK430ISI.LIB(L_SCIPAD):
  Rel _fast_serial_input_SC   --   --   --      --   --   --     52FF 538B 008D
  Rel SCI_input_pad1          --   --   --      --   --   --     F7E8 F7F7 0010

C:\SOURCE\DEVTOOLS\SHORTSTACK\DEV\MICROSERVER..\..\BIN\SHORTSTACK430ISI.LIB(L_HDMSPI):
  Rel _fast_serial_input_SP   --   --   --      --   --   --     538C 53F9 006E

C:\SOURCE\DEVTOOLS\SHORTSTACK\DEV\MICROSERVER..\..\BIN\SHORTSTACK430ISI.LIB(L_SPIPAD):
  Rel _fast_serial_input_SP   --   --   --      --   --   --     53FA 54BD 00C4

C:\SOURCE\DEVTOOLS\SHORTSTACK\DEV\MICROSERVER..\..\BIN\SHORTSTACK430ISI.LIB(L_MIP):
  Rel _mip_IF2                --   --   --      --   --   --     54BE 54F5 0038

C:\PROGRAM FILES (X86)\LONWORKS\NEURONC\LIBRARIES\ISIFULL.LIB(RUNNING):
  Rel %IsiIsRunning           --   --   --      --   --   --     54F6 54F8 0003

C:\PROGRAM FILES (X86)\LONWORKS\IMAGES\GEN.LIB(L_DIAG):
  Rel retrieve_status         --   --   --      --   --   --     54F9 5503 000B

C:\PROGRAM FILES (X86)\LONWORKS\NEURONC\LIBRARIES\ISIFULL.LIB(APPCHG):
  Rel %IsiSetBootLevel        --   --   --      --   --   --     5504 5508 0005

C:\PROGRAM FILES (X86)\LONWORKS\IMAGES\GEN.LIB(L_MISC1):
  Rel go_configured           --   --   --      --   --   --     5509 551A 0012

C:\SOURCE\DEVTOOLS\SHORTSTACK\DEV\MICROSERVER..\..\BIN\SHORTSTACK430ISI.LIB(V4_30_04):
  Rel %usVersion              --   --   --      --   --   --     551B 551E 0004

C:\PROGRAM FILES (X86)\LONWORKS\IMAGES\GEN.LIB(L_ACCES8):
  Rel update_alias            --   --   --      --   --   --     551F 5526 0008

C:\PROGRAM FILES (X86)\LONWORKS\NEURONC\LIBRARIES\ISIFULL.LIB(CONNECT):
  Rel isi_become_host         --   --   --      --   --   --     5527 5855 032F

C:\PROGRAM FILES (X86)\LONWORKS\NEURONC\LIBRARIES\ISIFULL.LIB(IMPVER):
  Rel %IsiImplementationVer   --   --   --      --   --   --     5856 5857 0002

C:\PROGRAM FILES (X86)\LONWORKS\NEURONC\LIBRARIES\ISIFULL.LIB(PROTVER):
  Rel %IsiProtocolVersion     --   --   --      --   --   --     5858 5859 0002

C:\PROGRAM FILES (X86)\LONWORKS\NEURONC\LIBRARIES\ISIFULL.LIB(ACQDOM):
  Rel %IsiAcquireDomain       --   --   --      --   --   --     585A 5889 0030

C:\PROGRAM FILES (X86)\LONWORKS\NEURONC\LIBRARIES\ISIFULL.LIB(OPENE):
  Rel %IsiOpenEnrollment      --   --   --      --   --   --     588A 589B 0012

C:\PROGRAM FILES (X86)\LONWORKS\NEURONC\LIBRARIES\ISIFULL.LIB(RMCONN):
  Rel %IsiLeaveEnrollment     --   --   --      --   --   --     589C 5955 00BA

C:\PROGRAM FILES (X86)\LONWORKS\NEURONC\LIBRARIES\ISIFULL.LIB(ISCONN):
  Rel %IsiIsConnected         --   --   --      --   --   --     5956 5975 0020
  Rel %IsiIsAutomaticallyEn   --   --   --      --   --   --     5976 599B 0026

C:\PROGRAM FILES (X86)\LONWORKS\NEURONC\LIBRARIES\ISIFULL.LIB(ISBEHOST):
  Rel %IsiIsBecomingHost      --   --   --      --   --   --     599C 59AB 0010

C:\PROGRAM FILES (X86)\LONWORKS\NEURONC\LIBRARIES\ISIFULL.LIB(ISSUNVHB):
  Rel %IsiIssueHeartbeat      --   --   --      --   --   --     59AC 5A09 005E

C:\PROGRAM FILES (X86)\LONWORKS\NEURONC\LIBRARIES\ISIFULL.LIB(AUTOENRO):
  Rel %IsiInitiateAutoEnrol   --   --   --      --   --   --     5A0A 5A28 001F

C:\PROGRAM FILES (X86)\LONWORKS\NEURONC\LIBRARIES\ISIFULL.LIB(VARS):
  Rel %_isiVolatile           --   --   --     E778 E790 0019     --   --   -- 
  Rel %isi_out                --   --   --     E760 E777 0018     --   --   -- 
  Rel %_isiPersist            --   --   --      --   --   --     F7E2 F7E7 0006

C:\PROGRAM FILES (X86)\LONWORKS\NEURONC\LIBRARIES\ISIFULL.LIB(SETDOM):
  Rel %_IsiSetDomain          --   --   --      --   --   --     5A29 5A79 0051

C:\PROGRAM FILES (X86)\LONWORKS\NEURONC\LIBRARIES\ISIFULL.LIB(UPDDIAG):
  Rel %IsiUpdateDiagnostics   --   --   --      --   --   --     5A7A 5A7A 0001

C:\PROGRAM FILES (X86)\LONWORKS\IMAGES\GEN.LIB(L_ACCESS):
  Rel access_domain           --   --   --      --   --   --     5A7B 5A88 000E

C:\PROGRAM FILES (X86)\LONWORKS\NEURONC\LIBRARIES\ISIFULL.LIB(DOMTOOLS):
  Rel %_isi_memorize_domain   --   --   --      --   --   --     5A89 5A89 0001
  Rel %_isi_is_memorized_do   --   --   --      --   --   --     5A8A 5A8B 0002
  Rel %_isi_reset_primary_d   --   --   --      --   --   --     5A8C 5AA9 001E

C:\PROGRAM FILES (X86)\LONWORKS\NEURONC\LIBRARIES\ISIFULL.LIB(LENTAB):
  Rel %_isiMessageLengthTab   --   --   --      --   --   --     5AAA 5ABF 0016

C:\PROGRAM FILES (X86)\LONWORKS\NEURONC\LIBRARIES\ISIFULL.LIB(MANUAL):
  Rel isi_rcv_csmx            --   --   --      --   --   --     5AC0 5B24 0065

C:\PROGRAM FILES (X86)\LONWORKS\NEURONC\LIBRARIES\ISIFULL.LIB(RCVCSMC):
  Rel isi_rcv_csmc            --   --   --      --   --   --     5B25 5B48 0024

C:\PROGRAM FILES (X86)\LONWORKS\NEURONC\LIBRARIES\ISIFULL.LIB(RCVCSMD):
  Rel isi_rcv_csmd            --   --   --      --   --   --     5B49 5BCC 0084

C:\PROGRAM FILES (X86)\LONWORKS\IMAGES\GEN.LIB(L_ACCESX):
  Rel access_address          --   --   --      --   --   --     5BCD 5BDA 000E

C:\PROGRAM FILES (X86)\LONWORKS\IMAGES\GEN.LIB(L_ACCES6):
  Rel update_address          --   --   --      --   --   --     5BDB 5BE4 000A

C:\PROGRAM FILES (X86)\LONWORKS\NEURONC\LIBRARIES\ISIFULL.LIB(GETCFG):
  Rel _camisi_get_config_p2   --   --   --      --   --   --     5BE5 5BF7 0013

C:\PROGRAM FILES (X86)\LONWORKS\IMAGES\GEN.LIB(L_ACCES3):
  Rel update_config_data      --   --   --      --   --   --     5BF8 5C10 0019

C:\PROGRAM FILES (X86)\LONWORKS\NEURONC\LIBRARIES\ISIFULL.LIB(FGETNV):
  Rel %IsiGetNv               --   --   --      --   --   --     5C11 5C13 0003

C:\PROGRAM FILES (X86)\LONWORKS\NEURONC\LIBRARIES\ISIFULL.LIB(FSETALI):
  Rel %IsiSetAlias            --   --   --      --   --   --     5C14 5C16 0003

C:\PROGRAM FILES (X86)\LONWORKS\NEURONC\LIBRARIES\ISIFULL.LIB(FSETNV):
  Rel %IsiSetNv               --   --   --      --   --   --     5C17 5C19 0003

C:\PROGRAM FILES (X86)\LONWORKS\NEURONC\LIBRARIES\ISIFULL.LIB(DID):
  Rel _%DID%1                 --   --   --      --   --   --     5C1A 5C1C 0003
  Rel %IsiGetPrimaryDid       --   --   --      --   --   --     5C1D 5C28 000C

C:\PROGRAM FILES (X86)\LONWORKS\NEURONC\LIBRARIES\ISIFULL.LIB(RPTCNT):
  Rel %IsiGetRepeatCount      --   --   --      --   --   --     5C29 5C2A 0002

C:\PROGRAM FILES (X86)\LONWORKS\NEURONC\LIBRARIES\ISIFULL.LIB(UPDUI):
  Rel %_IsiUpdateUiAndState   --   --   --      --   --   --     5C2B 5C3B 0011

C:\PROGRAM FILES (X86)\LONWORKS\NEURONC\LIBRARIES\ISIFULL.LIB(TCSMR):
  Rel %_IsiTcsmr              --   --   --      --   --   --     5C3C 5C7B 0040
  Rel %_isiTcsmr              --   --   --     E75E E75F 0002     --   --   -- 

C:\PROGRAM FILES (X86)\LONWORKS\NEURONC\LIBRARIES\ISIFULL.LIB(RSNDCSMO):
  Rel isi_resend_csmo         --   --   --      --   --   --     5C7C 5C9C 0021

C:\PROGRAM FILES (X86)\LONWORKS\NEURONC\LIBRARIES\ISIFULL.LIB(SENDNVHB):
  Rel %_IsiIsHeartbeatCandi   --   --   --      --   --   --     5C9D 5CCF 0033
  Rel _isi_nextNv             --   --   --     E75D E75D 0001     --   --   -- 

C:\PROGRAM FILES (X86)\LONWORKS\NEURONC\LIBRARIES\ISIFULL.LIB(PERIODIC):
  Rel %IsiCreatePeriodicMsg   --   --   --      --   --   --     5CD0 5CD1 0002

C:\PROGRAM FILES (X86)\LONWORKS\IMAGES\GEN.LIB(L_MSG):
  Rel _resp_data_blockset     --   --   --      --   --   --     5CD2 5CD9 0008

C:\PROGRAM FILES (X86)\LONWORKS\IMAGES\GEN.LIB(L_ACCES7):
  Rel access_alias            --   --   --      --   --   --     5CDA 5CE2 0009

C:\PROGRAM FILES (X86)\LONWORKS\NEURONC\LIBRARIES\ISIFULL.LIB(SELCTRS):
  Rel * Unnamed *             --   --   --      --   --   --     5CE3 5D29 0047

C:\PROGRAM FILES (X86)\LONWORKS\NEURONC\LIBRARIES\ISIFULL.LIB(APPRCSMO):
  Rel isi_approve_csmo        --   --   --      --   --   --     5D2A 5DD4 00AB

C:\PROGRAM FILES (X86)\LONWORKS\NEURONC\LIBRARIES\ISIFULL.LIB(REPLSEL):
  Rel * Unnamed *             --   --   --      --   --   --     5DD5 5E64 0090

C:\PROGRAM FILES (X86)\LONWORKS\NEURONC\LIBRARIES\ISIFULL.LIB(ACCEPTE):
  Rel isi_tool_ppappp0        --   --   --      --   --   --     5E65 5ECE 006A

C:\PROGRAM FILES (X86)\LONWORKS\NEURONC\LIBRARIES\ISIFULL.LIB(ADDSEL):
  Rel isi_increment_selecto   --   --   --      --   --   --     5ECF 5EDC 000E

C:\PROGRAM FILES (X86)\LONWORKS\NEURONC\LIBRARIES\ISIFULL.LIB(INSELRNG):
  Rel isi_in_selector_range   --   --   --      --   --   --     5EDD 5EF2 0016

C:\PROGRAM FILES (X86)\LONWORKS\NEURONC\LIBRARIES\ISIFULL.LIB(IMPLEMNT):
  Rel _%IMPLEMNT%Bind         --   --   --      --   --   --     5EF3 6070 017E

C:\PROGRAM FILES (X86)\LONWORKS\NEURONC\LIBRARIES\ISIFULL.LIB(L_SETDOM):
  Rel update_domain_address   --   --   --      --   --   --     6071 6079 0009

C:\PROGRAM FILES (X86)\LONWORKS\NEURONC\LIBRARIES\ISIFULL.LIB(FSETDOM):
  Rel %IsiSetDomain           --   --   --      --   --   --     607A 607F 0006

C:\PROGRAM FILES (X86)\LONWORKS\IMAGES\GEN.LIB(L_ACCES5):
  Rel update_domain           --   --   --      --   --   --     6080 6092 0013

C:\PROGRAM FILES (X86)\LONWORKS\NEURONC\LIBRARIES\ISIFULL.LIB(CIDMATCH):
  Rel isi_cid_match           --   --   --      --   --   --     6093 609C 000A

C:\PROGRAM FILES (X86)\LONWORKS\NEURONC\LIBRARIES\ISIFULL.LIB(FGETALI):
  Rel %IsiGetAlias            --   --   --      --   --   --     609D 609F 0003

C:\PROGRAM FILES (X86)\LONWORKS\IMAGES\GEN.LIB(L_ACCES1):
  Rel update_nv               --   --   --      --   --   --     60A0 60A7 0008

C:\PROGRAM FILES (X86)\LONWORKS\NEURONC\LIBRARIES\ISIFULL.LIB(GRPOK):
  Rel * Unnamed *             --   --   --      --   --   --     60A8 60E2 003B
                           SYMBOLS BY ADDRESS

#   0001 _idem_dup                      #   0403 _timer_sset_repeat             
#   0002 _tx_by_addr                    #   0418 _timer_get                     
#   0005 _larva_break                   #   041F timers_off                     
#   0009 _larva_suspend                 #   0429 _unpack_nibs                   
#   000D _push1                         #   0432 _memcpy                        
#   000F _push                          #   0435 _memcpy1                       
#   0013 _pop1                          #   043D _memset8                       
#   0015 _pop                           #   0444 _memset                        
#   0019 _alloc                         #   0445 _memset1                       
#   001E _dealloc                       #   044E _save_ptrs                     
#   0020 _drop_n                        #   0457 _restore_ptrs                  
#   0024 _drop_n_return_1               #   045F _register_call                 
#   0026 _drop_n_preserve_1             #   0465 _add_8_16                      
#   002A _drop_n_return_2               #   04B0 delay_1msec                    
#   002C _drop_n_preserve_2             #   04B6 msec_delay                     
#   003E _get_sp                        #   04B9 delay                          
#   0040 _query_stats                   #   04BB scaled_delay                   
#   0046 _bump_ptr                      #   04C4 _iteration16                   
#   0046 _add_8_16f                     #   04F2 flush_cancel                   
#   0048 _inc16                         #   04F4 _sys_flag_clear                
#   004B _xch_inc_xch                   #   04F7 _free_rcvtx_by_domain          
#   004E _sign_extend16                 #   0502 _sys_flag_set                  
#   0054 _dec16                         #   0521 _mip_L4                        
#   005B _ldP0_fetchl                   #   0522 _mip_L5                        
#   007B watchdog_update                #   0546 _mip_L1                        
#   007D watchdog_update_old            #   0567 _mip_L2                        
#   0080 _new_binding_constraints       #   057A _set_typeout                   
#   0081 _cpu_halt_check                #   059F _mip_T1                        
#   0086 _larva_L1                      #   05D5 _get_address                   
#   0093 _larva_L2                      #   05F4 _get_domain                    
#   00AF _node_reset                    #   0674 _memcmp1                       
#   00AF node_reset                     #   068B _index_to_addr                 
#   00BE _arb_presf                     #   0693 _eeprom_write                  
#   00BF _r_shift8_7                    #   0695 _ee_write_int                  
#   00C0 _r_shift8_6                    #   0695 _eeprom_far_write              
#   00C1 _r_shift8_5                    #   0698 _eeprom_write_long             
#   00C2 _r_shift8_4                    #   069A _ee_write_long                 
#   00C3 _r_shift8_3                    #   069A _eeprom_far_write_long         
#   0191 _mip_L6                        #   06A8 _ee_memcpy_uncond              
#   0348 _timer_update                  #   06AC _ee_memcpy                     
#   0378 _app_watchdog                  #   06AC _memcpy8                       
#   0381 _rel_sem2                      #   06AF _get_error_log                 
#   0386 _get_sem2                      #   06BC _sys_error_log                 
#   03C4 _timer_events                  #   06BF error_log                      
#   03E4 _timer_expires                 #   06D0 _raw_error_log                 
#   03F1 _timer_expires_any             #   071E _change_state                  
#   03F4 _timer_off                     #   074F _disable_callbacks             
#   03F8 _timer_mset                    #   0752 _enable_callbacks              
#   03FA _timer_mset_repeat             #   075E _check_configured              
#   03FF _timer_sset                    #   07CF _adjust_checksum1              
#   07EA _get_appsum_location           #   0B82 _equal8                        
#   08FA post_events                    #   0B84 _equal16                       
#   0919 set_eeprom_lock                #   0B86 _lognot16                      
#   0A28 abs8_twice                     #   0B87 _lognot8                       
#   0A2F _lshift8by2_add16              #   0B89 _log16                         
#   0A31 _lshift8by1_add16              #   0B8A _log8                          
#   0A33 _lshift8_add16                 #   0B8F _r_shift8                      
#   0A35 _lshift16_add16                #   0B97 _r_shift8s                     
#   0A38 _adds_8_16                     #   0BA0 _l_shift8                      
#   0A3A _add16                         #   0BA0 _l_shift8s                     
#   0A41 _mul8l                         #   0BBB _l_shift16s                    
#   0A43 _muls_8_16                     #   0BBB _l_shift16                     
#   0A46 _mul_8_16                      #   0BC7 _r_shift16                     
#   0A48 _mul16                         #   0BD6 _r_shift16s                    
#   0A48 _mul16s                        #   0BE5 _l_shift8_7                    
#   0A59 _mul8                          #   0BE6 _l_shift8_6                    
#   0A62 _div32_16_core                 #   0BE7 _l_shift8_5                    
#   0A98 _div32_16                      #   0BE8 _l_shift8_4                    
#   0A9D _div8                          #   0BE9 _l_shift8_3                    
#   0AA5 _div16                         #   0BED random                         
#   0AB7 _div8s                         #   0BF1 _msg_free                      
#   0ABF _mod8s                         #   0BFE _resp_free                     
#   0AC9 _abs8                          #   0C0B _clear_apps_flags              
#   0AD0 _mod16                         #   0C0F _msg_alloc_priority            
#   0AD7 _div16s                        #   0C11 _msg_alloc                     
#   0AE2 _mod16s                        #   0C21 _resp_alloc                    
#   0AF0 _max8                          #   0C40 _msg_send                      
#   0AF5 _min8                          #   0C40 _resp_send                     
#   0AFA _max8s                         #   0C71 _msg_alloc_wait                
#   0AFF _min8s                         #   0C7E _msg_cancel                    
#   0B05 _mod8                          #   0C7E _resp_cancel                   
#   0B0E _max16                         #   0CA0 _bound_mt                      
#   0B13 _min16                         #   0CC5 _wink                          
#   0B18 _max16s                        #   0CC8 _msg_receive                   
#   0B1D _min16s                        #   0CCA _msg_arrives                   
#   0B25 _sub16                         #   0CCC _msg_code_arrives              
#   0B31 _mul8ls                        #   0CDB _set_apps_flags                
#   0B3A _abs16                         #   0CDF _msg_fails                     
#   0B3E _minus16s                      #   0CE2 _msg_completes                 
#   0B44 _not16                         #   0CE5 _msg_succeeds                  
#   0B49 _and16                         #   0CE8 _resp_receive                  
#   0B4E _or16                          #   0CEC _resp_arrives                  
#   0B53 _xor16                         #   0D26 _msg_data_blockset             
#   0B58 _gequ8s                        #   0D63 _msg_priority_set              
#   0B5E _gequ16s                       #   0D6E _resp_code_set                 
#   0B65 _less16                        #   0D70 _resp_data_set                 
#   0B69 _less8                         #   0D78 _msg_code_set                  
#   0B6D _signs_differ16                #   0D7A _msg_data_set                  
#   0B73 _gequ16                        #   0D8B _msg_auth_set                  
#   0B77 _gequ8                         #   0D8F _msg_service_set               
#   0B7C _less8s                        #   0D93 _msg_tag_set                   
#   0B7F _less16s                       #   0D93 _msg_tag_set1                  
#   0D98 _msg_byte_set                  #   164D _nv_count                      
#   0D98 _msg_addr_set                  #   1651 _nv_get_cnfg_p_pri             
#   0D9C _msg_out_set                   #   165E _nv_get_cnfg_p                 
#   0DCA _msg_code_get                  #   166A _nv_get_cnfg_p1                
#   0DCA _msg_code_get_ex               #   1672 _nv_get_alias_p                
#   0DCC _msg_data_get                  #   1688 _nv_get_fixed_p                
#   0DD0 _msg_auth_get                  #   1830 _get_auth_std                  
#   0DD4 _msg_service_get               #   1875 _get_rcvtx_p                   
#   0DD9 _msg_addr_get                  #   1904 _nm_set_nk                     
#   0DD9 _msg_byte_get                  #   19D8 make_apdu_p                    
#   0DDE _msg_in_get                    #   19F2 _service_pin_send              
#   0E0D _msg_len_get                   #   19F3 _nm_service_send               
#   0E0D _msg_len_get_ex                #   19FA _bitshift_input                
#   0E12 _msg_data_blockget             #   1A1B _init_baud                     
#   0F4B _nv_update_int                 #   1A1F _A_delay_pd                    
#   0F4C _nv_update_int_offset          #   1A21 _A_delay                       
#   0F51 _nv_update_long                #   1A22 _A_delay_b                     
#   0F52 _nv_update_long_offset         #   1A28 _sio_load_delay                
#   0F57 _nv_update                     #   1A31 set_base2p                     
#   0F5C _nv_update_request             #   1A36 set_base_p                     
#   0F5C _nv_poll                       #   1A3B _bit_input                     
#   0F5C _nv_update_request1            #   1A3D _nibble_input                  
#   0F6C _nv_poll_all                   #   1A51 _byte_input                    
#   0F72 _nv_array_poll                 #   1A55 _leveldetect_input             
#   0FAC _nv_update_occurs              #   1A6B _init_io_pins                  
#   0FAD _nv_array_update_occurs        #   1A97 _io_direction_hi               
#   0FF7 _nv_update_fails               #   1A97 _io_direction_hi2              
#   0FF8 _nv_array_update_fails         #   1A99 _io_direction_lo               
#   0FFD _nv_update_succeeds            #   1A9B _bit_output_ext                
#   0FFE _nv_array_update_succeeds      #   1A9B _bit_output_ext2               
#   1001 _nv_update_completes           #   1A9F _bit_output_hi                 
#   1002 _nv_array_update_completes     #   1AA1 _bit_output_lo2                
#   1012 _bound_nv1                     #   1AA3 _bit_output_lo1                
#   1012 _bound_nv                      #   1AAB _nibble_output                 
#   102B _io_change_init                #   1AB3 _byte_output                   
#   104B _io_changes_to                 #   1AC7 _set_tco_p                     
#   1056 _io_changes_by                 #   1ADA _loader_prep                   
#   106A _io_changes                    #   1B07 _pulsewidth_output             
#   106F _io_update_occurs              #   1B13 _frequency_output              
#   1085 _io_input_value                #   1B13 _triggered_count_output        
#   108C application_restart            #   1B2B _oneshot_output                
#   10AE _preempt                       #   1B30 _triac_pulse_output            
#   10E3 offline_confirm                #   1B38 _triac_level_output            
#   10F1 _offline                       #   1B38 _triac_output                  
#   10FF _online                        #   1B3A _loader_go                     
#   1104 online_confirm                 #   1B45 _pulsecount_output             
#   1141 go_offline                     #   1B87 _totalize_input                
#   1146 flush                          #   1B93 _ontime_input                  
#   1151 _flush_completes               #   1B93 _pulsecount_input              
#   1183 _sleep                         #   1B93 _period_input                  
#   1198 retrieve_xcvr_status           #   1BC1 _quadrature_input              
#   1649 _alias_count                   #   1BEC _select_mux                    
#   1BF0 _alter_icntrl_g                #   34FB _bitshift_setup                
#   1BF8 _select_input_fn               #   352A _get_si_data_ptr               
#   1C17 _io_set_clock                  #   362C siuspi_init                    
#   1C29 _init_timer_counter1           #   363D siu_writeloop                  
#   1C2B _init_timer_counter2           #   364D siuspi_cmp_a3                  
#   1C78 _parallel_output_request       #   364F siuspi_read_a3                 
#   1C7A clear_pio_request              #   3651 siuspi_read_a3nc               
#   1C7F _parallel_input_ready          #   3675 siuspi_idlewait                
#   1CAB _parallel_output_ready         #   3680 siuspi_idledecs                
#   1CB9 _parallel_input                #   3686 siuspi_initw3                  
#   1CCC _parallel_output               #   3688 siuspi_write3                  
#   1E2B _mac_L1                        #   3692 siuspi_initw4                  
#   2104 _scheduler_loop                #   3694 siuspi_write4                  
#   235C _larva_L3                      #   3699 siuspi_wren                    
#   26B0 _net_mgmt_processing           #   369A siuspi_inst1                   
#   2740 _update_address                #   36C7 siuspi_rdsr                    
#   27A0 _self_installation             #   36DF crc16_ccitt                    
#   27A2 _calculate_cnfg_checksum       #   3981 _pushd1                        
#   27AA _leave_indexed_domain          #   3983 _pushd                         
#   282D chksum_recalc_mode             #   3989 _popd1                         
#   2BA6 _build_status                  #   398B _popd                          
#   2C21 clear_status                   #   3991 preemption_mode                
#   2D15 _get_prit_p                    #   3999 _nv_update_request_all         
#   2D24 _get_prt_p                     #   399F _nv_array_update_request       
#   3008 _set_ram_ptrs                  #   39B0 service_pin_msg_send           
#   305E _checksum_generate             #   39BB service_pin_state              
#   3259 set_irq_debugging              #   39C4 muldiv24                       
#   32DF io_set_isr                     #   39FD muldiv24s                      
#   32FE io_idis                        #   3A13 crc16                          
#   3300 io_iena                        #   3A32 crc8                           
#   3307 io_mask_isr                    #   3A46 _neurowire_inv_master          
#   331A io_itc_cond                    #   3A81 _muxbus_read                   
#   331F io_itc_clear                   #   3A93 _muxbus_reread                 
#   3324 io_iaccess                     #   3A9E _muxbus_write                  
#   3335 io_irelease                    #   3AAD _muxbus_rewrite                
#   333A io_iperiod                     #   3AB8 _dualslope_input               
#   336D _io_sci_parity                 #   3AD9 _dualslope_start               
#   3377 _io_scispi_output_ready        #   3AE5 _edgelog_input                 
#   3380 _io_scispi_input_ready         #   3B20 _io_set_clock_x2               
#   3384 _io_sci_get_error              #   3B28 io_edgelog_preload             
#   3387 _io_spi_get_error              #   3B37 %fl_cmp                        
#   3392 _io_spi_init                   #   3B69 %fl_eq                         
#   33AA _io_spi_clock                  #   3B6B %fl_gt                         
#   33C9 _io_scispi_abort               #   3B6D %fl_lt                         
#   33D7 _io_sci_init                   #   3B73 %fl_ne                         
#   33E9 _io_sci_baud                   #   3B75 %fl_ge                         
#   3404 _io_sci_set_buffer_in          #   3B78 %fl_le                         
#   3408 _io_sci_set_buffer_out         #   3B80 %fl_zero                       
#   343A _io_spi_set_buffer             #   3B84 %fl_sub                        
#   34B3 _eefar_init                    #   3B8F %fl_add                        
#   34BC _extended_version_number       #   3CD8 %fl_mul                        
#   34C2 _bitshift_output               #   3D47 %fl_div                        
#   3E21 %ump_cmp                       .   413A RESET                          
#   3E39 %fl_neg                        .   4149 TEVT                           
#   3E49 %fl_copy                       .   4151 _%_MICROSERVER%INIT            
#   3E4B %fl_copy1                      .   4156 _%_MICROSERVER%INITV           
#   3E5C %fl_arg2_zero                  #   4157 _msg_out_addr_ptr              
#   3E5E %fl_arg3_zero                  #   4166 _resp_in_addr_ptr              
#   3E6F %fl_compare_exp                #   4169 _msg_in_addr_ptr               
#   3E7C %fl_adjust_exp                 #   416F %isiPrepareSicb                
#   3E94 %fl_setup                      .   417C get_bitrate_id                 
#   3EFC %fl_finish                     .   4186 _fast_serial_input             
#   3FFF _image_end                     .   4187 _fast_serial_input2            
#   4000 _extended_start                .   419D _fast_serial_output2_wait      
#   4002 %IsiMsgDeliver                 .   419E _fast_serial_output_wait       
#   4017 %IsiUpdateUserInterface        .   41A4 _fast_serial_output            
#   4023 %IsiCreateCsmo                 .   41A5 _fast_serial_output2           
#   4037 %IsiGetPrimaryGroup            .   41BB check_host_ready               
#   4041 %IsiGetAssembly                .   41BB check_host_busy                
#   404D %IsiGetNextAssembly            .   41CB is_eat_supported               
#   4059 %IsiGetNvIndex                 .   41D1 get_address_count              
#   4064 %IsiGetNextNvIndex             .   41DF handle_incoming_message        
#   4071 %IsiGetWidth                   .   4202 check_isi_msg                  
#   407C %IsiGetConnectionTableSize     .   427E process_ul_msg_done            
#   407F %IsiGetConnection              .   4280 process_ul_nv                  
#   408C %IsiSetConnection              .   4297 send_sicb_ul                   
#   409D %IsiQueryHeartbeat             .   429A free_incoming_app_buf          
#   40A8 %IsiGetNvValue                 .   42A0 handle_incoming_response       
#   40BD %key                           .   4309 convert_incoming_to_response   
#   40BF %ShortStackIsiStart            .   431A save_neuron_c_env              
.   40D1 %ShortStackIsiStart%0          .   4328 restore_neuron_c_env           
.   40D7 %ShortStackIsiStart%2          .   433B enter_flush_state              
.   40D7 %ShortStackIsiStart%1          .   4340 handle_error                   
#   40D8 %ShortStackIsiStop             .   4356 set_sisd_invalid               
#   40E1 %ShortStackIsiCancelAcquisit>> .   435F set_sisd_valid                 
#   40E5 %ShortStackIsiStartDeviceAcq>> #   4366 %MicroServer                   
#   40E6 %ShortStackIsiFetchDevice      #   4366 %mip_s23_interface             
#   40E7 %ShortStackIsiFetchDomain      .   43C0 main_loop                      
#   40E8 %IsiBackground                 .   43C5 microServerAllocLocals2        
.   40F5 %IsiBackground%1               .   43DD microServerAllocLocals         
.   40F8 %IsiBackground%2               .   43F5 microServerDeallocLocals       
.   40F8 %IsiBackground%0               .   440E microServerCore                
#   40F9 %IsiMsgHandler                 .   448E uplink_reset                   
.   410F %IsiMsgHandler%2               .   4509 check_local_done               
.   4110 %IsiMsgHandler%1               .   452E check_wdt                      
.   4112 %IsiMsgHandler%0               .   4536 check_incoming_queues          
.   4121 %IsiMsgHandler%5               .   4547 retrigger_rpc                  
.   4122 %IsiMsgHandler%3               .   454C do_command_in_processing       
#   4123 %IsiRespHandler                .   455B check_for_nv                   
#   4125 %IsiStartRpcTimeout            .   458D check_reset                    
#   412B %IsiIsRpcTimeout               .   45A0 check_offline                  
#   412F %isiBufferAlloc                .   45B5 do_flush_cancel                
#   4134 %appVersion                    .   45C0 check_isi_downlink             
.   4137 APINIT                         .   45C9 isi_rpc_call                   
.   45E1 isi_dealloc_buffer             #   4C64 _isi_msg_out_clear             
.   4648 application_change             #   4C6D %_IsiSendDrum                  
.   4655 process_appinit_misc           #   4C6D _isi_send_drum                 
.   4671 write_nv_count                 #   4CB1 %_IsiBroadcastAsm              
.   4690 write_rods1_nv_count           #   4CDE %_IsiSendIsi                   
.   469B recalc_nv_fixed                #   4CE0 %_IsiSend                      
.   46C8 write_comm_para                #   4CEF %IsiApproveMsg                 
.   46DB write_program_id               #   4D1E %IsiProcessMsgS                
.   46EB write_app_signature            .   4D7D tpftset                        
.   46FA process_appinit_done           .   4D82 plcnset                        
.   46FE check_usop                     #   4D8F %_IsiReceiveTimg               
.   46FE check_appinit_done             #   4D8F isi_rcv_timg                   
.   47E4 check_nv_init                  #   4DBB %_IsiSelectTransportProps      
.   47E4 usop_done                      .   4DBB _isi_transport_properties      
.   47EA send_explicit_message          #   4E16 _isi_alloc_connection          
.   481A process_packet                 #   4E18 _isi_alloc                     
.   4858 process_nv_init                .   4E22 _isi_init_dppp                 
.   48B9 nvinit_this_nv                 #   4E27 %IsiReturnToFactoryDefaults    
.   48F5 nvinit_done_this               .   4E32 isi_fetch_nv_selhi_p0          
.   4913 nvinit_cleanup                 #   4E3A %_IsiInitialize                
.   4917 update_ram_pointers            #   4E3A %IsiStartS                     
.   4921 update_checksum                #   4E3A %IsiStartDa                    
.   492B reinit_alias_table             .   4E3A isi_init                       
.   495D isiRpcAck                      .   4F5B isi_masked_clr_connection      
#   49A8 %IsiRpc                        .   4F75 isi_clear_connection           
#   4A48 %shortStackBufferAlloc         .   4F83 isi_pending_connection_P2      
#   4AA0 %get_us_flags                  .   4F85 isi_connection_P2              
#   4AA4 %clear_us_flags                .   4F8C isi_next_connection            
#   4AA9 %set_us_flags                  #   4FA0 isi_address_count              
#   4AB0 %shortStackInPreempt           #   4FA6 %IsiStop                       
.   4AB5 rpcIsBusy                      #   4FB4 %IsiCancelAcquisition          
#   4ABB %isiCheckRpc                   #   4FCA %IsiTickDa                     
#   4AC5 %isiRpcDispatcher              #   5021 %IsiTickS                      
#   4BAA %_IsiGetPeriod                 #   5159 %isiControlledEnrollment       
.   4BAA isi_get_period                 .   51CF send_ctrp                      
#   4BB8 %_IsiAllocSlot                 .   51DA send_response                  
.   4BB8 isi_alloc_slot                 .   51E8 cmp_didrm                      
.   4BC1 isi_alloc_node                 #   51F1 %IsiProcessMsgDa               
#   4BC1 %_IsiAllocNode                 #   52A9 %IsiPreStart                   
#   4BC5 %_IsiAllocSubnet               #   52AA _fast_serial_input_SCI         
.   4BC5 isi_alloc_subnet               #   52AB _fast_serial_input2_SCI        
#   4BD0 %_IsiRand                      #   52DD _fast_serial_output_SCI        
#   4BD0 isi_rand                       #   52DE _fast_serial_output2_SCI       
#   4BD5 _isi_set_prim_domain           #   52FF _fast_serial_input_SCI_pad     
#   4BE6 %_IsiConditionalDiagnostics    #   5300 _fast_serial_input2_SCI_pad    
.   4BE6 isi_cond_diagnostics           #   534C delay_22n_cycles               
#   4BEF %_IsiMemcmp                    #   5355 delay_11n_cycles               
#   4BF8 _isi_get_msg_in_p2             #   535B _fast_serial_output_SCI_pad    
#   4BFC %_IsiGetMsgInDataPtr           #   535C _fast_serial_output2_SCI_pad   
#   4C04 %_IsiReceiveDrumS              #   538C _fast_serial_input_SPI         
.   4C04 _isi_rcv_drum_s                #   538D _fast_serial_input2_SPI        
.   4C5B _isi_get_domain_id             #   53C8 _fast_serial_output_SPI        
#   53C9 _fast_serial_output2_SPI       .   57E0 rcv_csmi_write_sel_p0          
#   53FA _fast_serial_input_SPI_pad     .   57E1 rcv_csmi_write_sel             
#   53FB _fast_serial_input2_SPI_pad    .   57E6 rcv_csmi_ssati                 
#   546C _fast_serial_output_SPI_pad    #   5815 %IsiCancelEnrollment           
#   546D _fast_serial_output2_SPI_pad   #   5831 %IsiExtendEnrollment           
.   54BE _mip_outgoing_l5               #   5834 %IsiCreateEnrollment           
.   54BE _smip_system_image             #   5835 isi_make_enrollment            
.   54BE _mip_outgoing                  .   5846 isi_make_couldBeHost           
#   54BE _mip_IF2                       #   5856 %IsiImplementationVersion      
.   54C5 _mip_incoming                  #   5858 %IsiProtocolVersion            
#   54C5 _mip_IF1                       #   585A %IsiAcquireDomain              
.   54C5 _mip_incoming_l5               .   5876 isi_acquire_domain             
#   54E1 _mip_IF3                       #   5876 %_IsiAcquireDomain             
.   54E1 _mip_alloc                     #   588A %IsiOpenEnrollment             
.   54E1 _mip_alloc_l5                  #   589C %IsiLeaveEnrollment            
#   54F1 _mip_IF4                       #   589E %IsiDeleteEnrollment           
.   54F1 _mip_free                      #   589F %_IsiRemoveConnectionIfNormal  
.   54F2 _mip_cancel                    #   58A3 %_IsiRemoveConnection          
#   54F2 _mip_IF5                       #   58F7 %_IsiRemovePtrConnection       
.   54F5 _mip_set_mode                  #   5956 %IsiIsConnected                
#   54F5 _mip_IF7                       #   5976 %IsiIsAutomaticallyEnrolled    
#   54F6 %IsiIsRunning                  #   599C %IsiIsBecomingHost             
#   54F9 retrieve_status                #   59AC %IsiIssueHeartbeat             
#   5504 %IsiSetBootLevel               #   5A0A %IsiInitiateAutoEnrollment     
#   5509 go_configured                  #   5A29 %_IsiSetDomain                 
#   550D go_unconfigured                #   5A7A %IsiUpdateDiagnostics          
#   551B %usVersion                     #   5A7B access_domain                  
#   551F update_alias                   #   5A7F _access_check                  
.   5527 isi_become_host                #   5A89 %_isi_memorize_domain          
.   55BC isi_have_AtLeastOneNvo         #   5A8A %_isi_is_memorized_domain      
#   55DA isi_rcv_csmo                   #   5A8C %_isi_reset_primary_domain     
.   55F6 isi_rcv_pcsmo                  #   5AAA %_isiMessageLengthTable        
#   5691 %_IsiSendCsme                  .   5AC0 isi_rcv_csmx                   
.   5691 isi_send_csme                  .   5AE6 isi_rcv_csme                   
#   569A %_IsiSendCsmx                  .   5B25 isi_rcv_csmc                   
.   569A isi_send_csmx                  .   5B49 isi_rcv_csmd                   
.   569E isi_send_csmex                 .   5B7B isi_sweep_address_table_drop_n 
.   56AC isi_send_csm_x                 .   5B7D isi_sweep_address_table        
.   56AD isi_send_csm_x_p2              #   5BCD access_address                 
#   56BB %_IsiSendCsmi                  #   5BD2 access_nv                      
.   56BB isi_send_csmi                  #   5BDB update_address                 
.   56BC isi_send_csmi_p2nof            .   5BE5 _camisi_get_config_p2          
.   56BD isi_send_csmi_p2               #   5BF8 update_config_data             
.   56DA isi_send_csmr                  #   5BFF _update_record                 
#   56DA %_IsiSendCsmr                  #   5C11 %IsiGetNv                      
.   56DB isi_send_csmr_p2               #   5C14 %IsiSetAlias                   
.   5713 isi_alloc_fetch_connection_i   #   5C17 %IsiSetNv                      
.   571E isi_rcv_csmi                   .   5C1A _%DID%1                        
.   5730 rcv_csmi_try_next_index        #   5C1D %IsiGetPrimaryDid              
.   574B rcv_csmi_test_next_collission  #   5C29 %IsiGetRepeatCount             
.   5789 rcv_csmi_coll_step2            #   5C2B %_IsiUpdateUiAndStateEnroll    
.   57BA rcv_csmi_sel_upd_cand          #   5C2E %_IsiUpdateUiAndStateTimeout   
#   5C32 %_IsiUpdateUiAndState          c   8000 _extended_onchip_eeprom        
#   5C35 %_IsiUpdateUiNormal            #   8000 __num_transient_app            
#   5C36 %_IsiUpdateUi                  #   8000 __max_transient_app            
#   5C3C %_IsiTcsmr                     c   8000 _size_sys_ramvars              
#   5C69 isi_p2_condition_tcsmr         c   8001 _sysimgext_nv_length_override  
#   5C7C %_IsiResendCsmo                #   8001 _alternate_clocking            
.   5C7C isi_resend_csmo                c   8001 _ee_reserved_offset            
#   5C9D %_IsiIsHeartbeatCandidate      c   8001 _extended_io_count             
#   5CAB %_IsiSendNvHb                  c   8001 _feature_set_1                 
#   5CD0 %IsiCreatePeriodicMsg          c   8001 _field_debug                   
#   5CD2 _resp_data_blockset            c   8001 _memory_forwarding             
#   5CDA access_alias                   #   8001 _oma                           
#   5CFA %_IsiGetSelectors              c   8001 _ram_test_power_up_only        
.   5D2A isi_approve_csmo               c   8001 _sci_spi_supported             
.   5D54 apprcsmo_next_conn             #   8001 _system_image_extensions       
.   5DDF %_IsiGetNextNvx                c   8001 _sysimgext_proxy               
.   5DE0 %_IsiGetNextNvx1               c   8001 _sysimgext_phase               
#   5E19 %_IsiReplaceSelectors          #   8001 _supports_explicit_addressing  
.   5E57 %_IsiGetNextNvIndexEx          c   8001 _set_nv_length_valid           
.   5E65 isi_tool_ppappp0               #   8001 _stretched_triac_supported     
.   5E6E isi_accept_enrollment          c   8001 _size_proxy_route_index_entry  
.   5ECF isi_increment_selector         c   8001 _eevar_offset                  
#   5ED1 isi_add_selector               #   8002 _nm_version                    
.   5EDD isi_in_selector_range          c   8002 _read_only_data_struct_version 
.   5EDE isi_in_selector_range_ex       #   8002 _min_context4_multiplier       
.   5EF3 _%IMPLEMNT%Bind                c   8003 _extended_onchip_eedata        
.   5F66 isi_set_nv_x                   #   8003 _sci_spi_features              
.   5F75 send_csmx                      c   8003 _size_nv_cnfg                  
.   5F7F isi_implement_sec_enrollment   c   8003 _size_nv_fix                   
.   5FAF imes_evaluate                  c   8003 _size_io_change_event          
.   5FEA isi_p2_pending                 c   8004 _size_nv_alias                 
.   5FF1 isi_d1_implement_enrollment    c   8004 _size_timer                    
.   5FF2 isi_implement_enrollment       c   8004 _size_evn                      
#   6071 update_domain_address          c   8005 _size_addr_tbl_entry           
#   607A %IsiSetDomain                  #   8008 _build_number                  
#   6080 update_domain                  c   800C _size_proxy_route_entry        
.   6093 isi_cid_match                  c   800D _size_rcv_tx                   
#   609D %IsiGetAlias                   c   800F _size_domain_entry             
#   60A0 update_nv                      c   8010 _evn_byte_3                    
.   60BD isi_is_group_acceptable        c   8013 _system_version                
c   8000 _evn_byte_1                    c   8013 _evn_byte_4                    
c   8000 _feature_set_2                 c   801C _size_tx_ctl_blk               
c   8000 _larva_clear_off               #   8031 _nm_capabilities               
#   8000 _programmable_driver_strength  c   80BE _arbitrary_preempt_safe        
c   8000 _sidata_last_eecode            #   80FF _nv_count_mask                 
c   8000 _evn_byte_2                    #   80FF _nv_all                        
c   8000 _programmable_lvi              #   8100 _size_app_basepg               
c   8000 _size_sys_eevars               #   811F _interrupt_capability          
c   8000 _disable_dynamic_xcvr_config   c   82BD _sysram_base_usage             
c   8000 _sio_near                      .   9CC0 _%_MICROSERVER%1               
#   8000 _system_version_minor          #   E75C %isiType                       
c   8000 _const_mask                    .   E75D _isi_nextNv                    
#   E75E %_isiTcsmr                     #   E97F %fl_temp2                      
#   E760 %isi_out                       #   E983 %s32_temp3                     
#   E778 %_isiVolatile                  #   E983 %fl_intl_temp                  
.   E791 _isi_lastDidrm                 #   E99B _last_retry_extra_time         
#   E7A0 %isiRpcSequence                #   E9AF _sys_callback_address          
#   E7A1 %isiRpcReturnValue             #   E9B1 BASEPG3                        
#   E7A2 %isiRpcReturnData              #   E9B1 _larva_L5                      
.   E7C1 rpc_api_call                   #   E9BC input_is_new                   
.   E7E8 sp_state                       #   E9BC _dbg_input_is_new              
.   E7E9 serial_interface_type          #   F000 read_only_data                 
.   E7EA neuron_c_env                   #   F000 eeNeuronID                     
.   E7EE loc_hi                         .   F008 DIRECTORY                      
.   E7EF loc_lo                         #   F008 eeNVFixedPtr                   
.   E7F0 isirpc_uplink                  .   F00A PROTECTBIT                     
.   E7F7 us_flags                       #   F00B eeSNVTPtr                      
#   E7F8 USMONITOR                      #   F00D eeIDString                     
#   E800 activate_service_led           .   F00D PROGID                         
#   E801 _larva_flag                    #   F015 eeModeFlags                    
#   E80C _xcvr_mode                     .   F015 MODETABLE                      
#   E83C msg_tag_index                  .   F01A BUFCOUNTS                      
#   E83C nv_in_index                    .   F01D EENEARBYTES                    
#   E84D ramQElemSizeIn                 .   F023 TX_CTRL                        
#   E84E ramQElemSizeOut                #   F024 eeCustomMac                    
#   E856 qfree_out                      #   F024 read_only_data_2               
#   E85E qincoming                      #   F029 read_only_data_3               
#   E862 qresponse                      #   F029 eeNVCount                      
#   E878 _larva_L4                      #   F02B eeSNVT2Ptr                     
#   E8C5 _mip_IF0                       #   F02E config_data                    
#   E8C7 io_pin_event_data              #   F036 eeCommStart                    
#   E8CE _dbg_input_value               #   F036 eeClock                        
#   E8CE input_value                    #   F037 eeAltClock                     
#   E8D0 _nv_array_index                #   F047 eeDomain                       
#   E8D0 nv_array_index                 .   F047 DOMAIN                         
#   E8D1 io_pdata_imgs                  #   F050 eeDomain0Key                   
#   E8D5 _io_gen_img                    #   F05F eeDomain1Key                   
#   E939 _sys_flags                     #   F7E2 %_isiPersist                   
#   E948 _cpu_sync                      .   F7E8 SCI_input_pad1                 
#   E94C nv_in_addr                     .   F7F0 SCI_output_pad1                
#   E954 _sys_stat                      .   F7F0 SCI_input_pad2                 
#   E96C ee_lock                        .   F7F8 _isiFirstStart                 
#   E96D nsa_relative                   .   F7F9 shortstack_version             
#   E96D nsa_features                   .   F7FA sp_notify_interval             
#   E97A %fl_error                      .   F7FB APP_signature                  
#   E97B %fl_temp1                      .   F7FD SISD_valid                     
#   E97B %s32_temp1                     .   F7FE post_reset_pause               
#   E97F %s32_temp2                     #   F7FF eeErrorLog                     
                            SYMBOLS BY NAME

#   5A8A %_isi_is_memorized_domain      #   3E5C %fl_arg2_zero                  
#   5A89 %_isi_memorize_domain          #   3E5E %fl_arg3_zero                  
#   5A8C %_isi_reset_primary_domain     #   3B37 %fl_cmp                        
#   5876 %_IsiAcquireDomain             #   3E6F %fl_compare_exp                
#   4BC1 %_IsiAllocNode                 #   3E49 %fl_copy                       
#   4BB8 %_IsiAllocSlot                 #   3E4B %fl_copy1                      
#   4BC5 %_IsiAllocSubnet               #   3D47 %fl_div                        
#   4CB1 %_IsiBroadcastAsm              #   3B69 %fl_eq                         
#   4BE6 %_IsiConditionalDiagnostics    #   E97A %fl_error                      
#   4BFC %_IsiGetMsgInDataPtr           #   3EFC %fl_finish                     
.   5E57 %_IsiGetNextNvIndexEx          #   3B75 %fl_ge                         
.   5DDF %_IsiGetNextNvx                #   3B6B %fl_gt                         
.   5DE0 %_IsiGetNextNvx1               #   E983 %fl_intl_temp                  
#   4BAA %_IsiGetPeriod                 #   3B78 %fl_le                         
#   5CFA %_IsiGetSelectors              #   3B6D %fl_lt                         
#   4E3A %_IsiInitialize                #   3CD8 %fl_mul                        
#   5C9D %_IsiIsHeartbeatCandidate      #   3B73 %fl_ne                         
#   4BEF %_IsiMemcmp                    #   3E39 %fl_neg                        
#   5AAA %_isiMessageLengthTable        #   3E94 %fl_setup                      
#   F7E2 %_isiPersist                   #   3B84 %fl_sub                        
#   4BD0 %_IsiRand                      #   E97B %fl_temp1                      
#   4C04 %_IsiReceiveDrumS              #   E97F %fl_temp2                      
#   4D8F %_IsiReceiveTimg               #   3B80 %fl_zero                       
#   58A3 %_IsiRemoveConnection          #   4AA0 %get_us_flags                  
#   589F %_IsiRemoveConnectionIfNormal  #   E760 %isi_out                       
#   58F7 %_IsiRemovePtrConnection       #   585A %IsiAcquireDomain              
#   5E19 %_IsiReplaceSelectors          #   4CEF %IsiApproveMsg                 
#   5C7C %_IsiResendCsmo                #   40E8 %IsiBackground                 
#   4DBB %_IsiSelectTransportProps      .   40F8 %IsiBackground%0               
#   4CE0 %_IsiSend                      .   40F5 %IsiBackground%1               
#   5691 %_IsiSendCsme                  .   40F8 %IsiBackground%2               
#   56BB %_IsiSendCsmi                  #   412F %isiBufferAlloc                
#   56DA %_IsiSendCsmr                  #   4FB4 %IsiCancelAcquisition          
#   569A %_IsiSendCsmx                  #   5815 %IsiCancelEnrollment           
#   4C6D %_IsiSendDrum                  #   4ABB %isiCheckRpc                   
#   4CDE %_IsiSendIsi                   #   5159 %isiControlledEnrollment       
#   5CAB %_IsiSendNvHb                  #   4023 %IsiCreateCsmo                 
#   5A29 %_IsiSetDomain                 #   5834 %IsiCreateEnrollment           
#   5C3C %_IsiTcsmr                     #   5CD0 %IsiCreatePeriodicMsg          
#   E75E %_isiTcsmr                     #   589E %IsiDeleteEnrollment           
#   5C36 %_IsiUpdateUi                  #   5831 %IsiExtendEnrollment           
#   5C32 %_IsiUpdateUiAndState          #   609D %IsiGetAlias                   
#   5C2B %_IsiUpdateUiAndStateEnroll    #   4041 %IsiGetAssembly                
#   5C2E %_IsiUpdateUiAndStateTimeout   #   407F %IsiGetConnection              
#   5C35 %_IsiUpdateUiNormal            #   407C %IsiGetConnectionTableSize     
#   E778 %_isiVolatile                  #   404D %IsiGetNextAssembly            
#   4134 %appVersion                    #   4064 %IsiGetNextNvIndex             
#   4AA4 %clear_us_flags                #   5C11 %IsiGetNv                      
#   3B8F %fl_add                        #   4059 %IsiGetNvIndex                 
#   3E7C %fl_adjust_exp                 #   40A8 %IsiGetNvValue                 
#   5C1D %IsiGetPrimaryDid              #   E97F %s32_temp2                     
#   4037 %IsiGetPrimaryGroup            #   E983 %s32_temp3                     
#   5C29 %IsiGetRepeatCount             #   4AA9 %set_us_flags                  
#   4071 %IsiGetWidth                   #   4A48 %shortStackBufferAlloc         
#   5856 %IsiImplementationVersion      #   4AB0 %shortStackInPreempt           
#   5A0A %IsiInitiateAutoEnrollment     #   40E1 %ShortStackIsiCancelAcquisition
#   5976 %IsiIsAutomaticallyEnrolled    #   40E6 %ShortStackIsiFetchDevice      
#   599C %IsiIsBecomingHost             #   40E7 %ShortStackIsiFetchDomain      
#   5956 %IsiIsConnected                #   40BF %ShortStackIsiStart            
#   412B %IsiIsRpcTimeout               .   40D1 %ShortStackIsiStart%0          
#   54F6 %IsiIsRunning                  .   40D7 %ShortStackIsiStart%1          
#   59AC %IsiIssueHeartbeat             .   40D7 %ShortStackIsiStart%2          
#   589C %IsiLeaveEnrollment            #   40E5 %ShortStackIsiStartDeviceAcqu>>
#   4002 %IsiMsgDeliver                 #   40D8 %ShortStackIsiStop             
#   40F9 %IsiMsgHandler                 #   3E21 %ump_cmp                       
.   4112 %IsiMsgHandler%0               #   551B %usVersion                     
.   4110 %IsiMsgHandler%1               .   9CC0 _%_MICROSERVER%1               
.   410F %IsiMsgHandler%2               .   4151 _%_MICROSERVER%INIT            
.   4122 %IsiMsgHandler%3               .   4156 _%_MICROSERVER%INITV           
.   4121 %IsiMsgHandler%5               .   5C1A _%DID%1                        
#   588A %IsiOpenEnrollment             .   5EF3 _%IMPLEMNT%Bind                
#   416F %isiPrepareSicb                #   8000 __max_transient_app            
#   52A9 %IsiPreStart                   #   8000 __num_transient_app            
#   51F1 %IsiProcessMsgDa               #   1A21 _A_delay                       
#   4D1E %IsiProcessMsgS                #   1A22 _A_delay_b                     
#   5858 %IsiProtocolVersion            #   1A1F _A_delay_pd                    
#   409D %IsiQueryHeartbeat             #   0B3A _abs16                         
#   4123 %IsiRespHandler                #   0AC9 _abs8                          
#   4E27 %IsiReturnToFactoryDefaults    #   5A7F _access_check                  
#   49A8 %IsiRpc                        #   0A3A _add16                         
#   4AC5 %isiRpcDispatcher              #   0465 _add_8_16                      
#   E7A2 %isiRpcReturnData              #   0046 _add_8_16f                     
#   E7A1 %isiRpcReturnValue             #   0A38 _adds_8_16                     
#   E7A0 %isiRpcSequence                #   07CF _adjust_checksum1              
#   5C14 %IsiSetAlias                   #   1649 _alias_count                   
#   5504 %IsiSetBootLevel               #   0019 _alloc                         
#   408C %IsiSetConnection              #   1BF0 _alter_icntrl_g                
#   607A %IsiSetDomain                  #   8001 _alternate_clocking            
#   5C17 %IsiSetNv                      #   0B49 _and16                         
#   4E3A %IsiStartDa                    #   0378 _app_watchdog                  
#   4125 %IsiStartRpcTimeout            #   00BE _arb_presf                     
#   4E3A %IsiStartS                     c   80BE _arbitrary_preempt_safe        
#   4FA6 %IsiStop                       #   1A3B _bit_input                     
#   4FCA %IsiTickDa                     #   1A9B _bit_output_ext                
#   5021 %IsiTickS                      #   1A9B _bit_output_ext2               
#   E75C %isiType                       #   1A9F _bit_output_hi                 
#   5A7A %IsiUpdateDiagnostics          #   1AA3 _bit_output_lo1                
#   4017 %IsiUpdateUserInterface        #   1AA1 _bit_output_lo2                
#   40BD %key                           #   19FA _bitshift_input                
#   4366 %MicroServer                   #   34C2 _bitshift_output               
#   4366 %mip_s23_interface             #   34FB _bitshift_setup                
#   E97B %s32_temp1                     #   0CA0 _bound_mt                      
#   1012 _bound_nv                      c   8010 _evn_byte_3                    
#   1012 _bound_nv1                     c   8013 _evn_byte_4                    
#   8008 _build_number                  c   8001 _extended_io_count             
#   2BA6 _build_status                  c   8003 _extended_onchip_eedata        
#   0046 _bump_ptr                      c   8000 _extended_onchip_eeprom        
#   1A51 _byte_input                    #   4000 _extended_start                
#   1AB3 _byte_output                   #   34BC _extended_version_number       
#   27A2 _calculate_cnfg_checksum       .   4186 _fast_serial_input             
.   5BE5 _camisi_get_config_p2          .   4187 _fast_serial_input2            
#   071E _change_state                  #   52AB _fast_serial_input2_SCI        
#   075E _check_configured              #   5300 _fast_serial_input2_SCI_pad    
#   305E _checksum_generate             #   538D _fast_serial_input2_SPI        
#   0C0B _clear_apps_flags              #   53FB _fast_serial_input2_SPI_pad    
c   8000 _const_mask                    #   52AA _fast_serial_input_SCI         
#   0081 _cpu_halt_check                #   52FF _fast_serial_input_SCI_pad     
#   E948 _cpu_sync                      #   538C _fast_serial_input_SPI         
#   E9BC _dbg_input_is_new              #   53FA _fast_serial_input_SPI_pad     
#   E8CE _dbg_input_value               .   41A4 _fast_serial_output            
#   001E _dealloc                       .   41A5 _fast_serial_output2           
#   0054 _dec16                         #   52DE _fast_serial_output2_SCI       
#   074F _disable_callbacks             #   535C _fast_serial_output2_SCI_pad   
c   8000 _disable_dynamic_xcvr_config   #   53C9 _fast_serial_output2_SPI       
#   0AA5 _div16                         #   546D _fast_serial_output2_SPI_pad   
#   0AD7 _div16s                        .   419D _fast_serial_output2_wait      
#   0A98 _div32_16                      #   52DD _fast_serial_output_SCI        
#   0A62 _div32_16_core                 #   535B _fast_serial_output_SCI_pad    
#   0A9D _div8                          #   53C8 _fast_serial_output_SPI        
#   0AB7 _div8s                         #   546C _fast_serial_output_SPI_pad    
#   0020 _drop_n                        .   419E _fast_serial_output_wait       
#   0026 _drop_n_preserve_1             c   8001 _feature_set_1                 
#   002C _drop_n_preserve_2             c   8000 _feature_set_2                 
#   0024 _drop_n_return_1               c   8001 _field_debug                   
#   002A _drop_n_return_2               #   1151 _flush_completes               
#   3AB8 _dualslope_input               #   04F7 _free_rcvtx_by_domain          
#   3AD9 _dualslope_start               #   1B13 _frequency_output              
#   3AE5 _edgelog_input                 #   0B73 _gequ16                        
#   06AC _ee_memcpy                     #   0B5E _gequ16s                       
#   06A8 _ee_memcpy_uncond              #   0B77 _gequ8                         
c   8001 _ee_reserved_offset            #   0B58 _gequ8s                        
#   0695 _ee_write_int                  #   05D5 _get_address                   
#   069A _ee_write_long                 #   07EA _get_appsum_location           
#   34B3 _eefar_init                    #   1830 _get_auth_std                  
#   0695 _eeprom_far_write              #   05F4 _get_domain                    
#   069A _eeprom_far_write_long         #   06AF _get_error_log                 
#   0693 _eeprom_write                  #   2D15 _get_prit_p                    
#   0698 _eeprom_write_long             #   2D24 _get_prt_p                     
c   8001 _eevar_offset                  #   1875 _get_rcvtx_p                   
#   0752 _enable_callbacks              #   0386 _get_sem2                      
#   0B84 _equal16                       #   352A _get_si_data_ptr               
#   0B82 _equal8                        #   003E _get_sp                        
c   8000 _evn_byte_1                    #   0001 _idem_dup                      
c   8000 _evn_byte_2                    #   3FFF _image_end                     
#   0048 _inc16                         #   0BE6 _l_shift8_6                    
#   068B _index_to_addr                 #   0BE5 _l_shift8_7                    
#   1A1B _init_baud                     #   0BA0 _l_shift8s                     
#   1A6B _init_io_pins                  #   0005 _larva_break                   
#   1C29 _init_timer_counter1           c   8000 _larva_clear_off               
#   1C2B _init_timer_counter2           #   E801 _larva_flag                    
#   811F _interrupt_capability          #   0086 _larva_L1                      
#   102B _io_change_init                #   0093 _larva_L2                      
#   106A _io_changes                    #   235C _larva_L3                      
#   1056 _io_changes_by                 #   E878 _larva_L4                      
#   104B _io_changes_to                 #   E9B1 _larva_L5                      
#   1A97 _io_direction_hi               #   0009 _larva_suspend                 
#   1A97 _io_direction_hi2              #   E99B _last_retry_extra_time         
#   1A99 _io_direction_lo               #   005B _ldP0_fetchl                   
#   E8D5 _io_gen_img                    #   27AA _leave_indexed_domain          
#   1085 _io_input_value                #   0B65 _less16                        
#   33E9 _io_sci_baud                   #   0B7F _less16s                       
#   3384 _io_sci_get_error              #   0B69 _less8                         
#   33D7 _io_sci_init                   #   0B7C _less8s                        
#   336D _io_sci_parity                 #   1A55 _leveldetect_input             
#   3404 _io_sci_set_buffer_in          #   1B3A _loader_go                     
#   3408 _io_sci_set_buffer_out         #   1ADA _loader_prep                   
#   33C9 _io_scispi_abort               #   0B89 _log16                         
#   3380 _io_scispi_input_ready         #   0B8A _log8                          
#   3377 _io_scispi_output_ready        #   0B86 _lognot16                      
#   1C17 _io_set_clock                  #   0B87 _lognot8                       
#   3B20 _io_set_clock_x2               #   0A35 _lshift16_add16                
#   33AA _io_spi_clock                  #   0A33 _lshift8_add16                 
#   3387 _io_spi_get_error              #   0A31 _lshift8by1_add16              
#   3392 _io_spi_init                   #   0A2F _lshift8by2_add16              
#   343A _io_spi_set_buffer             #   1E2B _mac_L1                        
#   106F _io_update_occurs              #   0B0E _max16                         
#   4E18 _isi_alloc                     #   0B18 _max16s                        
#   4E16 _isi_alloc_connection          #   0AF0 _max8                          
.   4C5B _isi_get_domain_id             #   0AFA _max8s                         
#   4BF8 _isi_get_msg_in_p2             #   0674 _memcmp1                       
.   4E22 _isi_init_dppp                 #   0432 _memcpy                        
.   E791 _isi_lastDidrm                 #   0435 _memcpy1                       
#   4C64 _isi_msg_out_clear             #   06AC _memcpy8                       
.   E75D _isi_nextNv                    c   8001 _memory_forwarding             
.   4C04 _isi_rcv_drum_s                #   0444 _memset                        
#   4C6D _isi_send_drum                 #   0445 _memset1                       
#   4BD5 _isi_set_prim_domain           #   043D _memset8                       
.   4DBB _isi_transport_properties      #   0B13 _min16                         
.   F7F8 _isiFirstStart                 #   0B1D _min16s                        
#   04C4 _iteration16                   #   0AF5 _min8                          
#   0BBB _l_shift16                     #   0AFF _min8s                         
#   0BBB _l_shift16s                    #   8002 _min_context4_multiplier       
#   0BA0 _l_shift8                      #   0B3E _minus16s                      
#   0BE9 _l_shift8_3                    .   54E1 _mip_alloc                     
#   0BE8 _l_shift8_4                    .   54E1 _mip_alloc_l5                  
#   0BE7 _l_shift8_5                    .   54F2 _mip_cancel                    
.   54F1 _mip_free                      #   0CC8 _msg_receive                   
#   E8C5 _mip_IF0                       #   0C40 _msg_send                      
#   54C5 _mip_IF1                       #   0DD4 _msg_service_get               
#   54BE _mip_IF2                       #   0D8F _msg_service_set               
#   54E1 _mip_IF3                       #   0CE5 _msg_succeeds                  
#   54F1 _mip_IF4                       #   0D93 _msg_tag_set                   
#   54F2 _mip_IF5                       #   0D93 _msg_tag_set1                  
#   54F5 _mip_IF7                       #   0A48 _mul16                         
.   54C5 _mip_incoming                  #   0A48 _mul16s                        
.   54C5 _mip_incoming_l5               #   0A59 _mul8                          
#   0546 _mip_L1                        #   0A41 _mul8l                         
#   0567 _mip_L2                        #   0B31 _mul8ls                        
#   0521 _mip_L4                        #   0A46 _mul_8_16                      
#   0522 _mip_L5                        #   0A43 _muls_8_16                     
#   0191 _mip_L6                        #   3A81 _muxbus_read                   
.   54BE _mip_outgoing                  #   3A93 _muxbus_reread                 
.   54BE _mip_outgoing_l5               #   3AAD _muxbus_rewrite                
.   54F5 _mip_set_mode                  #   3A9E _muxbus_write                  
#   059F _mip_T1                        #   26B0 _net_mgmt_processing           
#   0AD0 _mod16                         #   3A46 _neurowire_inv_master          
#   0AE2 _mod16s                        #   0080 _new_binding_constraints       
#   0B05 _mod8                          #   1A3D _nibble_input                  
#   0ABF _mod8s                         #   1AAB _nibble_output                 
#   0DD9 _msg_addr_get                  #   8031 _nm_capabilities               
#   0D98 _msg_addr_set                  #   19F3 _nm_service_send               
#   0C11 _msg_alloc                     #   1904 _nm_set_nk                     
#   0C0F _msg_alloc_priority            #   8002 _nm_version                    
#   0C71 _msg_alloc_wait                #   00AF _node_reset                    
#   0CCA _msg_arrives                   #   0B44 _not16                         
#   0DD0 _msg_auth_get                  #   80FF _nv_all                        
#   0D8B _msg_auth_set                  #   E8D0 _nv_array_index                
#   0DD9 _msg_byte_get                  #   0F72 _nv_array_poll                 
#   0D98 _msg_byte_set                  #   1002 _nv_array_update_completes     
#   0C7E _msg_cancel                    #   0FF8 _nv_array_update_fails         
#   0CCC _msg_code_arrives              #   0FAD _nv_array_update_occurs        
#   0DCA _msg_code_get                  #   399F _nv_array_update_request       
#   0DCA _msg_code_get_ex               #   0FFE _nv_array_update_succeeds      
#   0D78 _msg_code_set                  #   164D _nv_count                      
#   0CE2 _msg_completes                 #   80FF _nv_count_mask                 
#   0E12 _msg_data_blockget             #   1672 _nv_get_alias_p                
#   0D26 _msg_data_blockset             #   165E _nv_get_cnfg_p                 
#   0DCC _msg_data_get                  #   166A _nv_get_cnfg_p1                
#   0D7A _msg_data_set                  #   1651 _nv_get_cnfg_p_pri             
#   0CDF _msg_fails                     #   1688 _nv_get_fixed_p                
#   0BF1 _msg_free                      #   0F5C _nv_poll                       
#   4169 _msg_in_addr_ptr               #   0F6C _nv_poll_all                   
#   0DDE _msg_in_get                    #   0F57 _nv_update                     
#   0E0D _msg_len_get                   #   1001 _nv_update_completes           
#   0E0D _msg_len_get_ex                #   0FF7 _nv_update_fails               
#   4157 _msg_out_addr_ptr              #   0F4B _nv_update_int                 
#   0D9C _msg_out_set                   #   0F4C _nv_update_int_offset          
#   0D63 _msg_priority_set              #   0F51 _nv_update_long                
#   0F52 _nv_update_long_offset         #   5CD2 _resp_data_blockset            
#   0FAC _nv_update_occurs              #   0D70 _resp_data_set                 
#   0F5C _nv_update_request             #   0BFE _resp_free                     
#   0F5C _nv_update_request1            #   4166 _resp_in_addr_ptr              
#   3999 _nv_update_request_all         #   0CE8 _resp_receive                  
#   0FFD _nv_update_succeeds            #   0C40 _resp_send                     
#   10F1 _offline                       #   0457 _restore_ptrs                  
#   8001 _oma                           #   044E _save_ptrs                     
#   1B2B _oneshot_output                #   2104 _scheduler_loop                
#   10FF _online                        #   8003 _sci_spi_features              
#   1B93 _ontime_input                  c   8001 _sci_spi_supported             
#   0B4E _or16                          #   1BF8 _select_input_fn               
#   1CB9 _parallel_input                #   1BEC _select_mux                    
#   1C7F _parallel_input_ready          #   27A0 _self_installation             
#   1CCC _parallel_output               #   19F2 _service_pin_send              
#   1CAB _parallel_output_ready         #   0CDB _set_apps_flags                
#   1C78 _parallel_output_request       c   8001 _set_nv_length_valid           
#   1B93 _period_input                  #   3008 _set_ram_ptrs                  
#   0015 _pop                           #   1AC7 _set_tco_p                     
#   0013 _pop1                          #   057A _set_typeout                   
#   398B _popd                          c   8000 _sidata_last_eecode            
#   3989 _popd1                         #   004E _sign_extend16                 
#   10AE _preempt                       #   0B6D _signs_differ16                
#   8000 _programmable_driver_strength  #   1A28 _sio_load_delay                
c   8000 _programmable_lvi              c   8000 _sio_near                      
#   1B93 _pulsecount_input              c   8005 _size_addr_tbl_entry           
#   1B45 _pulsecount_output             #   8100 _size_app_basepg               
#   1B07 _pulsewidth_output             c   800F _size_domain_entry             
#   000F _push                          c   8004 _size_evn                      
#   000D _push1                         c   8003 _size_io_change_event          
#   3983 _pushd                         c   8004 _size_nv_alias                 
#   3981 _pushd1                        c   8003 _size_nv_cnfg                  
#   1BC1 _quadrature_input              c   8003 _size_nv_fix                   
#   0040 _query_stats                   c   800C _size_proxy_route_entry        
#   0BC7 _r_shift16                     c   8001 _size_proxy_route_index_entry  
#   0BD6 _r_shift16s                    c   800D _size_rcv_tx                   
#   0B8F _r_shift8                      c   8000 _size_sys_eevars               
#   00C3 _r_shift8_3                    c   8000 _size_sys_ramvars              
#   00C2 _r_shift8_4                    c   8004 _size_timer                    
#   00C1 _r_shift8_5                    c   801C _size_tx_ctl_blk               
#   00C0 _r_shift8_6                    #   1183 _sleep                         
#   00BF _r_shift8_7                    .   54BE _smip_system_image             
#   0B97 _r_shift8s                     #   8001 _stretched_triac_supported     
c   8001 _ram_test_power_up_only        #   0B25 _sub16                         
#   06D0 _raw_error_log                 #   8001 _supports_explicit_addressing  
c   8002 _read_only_data_struct_version #   E9AF _sys_callback_address          
#   045F _register_call                 #   06BC _sys_error_log                 
#   0381 _rel_sem2                      #   04F4 _sys_flag_clear                
#   0C21 _resp_alloc                    #   0502 _sys_flag_set                  
#   0CEC _resp_arrives                  #   E939 _sys_flags                     
#   0C7E _resp_cancel                   #   E954 _sys_stat                      
#   0D6E _resp_code_set                 c   8001 _sysimgext_nv_length_override  
c   8001 _sysimgext_phase               .   458D check_reset                    
c   8001 _sysimgext_proxy               .   46FE check_usop                     
c   82BD _sysram_base_usage             .   452E check_wdt                      
#   8001 _system_image_extensions       #   282D chksum_recalc_mode             
c   8013 _system_version                #   1C7A clear_pio_request              
#   8000 _system_version_minor          #   2C21 clear_status                   
#   03C4 _timer_events                  .   51E8 cmp_didrm                      
#   03E4 _timer_expires                 #   F02E config_data                    
#   03F1 _timer_expires_any             .   4309 convert_incoming_to_response   
#   0418 _timer_get                     #   3A13 crc16                          
#   03F8 _timer_mset                    #   36DF crc16_ccitt                    
#   03FA _timer_mset_repeat             #   3A32 crc8                           
#   03F4 _timer_off                     #   04B9 delay                          
#   03FF _timer_sset                    #   5355 delay_11n_cycles               
#   0403 _timer_sset_repeat             #   04B0 delay_1msec                    
#   0348 _timer_update                  #   534C delay_22n_cycles               
#   1B87 _totalize_input                .   F008 DIRECTORY                      
#   1B38 _triac_level_output            .   454C do_command_in_processing       
#   1B38 _triac_output                  .   45B5 do_flush_cancel                
#   1B30 _triac_pulse_output            .   F047 DOMAIN                         
#   1B13 _triggered_count_output        #   E96C ee_lock                        
#   0002 _tx_by_addr                    #   F037 eeAltClock                     
#   0429 _unpack_nibs                   #   F036 eeClock                        
#   2740 _update_address                #   F036 eeCommStart                    
#   5BFF _update_record                 #   F024 eeCustomMac                    
#   0CC5 _wink                          #   F047 eeDomain                       
#   004B _xch_inc_xch                   #   F050 eeDomain0Key                   
#   E80C _xcvr_mode                     #   F05F eeDomain1Key                   
#   0B53 _xor16                         #   F7FF eeErrorLog                     
#   0A28 abs8_twice                     #   F00D eeIDString                     
#   5BCD access_address                 #   F015 eeModeFlags                    
#   5CDA access_alias                   .   F01D EENEARBYTES                    
#   5A7B access_domain                  #   F000 eeNeuronID                     
#   5BD2 access_nv                      #   F029 eeNVCount                      
#   E800 activate_service_led           #   F008 eeNVFixedPtr                   
.   4137 APINIT                         #   F02B eeSNVT2Ptr                     
.   F7FB APP_signature                  #   F00B eeSNVTPtr                      
.   4648 application_change             .   433B enter_flush_state              
#   108C application_restart            #   06BF error_log                      
.   5D54 apprcsmo_next_conn             #   1146 flush                          
#   E9B1 BASEPG3                        #   04F2 flush_cancel                   
.   F01A BUFCOUNTS                      .   429A free_incoming_app_buf          
.   46FE check_appinit_done             .   41D1 get_address_count              
.   455B check_for_nv                   .   417C get_bitrate_id                 
.   41BB check_host_busy                #   5509 go_configured                  
.   41BB check_host_ready               #   1141 go_offline                     
.   4536 check_incoming_queues          #   550D go_unconfigured                
.   45C0 check_isi_downlink             .   4340 handle_error                   
.   4202 check_isi_msg                  .   41DF handle_incoming_message        
.   4509 check_local_done               .   42A0 handle_incoming_response       
.   47E4 check_nv_init                  .   5FAF imes_evaluate                  
.   45A0 check_offline                  #   E9BC input_is_new                   
#   E8CE input_value                    #   55DA isi_rcv_csmo                   
#   3B28 io_edgelog_preload             .   5AC0 isi_rcv_csmx                   
#   3324 io_iaccess                     .   55F6 isi_rcv_pcsmo                  
#   32FE io_idis                        #   4D8F isi_rcv_timg                   
#   3300 io_iena                        .   5C7C isi_resend_csmo                
#   333A io_iperiod                     .   45C9 isi_rpc_call                   
#   3335 io_irelease                    .   56AC isi_send_csm_x                 
#   331F io_itc_clear                   .   56AD isi_send_csm_x_p2              
#   331A io_itc_cond                    .   5691 isi_send_csme                  
#   3307 io_mask_isr                    .   569E isi_send_csmex                 
#   E8D1 io_pdata_imgs                  .   56BB isi_send_csmi                  
#   E8C7 io_pin_event_data              .   56BD isi_send_csmi_p2               
#   32DF io_set_isr                     .   56BC isi_send_csmi_p2nof            
.   41CB is_eat_supported               .   56DA isi_send_csmr                  
.   5E6E isi_accept_enrollment          .   56DB isi_send_csmr_p2               
.   5876 isi_acquire_domain             .   569A isi_send_csmx                  
#   5ED1 isi_add_selector               .   5F66 isi_set_nv_x                   
#   4FA0 isi_address_count              .   5B7D isi_sweep_address_table        
.   5713 isi_alloc_fetch_connection_i   .   5B7B isi_sweep_address_table_drop_n 
.   4BC1 isi_alloc_node                 .   5E65 isi_tool_ppappp0               
.   4BB8 isi_alloc_slot                 .   E7F0 isirpc_uplink                  
.   4BC5 isi_alloc_subnet               .   495D isiRpcAck                      
.   5D2A isi_approve_csmo               .   E7EE loc_hi                         
.   5527 isi_become_host                .   E7EF loc_lo                         
.   6093 isi_cid_match                  .   43C0 main_loop                      
.   4F75 isi_clear_connection           #   19D8 make_apdu_p                    
.   4BE6 isi_cond_diagnostics           .   43DD microServerAllocLocals         
.   4F85 isi_connection_P2              .   43C5 microServerAllocLocals2        
.   5FF1 isi_d1_implement_enrollment    .   440E microServerCore                
.   45E1 isi_dealloc_buffer             .   43F5 microServerDeallocLocals       
.   4E32 isi_fetch_nv_selhi_p0          .   F015 MODETABLE                      
.   4BAA isi_get_period                 #   04B6 msec_delay                     
.   55BC isi_have_AtLeastOneNvo         #   E83C msg_tag_index                  
.   5FF2 isi_implement_enrollment       #   39C4 muldiv24                       
.   5F7F isi_implement_sec_enrollment   #   39FD muldiv24s                      
.   5EDD isi_in_selector_range          .   E7EA neuron_c_env                   
.   5EDE isi_in_selector_range_ex       #   00AF node_reset                     
.   5ECF isi_increment_selector         #   E96D nsa_features                   
.   4E3A isi_init                       #   E96D nsa_relative                   
.   60BD isi_is_group_acceptable        #   E8D0 nv_array_index                 
.   5846 isi_make_couldBeHost           #   E94C nv_in_addr                     
#   5835 isi_make_enrollment            #   E83C nv_in_index                    
.   4F5B isi_masked_clr_connection      .   4913 nvinit_cleanup                 
.   4F8C isi_next_connection            .   48F5 nvinit_done_this               
#   5C69 isi_p2_condition_tcsmr         .   48B9 nvinit_this_nv                 
.   5FEA isi_p2_pending                 #   10E3 offline_confirm                
.   4F83 isi_pending_connection_P2      #   1104 online_confirm                 
#   4BD0 isi_rand                       .   4D82 plcnset                        
.   5B25 isi_rcv_csmc                   #   08FA post_events                    
.   5B49 isi_rcv_csmd                   .   F7FE post_reset_pause               
.   5AE6 isi_rcv_csme                   #   3991 preemption_mode                
.   571E isi_rcv_csmi                   .   46FA process_appinit_done           
.   4655 process_appinit_misc           #   1A36 set_base_p                     
.   4858 process_nv_init                #   0919 set_eeprom_lock                
.   481A process_packet                 #   3259 set_irq_debugging              
.   427E process_ul_msg_done            .   4356 set_sisd_invalid               
.   4280 process_ul_nv                  .   435F set_sisd_valid                 
.   F00D PROGID                         .   F7F9 shortstack_version             
.   F00A PROTECTBIT                     .   F7FD SISD_valid                     
#   E856 qfree_out                      #   363D siu_writeloop                  
#   E85E qincoming                      #   364D siuspi_cmp_a3                  
#   E862 qresponse                      #   3680 siuspi_idledecs                
#   E84D ramQElemSizeIn                 #   3675 siuspi_idlewait                
#   E84E ramQElemSizeOut                #   362C siuspi_init                    
#   0BED random                         #   3686 siuspi_initw3                  
.   5789 rcv_csmi_coll_step2            #   3692 siuspi_initw4                  
.   57BA rcv_csmi_sel_upd_cand          #   369A siuspi_inst1                   
.   57E6 rcv_csmi_ssati                 #   36C7 siuspi_rdsr                    
.   574B rcv_csmi_test_next_collission  #   364F siuspi_read_a3                 
.   5730 rcv_csmi_try_next_index        #   3651 siuspi_read_a3nc               
.   57E1 rcv_csmi_write_sel             #   3699 siuspi_wren                    
.   57E0 rcv_csmi_write_sel_p0          #   3688 siuspi_write3                  
#   F000 read_only_data                 #   3694 siuspi_write4                  
#   F024 read_only_data_2               .   F7FA sp_notify_interval             
#   F029 read_only_data_3               .   E7E8 sp_state                       
.   469B recalc_nv_fixed                .   4149 TEVT                           
.   492B reinit_alias_table             #   041F timers_off                     
.   413A RESET                          .   4D7D tpftset                        
.   4328 restore_neuron_c_env           .   F023 TX_CTRL                        
#   54F9 retrieve_status                #   5BDB update_address                 
#   1198 retrieve_xcvr_status           #   551F update_alias                   
.   4547 retrigger_rpc                  .   4921 update_checksum                
.   E7C1 rpc_api_call                   #   5BF8 update_config_data             
.   4AB5 rpcIsBusy                      #   6080 update_domain                  
.   431A save_neuron_c_env              #   6071 update_domain_address          
#   04BB scaled_delay                   #   60A0 update_nv                      
.   F7E8 SCI_input_pad1                 .   4917 update_ram_pointers            
.   F7F0 SCI_input_pad2                 .   448E uplink_reset                   
.   F7F0 SCI_output_pad1                .   E7F7 us_flags                       
.   5F75 send_csmx                      #   E7F8 USMONITOR                      
.   51CF send_ctrp                      .   47E4 usop_done                      
.   47EA send_explicit_message          #   007B watchdog_update                
.   51DA send_response                  #   007D watchdog_update_old            
.   4297 send_sicb_ul                   .   46EB write_app_signature            
.   E7E9 serial_interface_type          .   46C8 write_comm_para                
#   39B0 service_pin_msg_send           .   4671 write_nv_count                 
#   39BB service_pin_state              .   46DB write_program_id               
#   1A31 set_base2p                     .   4690 write_rods1_nv_count           
 