Neuron Linker Version 5.40.02 Copyright (c) Echelon Corporation 1992-2014
Linked at Mon Feb 09 07:36:11 2015
C:\source\DevTools\ShortStack\dev\microserver\Field Compiler FX\IM\_MicroServer.nxr

                       LIST OF MEMORY AREAS

  * AREA *                    * ALLOCATED *         * UNUSED *
                             From  To   Len       From  To   Len

SYSTEM IMAGE FLASH           0000 46FF 4700        - RESERVED - 

OffChip FLASH  (EECODE)      4700 67FF 2100       6779 67FF 0087
OffChip FLASH  (Pool)         - AVAILABLE -       6800 7FFF 1800

OnChip  RAM    (System)      E800 EA94 0295          - NONE -   
OnChip  RAMFAR               EA95 EAD4 0040       EA95 EAD4 0040
OnChip  RAM    (System)      EAD5 EEAE 03DA          - NONE -   
OnChip  RAMFAR               EEAF EF2F 0081          - NONE -   
OnChip  RAM    (Pool)         - AVAILABLE -       EF30 EF5C 002D
OnChip  RAMNEAR              EF5D EFFF 00A3          - NONE -   

OnChip  EEPROM (Prolog)      F000 F02D 002E          - NONE -   
OnChip  EEPROM (Config)      F02E F5AF 0582          - NONE -   
OnChip  EECODE               F5B0 F5DC 002D       F5D7 F5DC 0006
OnChip  EEPROM (MemCtl)      F5DD F5EF 0013          - NONE -   
OnChip  EEPROM (Pool)         - AVAILABLE -       F5F0 F62F 0040
OnChip  EEFAR                F630 F7D2 01A3       F630 F632 0003
OnChip  EENEAR               F7D3 F7EF 001D          - NONE -   
OnChip  EEPROM (Epilog)      F7F0 F7FF 0010          - NONE -   
OnChip  EEPROM UNINIT         - AVAILABLE -       F800 FAFF 0300
Transient      (Table)   000000 000000 000000        - NONE -   
Transient      (Code)    000000 000000 000000        - NONE -   

End of Memory Area List

Link Memory Usage Statistics:

EEPROM Usage:  (not necessarily in order of physical layout)
               (includes application use of external Flash memory)
        Reserved for System Firmware     17920 bytes
        System Data and Parameters         119 bytes
        Domain and Address Tables          105 bytes
        Network Variable Config Tables    1270 bytes
        Application EEPROM Variables       416 bytes
        Library EEPROM Variables            29 bytes
        Application Code and Const Data    374 bytes
        Library Code and Const Data       7975 bytes
                                         -----
        Total EEPROM Requirement         28208 bytes
        EEPROM Requirement w/o firmware  10288 bytes
        Remaining EEPROM                  6352 bytes

RAM Usage:      (not necessarily in order of physical layout)
        System Data and Parameters         673 bytes
        Transaction Control Blocks         236 bytes
        Appl Timers and I/O Change Events   12 bytes
        Network and Application Buffers    726 bytes
        Flash Memory System RAM Buffer     128 bytes
        Application RAM Variables            1 byte
        Library RAM Variables              163 bytes
                                         -----
        Total RAM Requirement             1939 bytes
        Remaining RAM                      109 bytes

Transient Code Usage:
        Transient code                       0 functions
        Transient code for functions         0 bytes
        Transient code table                 0 bytes
                                         -----
        Total transient data                 0 bytes

Successfully linked for FT 3150 2K.
        Memory Map (14 bytes of System EEPROM) supports extended memory.
                This amount varies by the firmware version.
        Extended Version Number (4 bytes) varies by firmware version.
        System Upper EEPROM Area (16 bytes) varies by firmware version.
        16 receive transaction blocks require 16 * 13 = 208 bytes.
        28 bytes for non-priority transmit transaction control blocks
        Some system RAM usage, for System Data and Transaction Blocks
                (totaling 411 bytes) varies by the Neuron model, the
                firmware version, and the number of receive
                transaction control blocks.
        Flash support requires an additional 128 bytes of RAM.
        FLASH Signature  = 5F:C3FC @ 4700 .. 4702

Buffer Configuration Summary:

        Application input buffers: 2 at 66 bytes
        Application output buffers: 5 (normal) + 0 (prio) at 66 bytes
        Network input buffers: 2 at 66 bytes
        Network output buffers: 2 (normal) + 0 (prio) at 66 bytes

System Configuration Summary:

        Domains: 2 at 15 bytes each
        Addresses: 15 at 5 bytes each
        Aliases: 127 at 4 bytes each


End of Link Statistics
                             LIST OF SEGMENTS

 * FILE *                        * ROM *           * RAM *         * FLASH *
 Type Name                   From  To   Len    From  To   Len    From  To   Len

C:\source\DevTools\ShortStack\dev\microserver\Field Compiler FX\IM\_MicroServer.no:
  Rel journal_reset_patch     --   --   --      --   --   --     4703 470A 0008
  Rel xcvr_patch              --   --   --      --   --   --     470B 471E 0014
  Rel * Unnamed *             --   --   --      --   --   --     F024 F028 0005
  Rel * Unnamed *             --   --   --      --   --   --     F029 F02D 0005
  Rel %IsiMsgDeliver          --   --   --      --   --   --     471F 4733 0015
  Rel %IsiUpdateUserInterfa   --   --   --      --   --   --     4734 473F 000C
  Rel %IsiCreateCsmo          --   --   --      --   --   --     4740 4753 0014
  Rel %IsiGetPrimaryGroup     --   --   --      --   --   --     4754 475D 000A
  Rel %IsiGetAssembly         --   --   --      --   --   --     475E 4769 000C
  Rel %IsiGetNextAssembly     --   --   --      --   --   --     476A 4775 000C
  Rel %IsiGetNvIndex          --   --   --      --   --   --     4776 4780 000B
  Rel %IsiGetNextNvIndex      --   --   --      --   --   --     4781 478D 000D
  Rel %IsiGetWidth            --   --   --      --   --   --     478E 4798 000B
  Rel %IsiGetConnectionTabl   --   --   --      --   --   --     4799 479B 0003
  Rel %IsiGetConnection       --   --   --      --   --   --     479C 47A8 000D
  Rel %IsiSetConnection       --   --   --      --   --   --     47A9 47B9 0011
  Rel %IsiQueryHeartbeat      --   --   --      --   --   --     47BA 47C4 000B
  Rel %IsiGetNvValue          --   --   --      --   --   --     47C5 47D9 0015
  Rel %key                    --   --   --      --   --   --     47DA 47DB 0002
  Rel %ShortStackIsiStart     --   --   --      --   --   --     47DC 47F4 0019
  Rel %ShortStackIsiStop      --   --   --      --   --   --     47F5 47FD 0009
  Rel %ShortStackIsiCancelA   --   --   --      --   --   --     47FE 4801 0004
  Rel %ShortStackIsiStartDe   --   --   --      --   --   --     4802 4802 0001
  Rel %ShortStackIsiFetchDe   --   --   --      --   --   --     4803 4803 0001
  Rel %ShortStackIsiFetchDo   --   --   --      --   --   --     4804 4804 0001
  Rel %IsiBackground          --   --   --      --   --   --     4805 4815 0011
  Rel %IsiMsgHandler          --   --   --      --   --   --     4816 483F 002A
  Rel %IsiRespHandler         --   --   --      --   --   --     4840 4841 0002
  Rel %IsiStartRpcTimeout     --   --   --      --   --   --     4842 4847 0006
  Rel %IsiIsRpcTimeout        --   --   --      --   --   --     4848 484B 0004
  Rel %isiBufferAlloc         --   --   --      --   --   --     484C 4850 0005
  Rel %appVersion             --   --   --      --   --   --     4851 4853 0003
  Rel APINIT                  --   --   --      --   --   --     4854 4868 0015
  Rel TEVT                    --   --   --      --   --   --     4869 4870 0008
  Rel _%_MICROSERVER%INIT     --   --   --      --   --   --     4871 4878 0008
  Rel %isiType                --   --   --     EF2F EF2F 0001     --   --   -- 
  Rel _%_MICROSERVER%1        --   --   --      --   --   --     F633 F7D2 01A0
  Rel * Unnamed *             --   --   --      --   --   --     F02E F5A6 0579
  Rel * Unnamed *             --   --   --      --   --   --     0000 0000 0001
  Abs * Unnamed *             --   --   --      --   --   --     F000 F023 0024

C:\PROGRAM FILES (X86)\LONWORKS\NEURONC\LIBRARIES\ISIFULL.LIB(COMPLEVT):
  Rel %isiPrepareSicb         --   --   --      --   --   --     4879 4885 000D

C:\SOURCE\DEVTOOLS\SHORTSTACK\DEV\MICROSERVER..\..\BIN\SHORTSTACK430ISI.LIB(L_MIPS20):
  Rel get_bitrate_id          --   --   --      --   --   --     4886 48D4 004F
  Rel is_eat_supported        --   --   --      --   --   --     48D5 48E8 0014
  Rel handle_incoming_messa   --   --   --      --   --   --     48E9 49A9 00C1
  Rel handle_incoming_respo   --   --   --      --   --   --     49AA 4A12 0069
  Rel convert_incoming_to_r   --   --   --      --   --   --     4A13 4A23 0011
  Rel save_neuron_c_env       --   --   --      --   --   --     4A24 4A44 0021
  Rel enter_flush_state       --   --   --      --   --   --     4A45 4A49 0005
  Rel handle_error            --   --   --      --   --   --     4A4A 4A5F 0016
  Rel set_sisd_invalid        --   --   --      --   --   --     4A60 4A6F 0010
  Rel %MicroServer            --   --   --      --   --   --     4A70 4ACE 005F
  Rel microServerAllocLocal   --   --   --      --   --   --     4ACF 4B17 0049
  Rel microServerCore         --   --   --      --   --   --     4B18 4C3F 0128
  Rel check_incoming_queues   --   --   --      --   --   --     4C40 4C50 0011
  Rel retrigger_rpc           --   --   --      --   --   --     4C51 4C55 0005
  Rel do_command_in_process   --   --   --      --   --   --     4C56 4F61 030C
  Rel process_nv_init         --   --   --      --   --   --     4F62 5020 00BF
  Rel update_ram_pointers     --   --   --      --   --   --     5021 502A 000A
  Rel update_checksum         --   --   --      --   --   --     502B 5034 000A
  Rel reinit_alias_table      --   --   --      --   --   --     5035 5066 0032
  Rel isiRpcAck               --   --   --      --   --   --     5067 50B1 004B
  Rel %IsiRpc                 --   --   --      --   --   --     50B2 5151 00A0
  Rel %shortStackBufferAllo   --   --   --      --   --   --     5152 51A9 0058
  Rel %get_us_flags           --   --   --      --   --   --     51AA 51BE 0015
  Rel sp_state                --   --   --     EFE8 EFFF 0018     --   --   -- 
  Rel shortstack_version      --   --   --      --   --   --     F7EA F7EF 0006

C:\SOURCE\DEVTOOLS\SHORTSTACK\DEV\MICROSERVER..\..\BIN\SHORTSTACK430ISI.LIB(ISIAPI2):
  Rel rpcIsBusy               --   --   --      --   --   --     51BF 52B4 00F6
  Rel %isiRpcSequence         --   --   --     EFA0 EFE7 0048     --   --   -- 

C:\PROGRAM FILES (X86)\LONWORKS\NEURONC\LIBRARIES\ISIFULL.LIB(CORE):
  Rel %_IsiGetPeriod          --   --   --      --   --   --     52B5 56AC 03F8

C:\PROGRAM FILES (X86)\LONWORKS\NEURONC\LIBRARIES\ISIFULL.LIB(STOP):
  Rel %IsiStop                --   --   --      --   --   --     56AD 56BA 000E

C:\PROGRAM FILES (X86)\LONWORKS\NEURONC\LIBRARIES\ISIFULL.LIB(CANCELA):
  Rel %IsiCancelAcquisition   --   --   --      --   --   --     56BB 56D0 0016

C:\PROGRAM FILES (X86)\LONWORKS\NEURONC\LIBRARIES\ISIFULL.LIB(TICKDA):
  Rel %IsiTickDa              --   --   --      --   --   --     56D1 5727 0057

C:\PROGRAM FILES (X86)\LONWORKS\NEURONC\LIBRARIES\ISIFULL.LIB(TICKS):
  Rel %IsiTickS               --   --   --      --   --   --     5728 585F 0138

C:\SOURCE\DEVTOOLS\SHORTSTACK\DEV\MICROSERVER..\..\BIN\SHORTSTACK430ISI.LIB(ISICTRL):
  Rel %isiControlledEnrollm   --   --   --      --   --   --     5860 58EE 008F

C:\PROGRAM FILES (X86)\LONWORKS\NEURONC\LIBRARIES\ISIFULL.LIB(MSGDA):
  Rel cmp_didrm               --   --   --      --   --   --     58EF 59AF 00C1
  Rel _isi_lastDidrm          --   --   --     EF91 EF9F 000F     --   --   -- 

C:\PROGRAM FILES (X86)\LONWORKS\NEURONC\LIBRARIES\ISIFULL.LIB(PRESTART):
  Rel %IsiPreStart            --   --   --      --   --   --     59B0 59B0 0001
  Rel _isiFirstStart          --   --   --      --   --   --     F7E9 F7E9 0001

C:\SOURCE\DEVTOOLS\SHORTSTACK\DEV\MICROSERVER..\..\BIN\SHORTSTACK430ISI.LIB(INIT):
  Rel %MicroServerInit        --   --   --      --   --   --     59B1 59B7 0007

C:\PROGRAM FILES (X86)\LONWORKS\IMAGES\GEN.LIB(L_FLASH):
  Rel _flash_rendezvous       --   --   --      --   --   --     F5B0 F5D6 0027

C:\SOURCE\DEVTOOLS\SHORTSTACK\DEV\MICROSERVER..\..\BIN\SHORTSTACK430ISI.LIB(L_FSIO):
  Rel _fast_serial_input_SC   --   --   --      --   --   --     59B8 5A0C 0055

C:\SOURCE\DEVTOOLS\SHORTSTACK\DEV\MICROSERVER..\..\BIN\SHORTSTACK430ISI.LIB(L_SCIPAD):
  Rel _fast_serial_input_SC   --   --   --      --   --   --     5A0D 5A99 008D
  Rel SCI_input_pad1          --   --   --      --   --   --     F7D9 F7E8 0010

C:\SOURCE\DEVTOOLS\SHORTSTACK\DEV\MICROSERVER..\..\BIN\SHORTSTACK430ISI.LIB(L_HDMSPI):
  Rel _fast_serial_input_SP   --   --   --      --   --   --     5A9A 5B07 006E

C:\SOURCE\DEVTOOLS\SHORTSTACK\DEV\MICROSERVER..\..\BIN\SHORTSTACK430ISI.LIB(L_SPIPAD):
  Rel _fast_serial_input_SP   --   --   --      --   --   --     5B08 5BCB 00C4

C:\SOURCE\DEVTOOLS\SHORTSTACK\DEV\MICROSERVER..\..\BIN\SHORTSTACK430ISI.LIB(L_MIP):
  Rel _mip_IF2                --   --   --      --   --   --     5BCC 5C03 0038

C:\PROGRAM FILES (X86)\LONWORKS\NEURONC\LIBRARIES\ISIFULL.LIB(RUNNING):
  Rel %IsiIsRunning           --   --   --      --   --   --     5C04 5C06 0003

C:\PROGRAM FILES (X86)\LONWORKS\NEURONC\LIBRARIES\ISIFULL.LIB(APPCHG):
  Rel %IsiSetBootLevel        --   --   --      --   --   --     5C07 5C0B 0005

C:\SOURCE\DEVTOOLS\SHORTSTACK\DEV\MICROSERVER..\..\BIN\SHORTSTACK430ISI.LIB(V4_30_0):
  Rel %usVersion              --   --   --      --   --   --     5C0C 5C0F 0004

C:\PROGRAM FILES (X86)\LONWORKS\NEURONC\LIBRARIES\ISIFULL.LIB(CONNECT):
  Rel isi_become_host         --   --   --      --   --   --     5C10 5F3E 032F

C:\PROGRAM FILES (X86)\LONWORKS\NEURONC\LIBRARIES\ISIFULL.LIB(IMPVER):
  Rel %IsiImplementationVer   --   --   --      --   --   --     5F3F 5F40 0002

C:\PROGRAM FILES (X86)\LONWORKS\NEURONC\LIBRARIES\ISIFULL.LIB(PROTVER):
  Rel %IsiProtocolVersion     --   --   --      --   --   --     5F41 5F42 0002

C:\PROGRAM FILES (X86)\LONWORKS\NEURONC\LIBRARIES\ISIFULL.LIB(ACQDOM):
  Rel %IsiAcquireDomain       --   --   --      --   --   --     5F43 5F72 0030

C:\PROGRAM FILES (X86)\LONWORKS\NEURONC\LIBRARIES\ISIFULL.LIB(OPENE):
  Rel %IsiOpenEnrollment      --   --   --      --   --   --     5F73 5F84 0012

C:\PROGRAM FILES (X86)\LONWORKS\NEURONC\LIBRARIES\ISIFULL.LIB(RMCONN):
  Rel %IsiLeaveEnrollment     --   --   --      --   --   --     5F85 603E 00BA

C:\PROGRAM FILES (X86)\LONWORKS\NEURONC\LIBRARIES\ISIFULL.LIB(ISCONN):
  Rel %IsiIsConnected         --   --   --      --   --   --     603F 605E 0020
  Rel %IsiIsAutomaticallyEn   --   --   --      --   --   --     605F 6084 0026

C:\PROGRAM FILES (X86)\LONWORKS\NEURONC\LIBRARIES\ISIFULL.LIB(ISBEHOST):
  Rel %IsiIsBecomingHost      --   --   --      --   --   --     6085 6094 0010

C:\PROGRAM FILES (X86)\LONWORKS\NEURONC\LIBRARIES\ISIFULL.LIB(ISSUNVHB):
  Rel %IsiIssueHeartbeat      --   --   --      --   --   --     6095 60F2 005E

C:\PROGRAM FILES (X86)\LONWORKS\NEURONC\LIBRARIES\ISIFULL.LIB(AUTOENRO):
  Rel %IsiInitiateAutoEnrol   --   --   --      --   --   --     60F3 6111 001F

C:\PROGRAM FILES (X86)\LONWORKS\NEURONC\LIBRARIES\ISIFULL.LIB(VARS):
  Rel %_isiVolatile           --   --   --     EF78 EF90 0019     --   --   -- 
  Rel %isi_out                --   --   --     EF60 EF77 0018     --   --   -- 
  Rel %_isiPersist            --   --   --      --   --   --     F7D3 F7D8 0006

C:\PROGRAM FILES (X86)\LONWORKS\NEURONC\LIBRARIES\ISIFULL.LIB(SETDOM):
  Rel %_IsiSetDomain          --   --   --      --   --   --     6112 6162 0051

C:\PROGRAM FILES (X86)\LONWORKS\NEURONC\LIBRARIES\ISIFULL.LIB(UPDDIAG):
  Rel %IsiUpdateDiagnostics   --   --   --      --   --   --     6163 6163 0001

C:\PROGRAM FILES (X86)\LONWORKS\NEURONC\LIBRARIES\ISIFULL.LIB(DOMTOOLS):
  Rel %_isi_memorize_domain   --   --   --      --   --   --     6164 6164 0001
  Rel %_isi_is_memorized_do   --   --   --      --   --   --     6165 6166 0002
  Rel %_isi_reset_primary_d   --   --   --      --   --   --     6167 6184 001E

C:\PROGRAM FILES (X86)\LONWORKS\NEURONC\LIBRARIES\ISIFULL.LIB(LENTAB):
  Rel %_isiMessageLengthTab   --   --   --      --   --   --     6185 619A 0016

C:\PROGRAM FILES (X86)\LONWORKS\NEURONC\LIBRARIES\ISIFULL.LIB(MANUAL):
  Rel isi_rcv_csmx            --   --   --      --   --   --     619B 61FF 0065

C:\PROGRAM FILES (X86)\LONWORKS\NEURONC\LIBRARIES\ISIFULL.LIB(RCVCSMC):
  Rel isi_rcv_csmc            --   --   --      --   --   --     6200 6223 0024

C:\PROGRAM FILES (X86)\LONWORKS\NEURONC\LIBRARIES\ISIFULL.LIB(RCVCSMD):
  Rel isi_rcv_csmd            --   --   --      --   --   --     6224 62A9 0086

C:\PROGRAM FILES (X86)\LONWORKS\NEURONC\LIBRARIES\ISIFULL.LIB(GETCFG):
  Rel _camisi_get_config_p2   --   --   --      --   --   --     62AA 62BC 0013

C:\PROGRAM FILES (X86)\LONWORKS\NEURONC\LIBRARIES\ISIFULL.LIB(FGETNV):
  Rel %IsiGetNv               --   --   --      --   --   --     62BD 62BF 0003

C:\PROGRAM FILES (X86)\LONWORKS\NEURONC\LIBRARIES\ISIFULL.LIB(FSETALI):
  Rel %IsiSetAlias            --   --   --      --   --   --     62C0 62C2 0003

C:\PROGRAM FILES (X86)\LONWORKS\NEURONC\LIBRARIES\ISIFULL.LIB(FSETNV):
  Rel %IsiSetNv               --   --   --      --   --   --     62C3 62C5 0003

C:\PROGRAM FILES (X86)\LONWORKS\NEURONC\LIBRARIES\ISIFULL.LIB(DID):
  Rel _%DID%1                 --   --   --      --   --   --     62C6 62C8 0003
  Rel %IsiGetPrimaryDid       --   --   --      --   --   --     62C9 62D4 000C

C:\PROGRAM FILES (X86)\LONWORKS\NEURONC\LIBRARIES\ISIFULL.LIB(RPTCNT):
  Rel %IsiGetRepeatCount      --   --   --      --   --   --     62D5 62D6 0002

C:\PROGRAM FILES (X86)\LONWORKS\NEURONC\LIBRARIES\ISIFULL.LIB(UPDUI):
  Rel %_IsiUpdateUiAndState   --   --   --      --   --   --     62D7 62E7 0011

C:\PROGRAM FILES (X86)\LONWORKS\NEURONC\LIBRARIES\ISIFULL.LIB(TCSMR):
  Rel %_IsiTcsmr              --   --   --      --   --   --     62E8 6327 0040
  Rel %_isiTcsmr              --   --   --     EF5E EF5F 0002     --   --   -- 

C:\PROGRAM FILES (X86)\LONWORKS\NEURONC\LIBRARIES\ISIFULL.LIB(RSNDCSMO):
  Rel isi_resend_csmo         --   --   --      --   --   --     6328 6348 0021

C:\PROGRAM FILES (X86)\LONWORKS\NEURONC\LIBRARIES\ISIFULL.LIB(SENDNVHB):
  Rel %_IsiIsHeartbeatCandi   --   --   --      --   --   --     6349 637B 0033
  Rel _isi_nextNv             --   --   --     EF5D EF5D 0001     --   --   -- 

C:\PROGRAM FILES (X86)\LONWORKS\NEURONC\LIBRARIES\ISIFULL.LIB(PERIODIC):
  Rel %IsiCreatePeriodicMsg   --   --   --      --   --   --     637C 637D 0002

C:\PROGRAM FILES (X86)\LONWORKS\NEURONC\LIBRARIES\ISIFULL.LIB(SELCTRS):
  Rel * Unnamed *             --   --   --      --   --   --     637E 63C4 0047

C:\PROGRAM FILES (X86)\LONWORKS\NEURONC\LIBRARIES\ISIFULL.LIB(APPRCSMO):
  Rel isi_approve_csmo        --   --   --      --   --   --     63C5 646F 00AB

C:\PROGRAM FILES (X86)\LONWORKS\NEURONC\LIBRARIES\ISIFULL.LIB(REPLSEL):
  Rel * Unnamed *             --   --   --      --   --   --     6470 64FF 0090

C:\PROGRAM FILES (X86)\LONWORKS\NEURONC\LIBRARIES\ISIFULL.LIB(ACCEPTE):
  Rel isi_tool_ppappp0        --   --   --      --   --   --     6500 6569 006A

C:\PROGRAM FILES (X86)\LONWORKS\NEURONC\LIBRARIES\ISIFULL.LIB(ADDSEL):
  Rel isi_increment_selecto   --   --   --      --   --   --     656A 6577 000E

C:\PROGRAM FILES (X86)\LONWORKS\NEURONC\LIBRARIES\ISIFULL.LIB(INSELRNG):
  Rel isi_in_selector_range   --   --   --      --   --   --     6578 658D 0016

C:\PROGRAM FILES (X86)\LONWORKS\NEURONC\LIBRARIES\ISIFULL.LIB(IMPLEMNT):
  Rel _%IMPLEMNT%Bind         --   --   --      --   --   --     658E 670B 017E

C:\PROGRAM FILES (X86)\LONWORKS\IMAGES\GEN.LIB(L_SERVIC):
  Rel service_pin_msg_send    --   --   --      --   --   --     670C 671F 0014

C:\PROGRAM FILES (X86)\LONWORKS\NEURONC\LIBRARIES\ISIFULL.LIB(L_SETDOM):
  Rel update_domain_address   --   --   --      --   --   --     6720 6728 0009

C:\PROGRAM FILES (X86)\LONWORKS\NEURONC\LIBRARIES\ISIFULL.LIB(FSETDOM):
  Rel %IsiSetDomain           --   --   --      --   --   --     6729 672E 0006

C:\PROGRAM FILES (X86)\LONWORKS\NEURONC\LIBRARIES\ISIFULL.LIB(CIDMATCH):
  Rel isi_cid_match           --   --   --      --   --   --     672F 6738 000A

C:\PROGRAM FILES (X86)\LONWORKS\NEURONC\LIBRARIES\ISIFULL.LIB(FGETALI):
  Rel %IsiGetAlias            --   --   --      --   --   --     6739 673B 0003

C:\PROGRAM FILES (X86)\LONWORKS\NEURONC\LIBRARIES\ISIFULL.LIB(GRPOK):
  Rel * Unnamed *             --   --   --      --   --   --     673C 6778 003D
                           SYMBOLS BY ADDRESS

#   0001 _idem_dup                      #   0403 _timer_sset_repeat             
#   0002 _tx_by_addr                    #   0418 _timer_get                     
#   0005 _larva_break                   #   041F timers_off                     
#   0007 _larva_suspend                 #   0429 _unpack_nibs                   
#   000B _pushd1                        #   0432 _memcpy                        
#   000D _pushd                         #   0435 _memcpy1                       
#   0013 _popd1                         #   043D _memset8                       
#   0015 _popd                          #   0444 _memset                        
#   001B _push1                         #   0445 _memset1                       
#   001D _push                          #   044E _save_ptrs                     
#   0021 _pop1                          #   0457 _restore_ptrs                  
#   0023 _pop                           #   045F _register_call                 
#   0027 _alloc                         #   0465 _add_8_16                      
#   002C _dealloc                       #   04B1 delay_1msec                    
#   002E _drop_n                        #   04B7 msec_delay                     
#   0032 _drop_n_return_1               #   04C8 delay                          
#   0034 _drop_n_preserve_1             #   04CA scaled_delay                   
#   0038 _drop_n_return_2               #   04D3 _iteration16                   
#   003A _drop_n_preserve_2             #   0501 flush_cancel                   
#   0040 _query_stats                   #   0503 _sys_flag_clear                
#   004C _get_sp                        #   0506 _free_rcvtx_by_domain          
#   0054 _bump_ptr                      #   0511 _sys_flag_set                  
#   0054 _add_8_16f                     #   0530 _mip_L4                        
#   0056 _inc16                         #   0531 _mip_L5                        
#   0059 _xch_inc_xch                   #   0555 _mip_L1                        
#   005C _sign_extend16                 #   0576 _mip_L2                        
#   0062 _dec16                         #   0589 _set_typeout                   
#   0069 _ldP0_fetchl                   #   05AE _mip_T1                        
#   0080 _new_binding_constraints       #   05DB _get_address                   
#   0093 watchdog_update                #   05F5 _get_domain                    
#   0095 watchdog_update_old            #   0675 _memcmp1                       
#   0099 _cpu_halt_check                #   0697 _index_to_addr                 
#   009E _larva_L1                      #   069F _eeprom_write                  
#   00AB _larva_L2                      #   06A1 _eeprom_far_write              
#   00BE _arb_presf                     #   06A1 _ee_write_int                  
#   00CC node_reset                     #   06A4 _eeprom_write_long             
#   00CC _node_reset                    #   06A6 _ee_write_long                 
#   00DC _r_shift8_7                    #   06A6 _eeprom_far_write_long         
#   00DD _r_shift8_6                    #   06B7 _ee_memcpy_uncond              
#   00DE _r_shift8_5                    #   06BB _ee_memcpy                     
#   00DF _r_shift8_4                    #   06BB _memcpy8                       
#   00E0 _r_shift8_3                    #   06BE _get_error_log                 
#   01AE _mip_L6                        #   06CB _sys_error_log                 
#   03C4 _timer_events                  #   06CE error_log                      
#   03E4 _timer_expires                 #   06DF _raw_error_log                 
#   03F1 _timer_expires_any             #   0748 _change_state                  
#   03F4 _timer_off                     #   078A _disable_callbacks             
#   03F8 _timer_mset                    #   078D _enable_callbacks              
#   03FA _timer_mset_repeat             #   07A1 _check_configured              
#   03FF _timer_sset                    #   083E _adjust_checksum1              
#   0853 _get_appsum_location           #   0BF0 _equal8                        
#   092A post_events                    #   0BF2 _equal16                       
#   0949 set_eeprom_lock                #   0BF4 _lognot16                      
#   0A58 abs8_twice                     #   0BF5 _lognot8                       
#   0A5F _lshift8by2_add16              #   0BF7 _log16                         
#   0A62 _lshift8by1_add16              #   0BF8 _log8                          
#   0A73 _lshift8_add16                 #   0BFD _r_shift8                      
#   0A75 _lshift16_add16                #   0C05 _r_shift8s                     
#   0A78 _adds_8_16                     #   0C0E _l_shift8s                     
#   0A7A _add16                         #   0C0E _l_shift8                      
#   0A81 _mul8l                         #   0C27 _l_shift16s                    
#   0A9E _muls_8_16                     #   0C27 _l_shift16                     
#   0AA1 _mul_8_16                      #   0C33 _r_shift16                     
#   0AA3 _mul16                         #   0C42 _r_shift16s                    
#   0AA3 _mul16s                        #   0C51 _l_shift8_7                    
#   0AB4 _mul8                          #   0C52 _l_shift8_6                    
#   0AD0 _div32_16_core                 #   0C53 _l_shift8_5                    
#   0B06 _div32_16                      #   0C54 _l_shift8_4                    
#   0B0B _div8                          #   0C55 _l_shift8_3                    
#   0B13 _div16                         #   0C59 random                         
#   0B25 _div8s                         #   0C5D _msg_free                      
#   0B2D _mod8s                         #   0C6A _resp_free                     
#   0B37 _abs8                          #   0C77 _clear_apps_flags              
#   0B3E _mod16                         #   0C7B _msg_alloc_priority            
#   0B45 _div16s                        #   0C7D _msg_alloc                     
#   0B50 _mod16s                        #   0C8A _resp_alloc                    
#   0B5E _max8                          #   0CA9 _msg_send                      
#   0B63 _min8                          #   0CA9 _resp_send                     
#   0B68 _max8s                         #   0CDA _msg_alloc_wait                
#   0B6D _min8s                         #   0CE7 _msg_cancel                    
#   0B73 _mod8                          #   0CE7 _resp_cancel                   
#   0B7C _max16                         #   0D09 _bound_mt                      
#   0B81 _min16                         #   0D2E _wink                          
#   0B86 _max16s                        #   0D31 _msg_receive                   
#   0B8B _min16s                        #   0D33 _msg_arrives                   
#   0B93 _sub16                         #   0D35 _msg_code_arrives              
#   0B9F _mul8ls                        #   0D44 _set_apps_flags                
#   0BA8 _abs16                         #   0D48 _msg_fails                     
#   0BAC _minus16s                      #   0D4B _msg_completes                 
#   0BB2 _not16                         #   0D4E _msg_succeeds                  
#   0BB7 _and16                         #   0D51 _resp_receive                  
#   0BBC _or16                          #   0D55 _resp_arrives                  
#   0BC1 _xor16                         #   0D8F _msg_data_blockset             
#   0BC6 _gequ8s                        #   0DCC _msg_priority_set              
#   0BCC _gequ16s                       #   0DD7 _resp_code_set                 
#   0BD3 _less16                        #   0DD9 _resp_data_set                 
#   0BD7 _less8                         #   0DE1 _msg_code_set                  
#   0BDB _signs_differ16                #   0DE3 _msg_data_set                  
#   0BE1 _gequ16                        #   0DF4 _msg_auth_set                  
#   0BE5 _gequ8                         #   0DF8 _msg_service_set               
#   0BEA _less8s                        #   0DFC _msg_tag_set                   
#   0BED _less16s                       #   0DFC _msg_tag_set1                  
#   0E01 _msg_addr_set                  #   1739 _nv_count                      
#   0E01 _msg_byte_set                  #   173D _nv_get_cnfg_p_pri             
#   0E05 _msg_out_set                   #   174A _nv_get_cnfg_p                 
#   0E33 _msg_code_get_ex               #   1756 _nv_get_cnfg_p1                
#   0E33 _msg_code_get                  #   175D _nv_get_alias_p                
#   0E35 _msg_data_get                  #   1773 _nv_get_fixed_p                
#   0E39 _msg_auth_get                  #   1923 _get_auth_std                  
#   0E3D _msg_service_get               #   1968 _get_rcvtx_p                   
#   0E42 _msg_byte_get                  #   19F7 _nm_set_nk                     
#   0E42 _msg_addr_get                  #   1ACB make_apdu_p                    
#   0E47 _msg_in_get                    #   1AE5 _service_pin_send              
#   0E76 _msg_len_get_ex                #   1AE6 _nm_service_send               
#   0E76 _msg_len_get                   #   1AED _bitshift_input                
#   0E7B _msg_data_blockget             #   1B0E _init_baud                     
#   0FB4 _nv_update_int                 #   1B12 _A_delay_pd                    
#   0FB5 _nv_update_int_offset          #   1B14 _A_delay                       
#   0FBA _nv_update_long                #   1B15 _A_delay_b                     
#   0FBB _nv_update_long_offset         #   1B1B _sio_load_delay                
#   0FC0 _nv_update                     #   1B24 set_base_p                     
#   0FC5 _nv_update_request1            #   1B29 _bit_input                     
#   0FC5 _nv_poll                       #   1B2B _nibble_input                  
#   0FC5 _nv_update_request             #   1B3F _byte_input                    
#   0FD1 _nv_poll_all                   #   1B43 _leveldetect_input             
#   0FD7 _nv_array_poll                 #   1B59 _init_io_pins                  
#   1011 _nv_update_occurs              #   1B85 _io_direction_hi               
#   1012 _nv_array_update_occurs        #   1B85 _io_direction_hi2              
#   105C _nv_update_fails               #   1B87 _io_direction_lo               
#   105D _nv_array_update_fails         #   1B89 _bit_output_ext                
#   1062 _nv_update_succeeds            #   1B89 _bit_output_ext2               
#   1063 _nv_array_update_succeeds      #   1B8D _bit_output_hi                 
#   1066 _nv_update_completes           #   1B8F _bit_output_lo2                
#   1067 _nv_array_update_completes     #   1B91 _bit_output_lo1                
#   1077 _bound_nv                      #   1B99 _nibble_output                 
#   1077 _bound_nv1                     #   1BA1 _byte_output                   
#   1090 _io_change_init                #   1BB5 _set_tco_p                     
#   10B0 _io_changes_to                 #   1BC8 _loader_prep                   
#   10BB _io_changes_by                 #   1BF5 _pulsewidth_output             
#   10CF _io_changes                    #   1C01 _triggered_count_output        
#   10D4 _io_update_occurs              #   1C01 _frequency_output              
#   10EA _io_input_value                #   1C19 _oneshot_output                
#   10F1 application_restart            #   1C1E _triac_pulse_output            
#   111B _preempt                       #   1C26 _triac_level_output            
#   1150 offline_confirm                #   1C26 _triac_output                  
#   115E _offline                       #   1C28 _loader_go                     
#   116C _online                        #   1C33 _pulsecount_output             
#   1171 online_confirm                 #   1C75 _totalize_input                
#   11AE go_offline                     #   1C81 _pulsecount_input              
#   11B3 flush                          #   1C81 _period_input                  
#   11BE _flush_completes               #   1C81 _ontime_input                  
#   11F0 _sleep                         #   1CAF _quadrature_input              
#   1261 retrieve_xcvr_status           #   1CDA _select_mux                    
#   1735 _alias_count                   #   1CDE _alter_icntrl_g                
#   1CE6 _select_input_fn               #   43C7 _msg_in_addr_ptr               
#   1D05 _io_set_clock                  #   43CD _msg_duplicate_get             
#   1D15 _init_timer_counter1           #   43D4 _msg_rcvtx_get                 
#   1D17 _init_timer_counter2           #   43DB _bin2bcd                       
#   1D60 _parallel_output_request       #   440A _bcd2bin                       
#   1D62 clear_pio_request              #   4422 muldivs                        
#   1D67 _parallel_input_ready          #   443C muldiv                         
#   1D93 _parallel_output_ready         #   4461 _io_abort_clear                
#   1DA1 _parallel_input                #   4467 access_domain                  
#   1DB4 _parallel_output               #   446B _access_check                  
#   1F17 _mac_L1                        #   4475 update_nv                      
#   21F2 _scheduler_loop                #   447D update_config_data             
#   2469 _larva_L3                      #   4484 _update_record                 
#   27C1 _net_mgmt_processing           #   4496 update_clone_domain            
#   2851 _update_address                #   44A9 update_domain                  
#   28B1 _self_installation             #   44BC update_address                 
#   28B3 _calculate_cnfg_checksum       #   44C6 access_alias                   
#   28BB _leave_indexed_domain          #   44CF update_alias                   
#   2938 chksum_recalc_mode             #   44D7 access_key                     
#   2C7A _build_status                  #   44EA access_address                 
#   2CF1 clear_status                   #   44EF access_nv                      
#   2DB6 _get_prit_p                    #   44F8 update_program_id              
#   2DC5 _get_prt_p                     #   44FF update_pid                     
#   2F6C _eefar_init                    #   4510 update_xcvr_id                 
#   2F6E _extended_version_number       #   451C retrieve_stat                  
#   2F72 _sys_comeup_offline            #   4525 _neurowire_slave               
#   2F73 _bitshift_output               #   4560 _muxbus_read                   
#   2FAC _serial_input                  #   4572 _muxbus_reread                 
#   3000 _eeprom_image_copy             #   457D _muxbus_write                  
#   3036 _defCommParms                  #   458C _muxbus_rewrite                
#   37FE _boot_id                       #   4597 _dualslope_input               
#   38BE _get_ext_ee                    #   45B8 _dualslope_start               
#   3B69 _offchip_eelock_check          #   46F7 _image_upgrade_test_area       
#   3FDC _set_ram_ptrs                  #   46FE _image_checksum                
#   40EF _checksum_generate             #   46FF _image_end                     
#   428C _serial_output                 #   46FF _image_end_page                
#   42BF _serial_sub1                   .   4703 journal_reset_patch            
#   42D9 _bitshift_setup                .   470B xcvr_patch                     
#   4308 _neurowire_master              #   471F %IsiMsgDeliver                 
#   4342 _get_si_data_ptr               #   4734 %IsiUpdateUserInterface        
#   434D power_up                       #   4740 %IsiCreateCsmo                 
#   4352 go_configured                  #   4754 %IsiGetPrimaryGroup            
#   4356 go_unconfigured                #   475E %IsiGetAssembly                
#   4364 flush_wait                     #   476A %IsiGetNextAssembly            
#   436A reverse                        #   4776 %IsiGetNvIndex                 
#   4375 _bitf_sign_ext                 #   4781 %IsiGetNextNvIndex             
#   437C _memcpy16                      #   478E %IsiGetWidth                   
#   438F _memset16                      #   4799 %IsiGetConnectionTableSize     
#   43A1 retrieve_status                #   479C %IsiGetConnection              
#   43AC _resp_data_blockset            #   47A9 %IsiSetConnection              
#   43B5 _msg_out_addr_ptr              #   47BA %IsiQueryHeartbeat             
#   43C4 _resp_in_addr_ptr              #   47C5 %IsiGetNvValue                 
#   47DA %key                           .   4A45 enter_flush_state              
#   47DC %ShortStackIsiStart            .   4A4A handle_error                   
.   47EE %ShortStackIsiStart%0          .   4A60 set_sisd_invalid               
.   47F4 %ShortStackIsiStart%1          .   4A69 set_sisd_valid                 
.   47F4 %ShortStackIsiStart%2          #   4A70 %mip_s23_interface             
#   47F5 %ShortStackIsiStop             #   4A70 %MicroServer                   
#   47FE %ShortStackIsiCancelAcquisit>> .   4ACA main_loop                      
#   4802 %ShortStackIsiStartDeviceAcq>> .   4ACF microServerAllocLocals2        
#   4803 %ShortStackIsiFetchDevice      .   4AE7 microServerAllocLocals         
#   4804 %ShortStackIsiFetchDomain      .   4AFF microServerDeallocLocals       
#   4805 %IsiBackground                 .   4B18 microServerCore                
.   4812 %IsiBackground%1               .   4B98 uplink_reset                   
.   4815 %IsiBackground%0               .   4C13 check_local_done               
.   4815 %IsiBackground%2               .   4C38 check_wdt                      
#   4816 %IsiMsgHandler                 .   4C40 check_incoming_queues          
.   482C %IsiMsgHandler%2               .   4C51 retrigger_rpc                  
.   482D %IsiMsgHandler%1               .   4C56 do_command_in_processing       
.   482F %IsiMsgHandler%0               .   4C65 check_for_nv                   
.   483E %IsiMsgHandler%5               .   4C97 check_reset                    
.   483F %IsiMsgHandler%3               .   4CAA check_offline                  
#   4840 %IsiRespHandler                .   4CBF do_flush_cancel                
#   4842 %IsiStartRpcTimeout            .   4CCA check_isi_downlink             
#   4848 %IsiIsRpcTimeout               .   4CD3 isi_rpc_call                   
#   484C %isiBufferAlloc                .   4CEB isi_dealloc_buffer             
#   4851 %appVersion                    .   4D52 application_change             
.   4854 APINIT                         .   4D5F process_appinit_misc           
.   4857 RESET                          .   4D7B write_nv_count                 
.   4869 TEVT                           .   4D9A write_rods1_nv_count           
.   4871 _%_MICROSERVER%INIT            .   4DA5 recalc_nv_fixed                
.   4876 _%_MICROSERVER%INITV           .   4DD2 write_comm_para                
#   4879 %isiPrepareSicb                .   4DE5 write_program_id               
.   4886 get_bitrate_id                 .   4DF5 write_app_signature            
.   4890 _fast_serial_input             .   4E04 process_appinit_done           
.   4891 _fast_serial_input2            .   4E08 check_usop                     
.   48A7 _fast_serial_output2_wait      .   4E08 check_appinit_done             
.   48A8 _fast_serial_output_wait       .   4EEE usop_done                      
.   48AE _fast_serial_output            .   4EEE check_nv_init                  
.   48AF _fast_serial_output2           .   4EF4 send_explicit_message          
.   48C5 check_host_busy                .   4F24 process_packet                 
.   48C5 check_host_ready               .   4F62 process_nv_init                
.   48D5 is_eat_supported               .   4FC3 nvinit_this_nv                 
.   48DB get_address_count              .   4FFF nvinit_done_this               
.   48E9 handle_incoming_message        .   501D nvinit_cleanup                 
.   490C check_isi_msg                  .   5021 update_ram_pointers            
.   4988 process_ul_msg_done            .   502B update_checksum                
.   498A process_ul_nv                  .   5035 reinit_alias_table             
.   49A1 send_sicb_ul                   .   5067 isiRpcAck                      
.   49A4 free_incoming_app_buf          #   50B2 %IsiRpc                        
.   49AA handle_incoming_response       #   5152 %shortStackBufferAlloc         
.   4A13 convert_incoming_to_response   #   51AA %get_us_flags                  
.   4A24 save_neuron_c_env              #   51AE %clear_us_flags                
.   4A32 restore_neuron_c_env           #   51B3 %set_us_flags                  
#   51BA %shortStackInPreempt           #   56BB %IsiCancelAcquisition          
.   51BF rpcIsBusy                      #   56D1 %IsiTickDa                     
#   51C5 %isiCheckRpc                   #   5728 %IsiTickS                      
#   51CF %isiRpcDispatcher              #   5860 %isiControlledEnrollment       
#   52B5 %_IsiGetPeriod                 .   58D6 send_ctrp                      
.   52B5 isi_get_period                 .   58E1 send_response                  
.   52C3 isi_alloc_slot                 .   58EF cmp_didrm                      
#   52C3 %_IsiAllocSlot                 #   58F8 %IsiProcessMsgDa               
#   52CC %_IsiAllocNode                 #   59B0 %IsiPreStart                   
.   52CC isi_alloc_node                 #   59B1 %MicroServerInit               
.   52D0 isi_alloc_subnet               #   59B8 _fast_serial_input_SCI         
#   52D0 %_IsiAllocSubnet               #   59B9 _fast_serial_input2_SCI        
#   52DB isi_rand                       #   59EB _fast_serial_output_SCI        
#   52DB %_IsiRand                      #   59EC _fast_serial_output2_SCI       
#   52E0 _isi_set_prim_domain           #   5A0D _fast_serial_input_SCI_pad     
#   52F1 %_IsiConditionalDiagnostics    #   5A0E _fast_serial_input2_SCI_pad    
.   52F1 isi_cond_diagnostics           #   5A5A delay_22n_cycles               
#   52FA %_IsiMemcmp                    #   5A63 delay_11n_cycles               
#   5303 _isi_get_msg_in_p2             #   5A69 _fast_serial_output_SCI_pad    
#   5307 %_IsiGetMsgInDataPtr           #   5A6A _fast_serial_output2_SCI_pad   
.   530F _isi_rcv_drum_s                #   5A9A _fast_serial_input_SPI         
#   530F %_IsiReceiveDrumS              #   5A9B _fast_serial_input2_SPI        
.   5366 _isi_get_domain_id             #   5AD6 _fast_serial_output_SPI        
#   536F _isi_msg_out_clear             #   5AD7 _fast_serial_output2_SPI       
#   5378 _isi_send_drum                 #   5B08 _fast_serial_input_SPI_pad     
#   5378 %_IsiSendDrum                  #   5B09 _fast_serial_input2_SPI_pad    
#   53BC %_IsiBroadcastAsm              #   5B7A _fast_serial_output_SPI_pad    
#   53E9 %_IsiSendIsi                   #   5B7B _fast_serial_output2_SPI_pad   
#   53EB %_IsiSend                      .   5BCC _mip_outgoing_l5               
#   53FA %IsiApproveMsg                 .   5BCC _smip_system_image             
#   5429 %IsiProcessMsgS                #   5BCC _mip_IF2                       
.   5488 tpftset                        .   5BCC _mip_outgoing                  
.   548D plcnset                        .   5BD3 _mip_incoming                  
#   549A %_IsiReceiveTimg               #   5BD3 _mip_IF1                       
#   549A isi_rcv_timg                   .   5BD3 _mip_incoming_l5               
#   54C6 %_IsiSelectTransportProps      .   5BEF _mip_alloc                     
.   54C6 _isi_transport_properties      .   5BEF _mip_alloc_l5                  
#   5523 _isi_alloc_connection          #   5BEF _mip_IF3                       
#   5525 _isi_alloc                     .   5BFF _mip_free                      
.   552F _isi_init_dppp                 #   5BFF _mip_IF4                       
#   5534 %IsiReturnToFactoryDefaults    .   5C00 _mip_cancel                    
.   553F isi_fetch_nv_selhi_p0          #   5C00 _mip_IF5                       
#   5547 %_IsiInitialize                .   5C03 _mip_set_mode                  
#   5547 %IsiStartDa                    #   5C03 _mip_IF7                       
.   5547 isi_init                       #   5C04 %IsiIsRunning                  
#   5547 %IsiStartS                     #   5C07 %IsiSetBootLevel               
.   5668 isi_masked_clr_connection      #   5C0C %usVersion                     
.   5682 isi_clear_connection           .   5C10 isi_become_host                
.   5690 isi_pending_connection_P2      .   5CA5 isi_have_AtLeastOneNvo         
.   5692 isi_connection_P2              #   5CC3 isi_rcv_csmo                   
.   5699 isi_next_connection            .   5CDF isi_rcv_pcsmo                  
#   56AD %IsiStop                       .   5D7A isi_send_csme                  
#   5D7A %_IsiSendCsme                  .   6224 isi_rcv_csmd                   
.   5D83 isi_send_csmx                  .   6256 isi_sweep_address_table_drop_n 
#   5D83 %_IsiSendCsmx                  .   6258 isi_sweep_address_table        
.   5D87 isi_send_csmex                 .   62AA _camisi_get_config_p2          
.   5D95 isi_send_csm_x                 #   62BD %IsiGetNv                      
.   5D96 isi_send_csm_x_p2              #   62C0 %IsiSetAlias                   
#   5DA4 %_IsiSendCsmi                  #   62C3 %IsiSetNv                      
.   5DA4 isi_send_csmi                  .   62C6 _%DID%1                        
.   5DA5 isi_send_csmi_p2nof            #   62C9 %IsiGetPrimaryDid              
.   5DA6 isi_send_csmi_p2               #   62D5 %IsiGetRepeatCount             
#   5DC3 %_IsiSendCsmr                  #   62D7 %_IsiUpdateUiAndStateEnroll    
.   5DC3 isi_send_csmr                  #   62DA %_IsiUpdateUiAndStateTimeout   
.   5DC4 isi_send_csmr_p2               #   62DE %_IsiUpdateUiAndState          
.   5DFC isi_alloc_fetch_connection_i   #   62E1 %_IsiUpdateUiNormal            
.   5E07 isi_rcv_csmi                   #   62E2 %_IsiUpdateUi                  
.   5E19 rcv_csmi_try_next_index        #   62E8 %_IsiTcsmr                     
.   5E34 rcv_csmi_test_next_collission  #   6315 isi_p2_condition_tcsmr         
.   5E72 rcv_csmi_coll_step2            #   6328 %_IsiResendCsmo                
.   5EA3 rcv_csmi_sel_upd_cand          .   6328 isi_resend_csmo                
.   5EC9 rcv_csmi_write_sel_p0          #   6349 %_IsiIsHeartbeatCandidate      
.   5ECA rcv_csmi_write_sel             #   6357 %_IsiSendNvHb                  
.   5ECF rcv_csmi_ssati                 #   637C %IsiCreatePeriodicMsg          
#   5EFE %IsiCancelEnrollment           #   6395 %_IsiGetSelectors              
#   5F1A %IsiExtendEnrollment           .   63C5 isi_approve_csmo               
#   5F1D %IsiCreateEnrollment           .   63EF apprcsmo_next_conn             
#   5F1E isi_make_enrollment            .   647A %_IsiGetNextNvx                
.   5F2F isi_make_couldBeHost           .   647B %_IsiGetNextNvx1               
#   5F3F %IsiImplementationVersion      #   64B4 %_IsiReplaceSelectors          
#   5F41 %IsiProtocolVersion            .   64F2 %_IsiGetNextNvIndexEx          
#   5F43 %IsiAcquireDomain              .   6500 isi_tool_ppappp0               
.   5F5F isi_acquire_domain             .   6509 isi_accept_enrollment          
#   5F5F %_IsiAcquireDomain             .   656A isi_increment_selector         
#   5F73 %IsiOpenEnrollment             #   656C isi_add_selector               
#   5F85 %IsiLeaveEnrollment            .   6578 isi_in_selector_range          
#   5F87 %IsiDeleteEnrollment           .   6579 isi_in_selector_range_ex       
#   5F88 %_IsiRemoveConnectionIfNormal  .   658E _%IMPLEMNT%Bind                
#   5F8C %_IsiRemoveConnection          .   6601 isi_set_nv_x                   
#   5FE0 %_IsiRemovePtrConnection       .   6610 send_csmx                      
#   603F %IsiIsConnected                .   661A isi_implement_sec_enrollment   
#   605F %IsiIsAutomaticallyEnrolled    .   664A imes_evaluate                  
#   6085 %IsiIsBecomingHost             .   6685 isi_p2_pending                 
#   6095 %IsiIssueHeartbeat             .   668C isi_d1_implement_enrollment    
#   60F3 %IsiInitiateAutoEnrollment     .   668D isi_implement_enrollment       
#   6112 %_IsiSetDomain                 #   670C service_pin_msg_send           
#   6163 %IsiUpdateDiagnostics          #   6717 service_pin_state              
#   6164 %_isi_memorize_domain          #   6720 update_domain_address          
#   6165 %_isi_is_memorized_domain      #   6729 %IsiSetDomain                  
#   6167 %_isi_reset_primary_domain     .   672F isi_cid_match                  
#   6185 %_isiMessageLengthTable        #   6739 %IsiGetAlias                   
.   619B isi_rcv_csmx                   .   6751 isi_is_group_acceptable        
.   61C1 isi_rcv_csme                   c   8000 _evn_byte_2                    
.   6200 isi_rcv_csmc                   c   8000 _extended_io_count             
c   8000 _extended_onchip_eeprom        c   8040 _size_custom_ram_area          
c   8000 _larva_clear_off               c   8040 _custom_ram_area_avail         
#   8000 _programmable_driver_strength  c   80BE _arbitrary_preempt_safe        
c   8000 _evn_byte_1                    #   80FF _nv_count_mask                 
#   8000 __max_transient_app            #   80FF _nv_all                        
c   8000 _const_mask                    #   8100 _size_app_basepg               
c   8000 _programmable_lvi              c   82E1 _sysram_base_usage             
c   8000 _size_sys_ramvars              #   E800 activate_service_led           
c   8000 _sci_spi_supported             #   E801 _larva_flag                    
#   8000 __num_transient_app            #   E80C _xcvr_mode                     
c   8000 _sidata_last_eecode            #   E83C nv_in_index                    
c   8000 _sio_near                      #   E83C msg_tag_index                  
c   8000 _size_sys_eevars               #   E84C ramQElemSizeIn                 
#   8000 _system_version_minor          #   E84D ramQElemSizeOut                
#   8001 _supports_explicit_addressing  #   E855 qfree_out                      
#   8001 _alternate_clocking            #   E85D qincoming                      
c   8001 _disable_dynamic_xcvr_config   #   E861 qresponse                      
c   8001 _feature_set_1                 #   E877 _larva_L4                      
#   8001 _system_image_extensions       #   E8C4 _mip_IF0                       
c   8001 _sysimgext_proxy               #   E8C6 io_pin_event_data              
c   8001 _sysimgext_phase               #   E8CD input_value                    
c   8001 _sysimgext_nv_length_override  #   E8CD _dbg_input_value               
c   8001 _size_proxy_route_index_entry  #   E8CF nv_array_index                 
c   8001 _set_nv_length_valid           #   E8CF _nv_array_index                
c   8001 _ram_test_power_up_only        #   E8D0 io_pdata_imgs                  
#   8001 _oma                           #   E8D4 _io_gen_img                    
#   8001 _nm_capabilities               #   E937 _sys_flags                     
c   8001 _memory_forwarding             #   E946 _cpu_sync                      
c   8001 _field_debug                   #   E94A nv_in_addr                     
c   8001 _feature_set_2                 #   E952 _sys_stat                      
c   8002 _read_only_data_struct_version #   E96A ee_lock                        
#   8002 _nm_version                    #   E96B nsa_features                   
c   8003 _extended_onchip_eedata        #   E96B nsa_relative                   
c   8003 _size_io_change_event          #   E988 _last_retry_extra_time         
c   8003 _size_nv_cnfg                  #   E993 _sys_callback_address          
c   8003 _size_nv_fix                   #   E995 BASEPG3                        
c   8004 _size_nv_alias                 #   E995 _larva_L5                      
c   8004 _size_timer                    #   E9A0 _dbg_input_is_new              
c   8004 _size_evn                      #   E9A0 input_is_new                   
c   8005 _size_addr_tbl_entry           #   EA95 _loc_custom_ram_area           
c   8008 _onchip_eeprom_sector_size     #   EF2F %isiType                       
c   800C _size_proxy_route_entry        .   EF5D _isi_nextNv                    
c   800D _size_rcv_tx                   #   EF5E %_isiTcsmr                     
c   800F _size_domain_entry             #   EF60 %isi_out                       
c   8010 _eevar_offset                  #   EF78 %_isiVolatile                  
#   8010 _eeJournal_size                .   EF91 _isi_lastDidrm                 
c   8010 _ee_reserved_offset            #   EFA0 %isiRpcSequence                
c   8011 _system_version                #   EFA1 %isiRpcReturnValue             
c   8011 _evn_byte_4                    #   EFA2 %isiRpcReturnData              
c   8013 _evn_byte_3                    .   EFC1 rpc_api_call                   
c   801C _size_tx_ctl_blk               .   EFE8 sp_state                       
c   8020 _image_file_alignment_boundary .   EFE9 serial_interface_type          
.   EFEA neuron_c_env                   #   F02B eeSNVT2Ptr                     
.   EFEE loc_hi                         #   F02E config_data                    
.   EFEF loc_lo                         #   F036 eeCommStart                    
.   EFF0 isirpc_uplink                  #   F036 eeClock                        
.   EFF7 us_flags                       #   F037 eeAltClock                     
#   EFF8 USMONITOR                      .   F047 DOMAIN                         
#   F000 read_only_data                 #   F047 eeDomain                       
#   F000 eeNeuronID                     #   F050 eeDomain0Key                   
.   F008 DIRECTORY                      #   F05F eeDomain1Key                   
#   F008 eeNVFixedPtr                   #   F5B0 _flash_rendezvous              
.   F00A PROTECTBIT                     .   F633 _%_MICROSERVER%1               
#   F00B eeSNVTPtr                      #   F7D3 %_isiPersist                   
.   F00D PROGID                         .   F7D9 SCI_input_pad1                 
#   F00D eeIDString                     .   F7E1 SCI_output_pad1                
#   F015 eeModeFlags                    .   F7E1 SCI_input_pad2                 
.   F015 MODETABLE                      .   F7E9 _isiFirstStart                 
.   F01A BUFCOUNTS                      .   F7EA shortstack_version             
.   F01D EENEARBYTES                    .   F7EB sp_notify_interval             
.   F023 TX_CTRL                        .   F7EC APP_signature                  
#   F024 read_only_data_2               .   F7EE SISD_valid                     
#   F024 eeCustomMac                    .   F7EF post_reset_pause               
#   F029 read_only_data_3               #   F7F0 eeErrorLog                     
#   F029 eeNVCount                      #   FBF0 eeJournal                      
                            SYMBOLS BY NAME

#   6165 %_isi_is_memorized_domain      #   5F43 %IsiAcquireDomain              
#   6164 %_isi_memorize_domain          #   53FA %IsiApproveMsg                 
#   6167 %_isi_reset_primary_domain     #   4805 %IsiBackground                 
#   5F5F %_IsiAcquireDomain             .   4815 %IsiBackground%0               
#   52CC %_IsiAllocNode                 .   4812 %IsiBackground%1               
#   52C3 %_IsiAllocSlot                 .   4815 %IsiBackground%2               
#   52D0 %_IsiAllocSubnet               #   484C %isiBufferAlloc                
#   53BC %_IsiBroadcastAsm              #   56BB %IsiCancelAcquisition          
#   52F1 %_IsiConditionalDiagnostics    #   5EFE %IsiCancelEnrollment           
#   5307 %_IsiGetMsgInDataPtr           #   51C5 %isiCheckRpc                   
.   64F2 %_IsiGetNextNvIndexEx          #   5860 %isiControlledEnrollment       
.   647A %_IsiGetNextNvx                #   4740 %IsiCreateCsmo                 
.   647B %_IsiGetNextNvx1               #   5F1D %IsiCreateEnrollment           
#   52B5 %_IsiGetPeriod                 #   637C %IsiCreatePeriodicMsg          
#   6395 %_IsiGetSelectors              #   5F87 %IsiDeleteEnrollment           
#   5547 %_IsiInitialize                #   5F1A %IsiExtendEnrollment           
#   6349 %_IsiIsHeartbeatCandidate      #   6739 %IsiGetAlias                   
#   52FA %_IsiMemcmp                    #   475E %IsiGetAssembly                
#   6185 %_isiMessageLengthTable        #   479C %IsiGetConnection              
#   F7D3 %_isiPersist                   #   4799 %IsiGetConnectionTableSize     
#   52DB %_IsiRand                      #   476A %IsiGetNextAssembly            
#   530F %_IsiReceiveDrumS              #   4781 %IsiGetNextNvIndex             
#   549A %_IsiReceiveTimg               #   62BD %IsiGetNv                      
#   5F8C %_IsiRemoveConnection          #   4776 %IsiGetNvIndex                 
#   5F88 %_IsiRemoveConnectionIfNormal  #   47C5 %IsiGetNvValue                 
#   5FE0 %_IsiRemovePtrConnection       #   62C9 %IsiGetPrimaryDid              
#   64B4 %_IsiReplaceSelectors          #   4754 %IsiGetPrimaryGroup            
#   6328 %_IsiResendCsmo                #   62D5 %IsiGetRepeatCount             
#   54C6 %_IsiSelectTransportProps      #   478E %IsiGetWidth                   
#   53EB %_IsiSend                      #   5F3F %IsiImplementationVersion      
#   5D7A %_IsiSendCsme                  #   60F3 %IsiInitiateAutoEnrollment     
#   5DA4 %_IsiSendCsmi                  #   605F %IsiIsAutomaticallyEnrolled    
#   5DC3 %_IsiSendCsmr                  #   6085 %IsiIsBecomingHost             
#   5D83 %_IsiSendCsmx                  #   603F %IsiIsConnected                
#   5378 %_IsiSendDrum                  #   4848 %IsiIsRpcTimeout               
#   53E9 %_IsiSendIsi                   #   5C04 %IsiIsRunning                  
#   6357 %_IsiSendNvHb                  #   6095 %IsiIssueHeartbeat             
#   6112 %_IsiSetDomain                 #   5F85 %IsiLeaveEnrollment            
#   62E8 %_IsiTcsmr                     #   471F %IsiMsgDeliver                 
#   EF5E %_isiTcsmr                     #   4816 %IsiMsgHandler                 
#   62E2 %_IsiUpdateUi                  .   482F %IsiMsgHandler%0               
#   62DE %_IsiUpdateUiAndState          .   482D %IsiMsgHandler%1               
#   62D7 %_IsiUpdateUiAndStateEnroll    .   482C %IsiMsgHandler%2               
#   62DA %_IsiUpdateUiAndStateTimeout   .   483F %IsiMsgHandler%3               
#   62E1 %_IsiUpdateUiNormal            .   483E %IsiMsgHandler%5               
#   EF78 %_isiVolatile                  #   5F73 %IsiOpenEnrollment             
#   4851 %appVersion                    #   4879 %isiPrepareSicb                
#   51AE %clear_us_flags                #   59B0 %IsiPreStart                   
#   51AA %get_us_flags                  #   58F8 %IsiProcessMsgDa               
#   EF60 %isi_out                       #   5429 %IsiProcessMsgS                
#   5F41 %IsiProtocolVersion            #   446B _access_check                  
#   47BA %IsiQueryHeartbeat             #   0A7A _add16                         
#   4840 %IsiRespHandler                #   0465 _add_8_16                      
#   5534 %IsiReturnToFactoryDefaults    #   0054 _add_8_16f                     
#   50B2 %IsiRpc                        #   0A78 _adds_8_16                     
#   51CF %isiRpcDispatcher              #   083E _adjust_checksum1              
#   EFA2 %isiRpcReturnData              #   1735 _alias_count                   
#   EFA1 %isiRpcReturnValue             #   0027 _alloc                         
#   EFA0 %isiRpcSequence                #   1CDE _alter_icntrl_g                
#   62C0 %IsiSetAlias                   #   8001 _alternate_clocking            
#   5C07 %IsiSetBootLevel               #   0BB7 _and16                         
#   47A9 %IsiSetConnection              #   00BE _arb_presf                     
#   6729 %IsiSetDomain                  c   80BE _arbitrary_preempt_safe        
#   62C3 %IsiSetNv                      #   440A _bcd2bin                       
#   5547 %IsiStartDa                    #   43DB _bin2bcd                       
#   4842 %IsiStartRpcTimeout            #   1B29 _bit_input                     
#   5547 %IsiStartS                     #   1B89 _bit_output_ext                
#   56AD %IsiStop                       #   1B89 _bit_output_ext2               
#   56D1 %IsiTickDa                     #   1B8D _bit_output_hi                 
#   5728 %IsiTickS                      #   1B91 _bit_output_lo1                
#   EF2F %isiType                       #   1B8F _bit_output_lo2                
#   6163 %IsiUpdateDiagnostics          #   4375 _bitf_sign_ext                 
#   4734 %IsiUpdateUserInterface        #   1AED _bitshift_input                
#   47DA %key                           #   2F73 _bitshift_output               
#   4A70 %MicroServer                   #   42D9 _bitshift_setup                
#   59B1 %MicroServerInit               #   37FE _boot_id                       
#   4A70 %mip_s23_interface             #   0D09 _bound_mt                      
#   51B3 %set_us_flags                  #   1077 _bound_nv                      
#   5152 %shortStackBufferAlloc         #   1077 _bound_nv1                     
#   51BA %shortStackInPreempt           #   2C7A _build_status                  
#   47FE %ShortStackIsiCancelAcquisit>> #   0054 _bump_ptr                      
#   4803 %ShortStackIsiFetchDevice      #   1B3F _byte_input                    
#   4804 %ShortStackIsiFetchDomain      #   1BA1 _byte_output                   
#   47DC %ShortStackIsiStart            #   28B3 _calculate_cnfg_checksum       
.   47EE %ShortStackIsiStart%0          .   62AA _camisi_get_config_p2          
.   47F4 %ShortStackIsiStart%1          #   0748 _change_state                  
.   47F4 %ShortStackIsiStart%2          #   07A1 _check_configured              
#   4802 %ShortStackIsiStartDeviceAcq>> #   40EF _checksum_generate             
#   47F5 %ShortStackIsiStop             #   0C77 _clear_apps_flags              
#   5C0C %usVersion                     c   8000 _const_mask                    
.   F633 _%_MICROSERVER%1               #   0099 _cpu_halt_check                
.   4871 _%_MICROSERVER%INIT            #   E946 _cpu_sync                      
.   4876 _%_MICROSERVER%INITV           c   8040 _custom_ram_area_avail         
.   62C6 _%DID%1                        #   E9A0 _dbg_input_is_new              
.   658E _%IMPLEMNT%Bind                #   E8CD _dbg_input_value               
#   8000 __max_transient_app            #   002C _dealloc                       
#   8000 __num_transient_app            #   0062 _dec16                         
#   1B14 _A_delay                       #   3036 _defCommParms                  
#   1B15 _A_delay_b                     #   078A _disable_callbacks             
#   1B12 _A_delay_pd                    c   8001 _disable_dynamic_xcvr_config   
#   0BA8 _abs16                         #   0B13 _div16                         
#   0B37 _abs8                          #   0B45 _div16s                        
#   0B06 _div32_16                      #   59EB _fast_serial_output_SCI        
#   0AD0 _div32_16_core                 #   5A69 _fast_serial_output_SCI_pad    
#   0B0B _div8                          #   5AD6 _fast_serial_output_SPI        
#   0B25 _div8s                         #   5B7A _fast_serial_output_SPI_pad    
#   002E _drop_n                        .   48A8 _fast_serial_output_wait       
#   0034 _drop_n_preserve_1             c   8001 _feature_set_1                 
#   003A _drop_n_preserve_2             c   8001 _feature_set_2                 
#   0032 _drop_n_return_1               c   8001 _field_debug                   
#   0038 _drop_n_return_2               #   F5B0 _flash_rendezvous              
#   4597 _dualslope_input               #   11BE _flush_completes               
#   45B8 _dualslope_start               #   0506 _free_rcvtx_by_domain          
#   06BB _ee_memcpy                     #   1C01 _frequency_output              
#   06B7 _ee_memcpy_uncond              #   0BE1 _gequ16                        
c   8010 _ee_reserved_offset            #   0BCC _gequ16s                       
#   06A1 _ee_write_int                  #   0BE5 _gequ8                         
#   06A6 _ee_write_long                 #   0BC6 _gequ8s                        
#   2F6C _eefar_init                    #   05DB _get_address                   
#   8010 _eeJournal_size                #   0853 _get_appsum_location           
#   06A1 _eeprom_far_write              #   1923 _get_auth_std                  
#   06A6 _eeprom_far_write_long         #   05F5 _get_domain                    
#   3000 _eeprom_image_copy             #   06BE _get_error_log                 
#   069F _eeprom_write                  #   38BE _get_ext_ee                    
#   06A4 _eeprom_write_long             #   2DB6 _get_prit_p                    
c   8010 _eevar_offset                  #   2DC5 _get_prt_p                     
#   078D _enable_callbacks              #   1968 _get_rcvtx_p                   
#   0BF2 _equal16                       #   4342 _get_si_data_ptr               
#   0BF0 _equal8                        #   004C _get_sp                        
c   8000 _evn_byte_1                    #   0001 _idem_dup                      
c   8000 _evn_byte_2                    #   46FE _image_checksum                
c   8013 _evn_byte_3                    #   46FF _image_end                     
c   8011 _evn_byte_4                    #   46FF _image_end_page                
c   8000 _extended_io_count             c   8020 _image_file_alignment_boundary 
c   8003 _extended_onchip_eedata        #   46F7 _image_upgrade_test_area       
c   8000 _extended_onchip_eeprom        #   0056 _inc16                         
#   2F6E _extended_version_number       #   0697 _index_to_addr                 
.   4890 _fast_serial_input             #   1B0E _init_baud                     
.   4891 _fast_serial_input2            #   1B59 _init_io_pins                  
#   59B9 _fast_serial_input2_SCI        #   1D15 _init_timer_counter1           
#   5A0E _fast_serial_input2_SCI_pad    #   1D17 _init_timer_counter2           
#   5A9B _fast_serial_input2_SPI        #   4461 _io_abort_clear                
#   5B09 _fast_serial_input2_SPI_pad    #   1090 _io_change_init                
#   59B8 _fast_serial_input_SCI         #   10CF _io_changes                    
#   5A0D _fast_serial_input_SCI_pad     #   10BB _io_changes_by                 
#   5A9A _fast_serial_input_SPI         #   10B0 _io_changes_to                 
#   5B08 _fast_serial_input_SPI_pad     #   1B85 _io_direction_hi               
.   48AE _fast_serial_output            #   1B85 _io_direction_hi2              
.   48AF _fast_serial_output2           #   1B87 _io_direction_lo               
#   59EC _fast_serial_output2_SCI       #   E8D4 _io_gen_img                    
#   5A6A _fast_serial_output2_SCI_pad   #   10EA _io_input_value                
#   5AD7 _fast_serial_output2_SPI       #   1D05 _io_set_clock                  
#   5B7B _fast_serial_output2_SPI_pad   #   10D4 _io_update_occurs              
.   48A7 _fast_serial_output2_wait      #   5525 _isi_alloc                     
#   5523 _isi_alloc_connection          #   0B86 _max16s                        
.   5366 _isi_get_domain_id             #   0B5E _max8                          
#   5303 _isi_get_msg_in_p2             #   0B68 _max8s                         
.   552F _isi_init_dppp                 #   0675 _memcmp1                       
.   EF91 _isi_lastDidrm                 #   0432 _memcpy                        
#   536F _isi_msg_out_clear             #   0435 _memcpy1                       
.   EF5D _isi_nextNv                    #   437C _memcpy16                      
.   530F _isi_rcv_drum_s                #   06BB _memcpy8                       
#   5378 _isi_send_drum                 c   8001 _memory_forwarding             
#   52E0 _isi_set_prim_domain           #   0444 _memset                        
.   54C6 _isi_transport_properties      #   0445 _memset1                       
.   F7E9 _isiFirstStart                 #   438F _memset16                      
#   04D3 _iteration16                   #   043D _memset8                       
#   0C27 _l_shift16                     #   0B81 _min16                         
#   0C27 _l_shift16s                    #   0B8B _min16s                        
#   0C0E _l_shift8                      #   0B63 _min8                          
#   0C55 _l_shift8_3                    #   0B6D _min8s                         
#   0C54 _l_shift8_4                    #   0BAC _minus16s                      
#   0C53 _l_shift8_5                    .   5BEF _mip_alloc                     
#   0C52 _l_shift8_6                    .   5BEF _mip_alloc_l5                  
#   0C51 _l_shift8_7                    .   5C00 _mip_cancel                    
#   0C0E _l_shift8s                     .   5BFF _mip_free                      
#   0005 _larva_break                   #   E8C4 _mip_IF0                       
c   8000 _larva_clear_off               #   5BD3 _mip_IF1                       
#   E801 _larva_flag                    #   5BCC _mip_IF2                       
#   009E _larva_L1                      #   5BEF _mip_IF3                       
#   00AB _larva_L2                      #   5BFF _mip_IF4                       
#   2469 _larva_L3                      #   5C00 _mip_IF5                       
#   E877 _larva_L4                      #   5C03 _mip_IF7                       
#   E995 _larva_L5                      .   5BD3 _mip_incoming                  
#   0007 _larva_suspend                 .   5BD3 _mip_incoming_l5               
#   E988 _last_retry_extra_time         #   0555 _mip_L1                        
#   0069 _ldP0_fetchl                   #   0576 _mip_L2                        
#   28BB _leave_indexed_domain          #   0530 _mip_L4                        
#   0BD3 _less16                        #   0531 _mip_L5                        
#   0BED _less16s                       #   01AE _mip_L6                        
#   0BD7 _less8                         .   5BCC _mip_outgoing                  
#   0BEA _less8s                        .   5BCC _mip_outgoing_l5               
#   1B43 _leveldetect_input             .   5C03 _mip_set_mode                  
#   1C28 _loader_go                     #   05AE _mip_T1                        
#   1BC8 _loader_prep                   #   0B3E _mod16                         
#   EA95 _loc_custom_ram_area           #   0B50 _mod16s                        
#   0BF7 _log16                         #   0B73 _mod8                          
#   0BF8 _log8                          #   0B2D _mod8s                         
#   0BF4 _lognot16                      #   0E42 _msg_addr_get                  
#   0BF5 _lognot8                       #   0E01 _msg_addr_set                  
#   0A75 _lshift16_add16                #   0C7D _msg_alloc                     
#   0A73 _lshift8_add16                 #   0C7B _msg_alloc_priority            
#   0A62 _lshift8by1_add16              #   0CDA _msg_alloc_wait                
#   0A5F _lshift8by2_add16              #   0D33 _msg_arrives                   
#   1F17 _mac_L1                        #   0E39 _msg_auth_get                  
#   0B7C _max16                         #   0DF4 _msg_auth_set                  
#   0E42 _msg_byte_get                  #   0BB2 _not16                         
#   0E01 _msg_byte_set                  #   80FF _nv_all                        
#   0CE7 _msg_cancel                    #   E8CF _nv_array_index                
#   0D35 _msg_code_arrives              #   0FD7 _nv_array_poll                 
#   0E33 _msg_code_get                  #   1067 _nv_array_update_completes     
#   0E33 _msg_code_get_ex               #   105D _nv_array_update_fails         
#   0DE1 _msg_code_set                  #   1012 _nv_array_update_occurs        
#   0D4B _msg_completes                 #   1063 _nv_array_update_succeeds      
#   0E7B _msg_data_blockget             #   1739 _nv_count                      
#   0D8F _msg_data_blockset             #   80FF _nv_count_mask                 
#   0E35 _msg_data_get                  #   175D _nv_get_alias_p                
#   0DE3 _msg_data_set                  #   174A _nv_get_cnfg_p                 
#   43CD _msg_duplicate_get             #   1756 _nv_get_cnfg_p1                
#   0D48 _msg_fails                     #   173D _nv_get_cnfg_p_pri             
#   0C5D _msg_free                      #   1773 _nv_get_fixed_p                
#   43C7 _msg_in_addr_ptr               #   0FC5 _nv_poll                       
#   0E47 _msg_in_get                    #   0FD1 _nv_poll_all                   
#   0E76 _msg_len_get                   #   0FC0 _nv_update                     
#   0E76 _msg_len_get_ex                #   1066 _nv_update_completes           
#   43B5 _msg_out_addr_ptr              #   105C _nv_update_fails               
#   0E05 _msg_out_set                   #   0FB4 _nv_update_int                 
#   0DCC _msg_priority_set              #   0FB5 _nv_update_int_offset          
#   43D4 _msg_rcvtx_get                 #   0FBA _nv_update_long                
#   0D31 _msg_receive                   #   0FBB _nv_update_long_offset         
#   0CA9 _msg_send                      #   1011 _nv_update_occurs              
#   0E3D _msg_service_get               #   0FC5 _nv_update_request             
#   0DF8 _msg_service_set               #   0FC5 _nv_update_request1            
#   0D4E _msg_succeeds                  #   1062 _nv_update_succeeds            
#   0DFC _msg_tag_set                   #   3B69 _offchip_eelock_check          
#   0DFC _msg_tag_set1                  #   115E _offline                       
#   0AA3 _mul16                         #   8001 _oma                           
#   0AA3 _mul16s                        c   8008 _onchip_eeprom_sector_size     
#   0AB4 _mul8                          #   1C19 _oneshot_output                
#   0A81 _mul8l                         #   116C _online                        
#   0B9F _mul8ls                        #   1C81 _ontime_input                  
#   0AA1 _mul_8_16                      #   0BBC _or16                          
#   0A9E _muls_8_16                     #   1DA1 _parallel_input                
#   4560 _muxbus_read                   #   1D67 _parallel_input_ready          
#   4572 _muxbus_reread                 #   1DB4 _parallel_output               
#   458C _muxbus_rewrite                #   1D93 _parallel_output_ready         
#   457D _muxbus_write                  #   1D60 _parallel_output_request       
#   27C1 _net_mgmt_processing           #   1C81 _period_input                  
#   4308 _neurowire_master              #   0023 _pop                           
#   4525 _neurowire_slave               #   0021 _pop1                          
#   0080 _new_binding_constraints       #   0015 _popd                          
#   1B2B _nibble_input                  #   0013 _popd1                         
#   1B99 _nibble_output                 #   111B _preempt                       
#   8001 _nm_capabilities               #   8000 _programmable_driver_strength  
#   1AE6 _nm_service_send               c   8000 _programmable_lvi              
#   19F7 _nm_set_nk                     #   1C81 _pulsecount_input              
#   8002 _nm_version                    #   1C33 _pulsecount_output             
#   00CC _node_reset                    #   1BF5 _pulsewidth_output             
#   001D _push                          c   8040 _size_custom_ram_area          
#   001B _push1                         c   800F _size_domain_entry             
#   000D _pushd                         c   8004 _size_evn                      
#   000B _pushd1                        c   8003 _size_io_change_event          
#   1CAF _quadrature_input              c   8004 _size_nv_alias                 
#   0040 _query_stats                   c   8003 _size_nv_cnfg                  
#   0C33 _r_shift16                     c   8003 _size_nv_fix                   
#   0C42 _r_shift16s                    c   800C _size_proxy_route_entry        
#   0BFD _r_shift8                      c   8001 _size_proxy_route_index_entry  
#   00E0 _r_shift8_3                    c   800D _size_rcv_tx                   
#   00DF _r_shift8_4                    c   8000 _size_sys_eevars               
#   00DE _r_shift8_5                    c   8000 _size_sys_ramvars              
#   00DD _r_shift8_6                    c   8004 _size_timer                    
#   00DC _r_shift8_7                    c   801C _size_tx_ctl_blk               
#   0C05 _r_shift8s                     #   11F0 _sleep                         
c   8001 _ram_test_power_up_only        .   5BCC _smip_system_image             
#   06DF _raw_error_log                 #   0B93 _sub16                         
c   8002 _read_only_data_struct_version #   8001 _supports_explicit_addressing  
#   045F _register_call                 #   E993 _sys_callback_address          
#   0C8A _resp_alloc                    #   2F72 _sys_comeup_offline            
#   0D55 _resp_arrives                  #   06CB _sys_error_log                 
#   0CE7 _resp_cancel                   #   0503 _sys_flag_clear                
#   0DD7 _resp_code_set                 #   0511 _sys_flag_set                  
#   43AC _resp_data_blockset            #   E937 _sys_flags                     
#   0DD9 _resp_data_set                 #   E952 _sys_stat                      
#   0C6A _resp_free                     c   8001 _sysimgext_nv_length_override  
#   43C4 _resp_in_addr_ptr              c   8001 _sysimgext_phase               
#   0D51 _resp_receive                  c   8001 _sysimgext_proxy               
#   0CA9 _resp_send                     c   82E1 _sysram_base_usage             
#   0457 _restore_ptrs                  #   8001 _system_image_extensions       
#   044E _save_ptrs                     c   8011 _system_version                
#   21F2 _scheduler_loop                #   8000 _system_version_minor          
c   8000 _sci_spi_supported             #   03C4 _timer_events                  
#   1CE6 _select_input_fn               #   03E4 _timer_expires                 
#   1CDA _select_mux                    #   03F1 _timer_expires_any             
#   28B1 _self_installation             #   0418 _timer_get                     
#   2FAC _serial_input                  #   03F8 _timer_mset                    
#   428C _serial_output                 #   03FA _timer_mset_repeat             
#   42BF _serial_sub1                   #   03F4 _timer_off                     
#   1AE5 _service_pin_send              #   03FF _timer_sset                    
#   0D44 _set_apps_flags                #   0403 _timer_sset_repeat             
c   8001 _set_nv_length_valid           #   1C75 _totalize_input                
#   3FDC _set_ram_ptrs                  #   1C26 _triac_level_output            
#   1BB5 _set_tco_p                     #   1C26 _triac_output                  
#   0589 _set_typeout                   #   1C1E _triac_pulse_output            
c   8000 _sidata_last_eecode            #   1C01 _triggered_count_output        
#   005C _sign_extend16                 #   0002 _tx_by_addr                    
#   0BDB _signs_differ16                #   0429 _unpack_nibs                   
#   1B1B _sio_load_delay                #   2851 _update_address                
c   8000 _sio_near                      #   4484 _update_record                 
c   8005 _size_addr_tbl_entry           #   0D2E _wink                          
#   8100 _size_app_basepg               #   0059 _xch_inc_xch                   
#   E80C _xcvr_mode                     #   F00D eeIDString                     
#   0BC1 _xor16                         #   FBF0 eeJournal                      
#   0A58 abs8_twice                     #   F015 eeModeFlags                    
#   44EA access_address                 .   F01D EENEARBYTES                    
#   44C6 access_alias                   #   F000 eeNeuronID                     
#   4467 access_domain                  #   F029 eeNVCount                      
#   44D7 access_key                     #   F008 eeNVFixedPtr                   
#   44EF access_nv                      #   F02B eeSNVT2Ptr                     
#   E800 activate_service_led           #   F00B eeSNVTPtr                      
.   4854 APINIT                         .   4A45 enter_flush_state              
.   F7EC APP_signature                  #   06CE error_log                      
.   4D52 application_change             #   11B3 flush                          
#   10F1 application_restart            #   0501 flush_cancel                   
.   63EF apprcsmo_next_conn             #   4364 flush_wait                     
#   E995 BASEPG3                        .   49A4 free_incoming_app_buf          
.   F01A BUFCOUNTS                      .   48DB get_address_count              
.   4E08 check_appinit_done             .   4886 get_bitrate_id                 
.   4C65 check_for_nv                   #   4352 go_configured                  
.   48C5 check_host_busy                #   11AE go_offline                     
.   48C5 check_host_ready               #   4356 go_unconfigured                
.   4C40 check_incoming_queues          .   4A4A handle_error                   
.   4CCA check_isi_downlink             .   48E9 handle_incoming_message        
.   490C check_isi_msg                  .   49AA handle_incoming_response       
.   4C13 check_local_done               .   664A imes_evaluate                  
.   4EEE check_nv_init                  #   E9A0 input_is_new                   
.   4CAA check_offline                  #   E8CD input_value                    
.   4C97 check_reset                    #   E8D0 io_pdata_imgs                  
.   4E08 check_usop                     #   E8C6 io_pin_event_data              
.   4C38 check_wdt                      .   48D5 is_eat_supported               
#   2938 chksum_recalc_mode             .   6509 isi_accept_enrollment          
#   1D62 clear_pio_request              .   5F5F isi_acquire_domain             
#   2CF1 clear_status                   #   656C isi_add_selector               
.   58EF cmp_didrm                      .   5DFC isi_alloc_fetch_connection_i   
#   F02E config_data                    .   52CC isi_alloc_node                 
.   4A13 convert_incoming_to_response   .   52C3 isi_alloc_slot                 
#   04C8 delay                          .   52D0 isi_alloc_subnet               
#   5A63 delay_11n_cycles               .   63C5 isi_approve_csmo               
#   04B1 delay_1msec                    .   5C10 isi_become_host                
#   5A5A delay_22n_cycles               .   672F isi_cid_match                  
.   F008 DIRECTORY                      .   5682 isi_clear_connection           
.   4C56 do_command_in_processing       .   52F1 isi_cond_diagnostics           
.   4CBF do_flush_cancel                .   5692 isi_connection_P2              
.   F047 DOMAIN                         .   668C isi_d1_implement_enrollment    
#   E96A ee_lock                        .   4CEB isi_dealloc_buffer             
#   F037 eeAltClock                     .   553F isi_fetch_nv_selhi_p0          
#   F036 eeClock                        .   52B5 isi_get_period                 
#   F036 eeCommStart                    .   5CA5 isi_have_AtLeastOneNvo         
#   F024 eeCustomMac                    .   668D isi_implement_enrollment       
#   F047 eeDomain                       .   661A isi_implement_sec_enrollment   
#   F050 eeDomain0Key                   .   6578 isi_in_selector_range          
#   F05F eeDomain1Key                   .   6579 isi_in_selector_range_ex       
#   F7F0 eeErrorLog                     .   656A isi_increment_selector         
.   5547 isi_init                       #   E96B nsa_features                   
.   6751 isi_is_group_acceptable        #   E96B nsa_relative                   
.   5F2F isi_make_couldBeHost           #   E8CF nv_array_index                 
#   5F1E isi_make_enrollment            #   E94A nv_in_addr                     
.   5668 isi_masked_clr_connection      #   E83C nv_in_index                    
.   5699 isi_next_connection            .   501D nvinit_cleanup                 
#   6315 isi_p2_condition_tcsmr         .   4FFF nvinit_done_this               
.   6685 isi_p2_pending                 .   4FC3 nvinit_this_nv                 
.   5690 isi_pending_connection_P2      #   1150 offline_confirm                
#   52DB isi_rand                       #   1171 online_confirm                 
.   6200 isi_rcv_csmc                   .   548D plcnset                        
.   6224 isi_rcv_csmd                   #   092A post_events                    
.   61C1 isi_rcv_csme                   .   F7EF post_reset_pause               
.   5E07 isi_rcv_csmi                   #   434D power_up                       
#   5CC3 isi_rcv_csmo                   .   4E04 process_appinit_done           
.   619B isi_rcv_csmx                   .   4D5F process_appinit_misc           
.   5CDF isi_rcv_pcsmo                  .   4F62 process_nv_init                
#   549A isi_rcv_timg                   .   4F24 process_packet                 
.   6328 isi_resend_csmo                .   4988 process_ul_msg_done            
.   4CD3 isi_rpc_call                   .   498A process_ul_nv                  
.   5D95 isi_send_csm_x                 .   F00D PROGID                         
.   5D96 isi_send_csm_x_p2              .   F00A PROTECTBIT                     
.   5D7A isi_send_csme                  #   E855 qfree_out                      
.   5D87 isi_send_csmex                 #   E85D qincoming                      
.   5DA4 isi_send_csmi                  #   E861 qresponse                      
.   5DA6 isi_send_csmi_p2               #   E84C ramQElemSizeIn                 
.   5DA5 isi_send_csmi_p2nof            #   E84D ramQElemSizeOut                
.   5DC3 isi_send_csmr                  #   0C59 random                         
.   5DC4 isi_send_csmr_p2               .   5E72 rcv_csmi_coll_step2            
.   5D83 isi_send_csmx                  .   5EA3 rcv_csmi_sel_upd_cand          
.   6601 isi_set_nv_x                   .   5ECF rcv_csmi_ssati                 
.   6258 isi_sweep_address_table        .   5E34 rcv_csmi_test_next_collission  
.   6256 isi_sweep_address_table_drop_n .   5E19 rcv_csmi_try_next_index        
.   6500 isi_tool_ppappp0               .   5ECA rcv_csmi_write_sel             
.   EFF0 isirpc_uplink                  .   5EC9 rcv_csmi_write_sel_p0          
.   5067 isiRpcAck                      #   F000 read_only_data                 
.   4703 journal_reset_patch            #   F024 read_only_data_2               
.   EFEE loc_hi                         #   F029 read_only_data_3               
.   EFEF loc_lo                         .   4DA5 recalc_nv_fixed                
.   4ACA main_loop                      .   5035 reinit_alias_table             
#   1ACB make_apdu_p                    .   4857 RESET                          
.   4AE7 microServerAllocLocals         .   4A32 restore_neuron_c_env           
.   4ACF microServerAllocLocals2        #   451C retrieve_stat                  
.   4B18 microServerCore                #   43A1 retrieve_status                
.   4AFF microServerDeallocLocals       #   1261 retrieve_xcvr_status           
.   F015 MODETABLE                      .   4C51 retrigger_rpc                  
#   04B7 msec_delay                     #   436A reverse                        
#   E83C msg_tag_index                  .   EFC1 rpc_api_call                   
#   443C muldiv                         .   51BF rpcIsBusy                      
#   4422 muldivs                        .   4A24 save_neuron_c_env              
.   EFEA neuron_c_env                   #   04CA scaled_delay                   
#   00CC node_reset                     .   F7D9 SCI_input_pad1                 
.   F7E1 SCI_input_pad2                 #   44CF update_alias                   
.   F7E1 SCI_output_pad1                .   502B update_checksum                
.   6610 send_csmx                      #   4496 update_clone_domain            
.   58D6 send_ctrp                      #   447D update_config_data             
.   4EF4 send_explicit_message          #   44A9 update_domain                  
.   58E1 send_response                  #   6720 update_domain_address          
.   49A1 send_sicb_ul                   #   4475 update_nv                      
.   EFE9 serial_interface_type          #   44FF update_pid                     
#   670C service_pin_msg_send           #   44F8 update_program_id              
#   6717 service_pin_state              .   5021 update_ram_pointers            
#   1B24 set_base_p                     #   4510 update_xcvr_id                 
#   0949 set_eeprom_lock                .   4B98 uplink_reset                   
.   4A60 set_sisd_invalid               .   EFF7 us_flags                       
.   4A69 set_sisd_valid                 #   EFF8 USMONITOR                      
.   F7EA shortstack_version             .   4EEE usop_done                      
.   F7EE SISD_valid                     #   0093 watchdog_update                
.   F7EB sp_notify_interval             #   0095 watchdog_update_old            
.   EFE8 sp_state                       .   4DF5 write_app_signature            
.   4869 TEVT                           .   4DD2 write_comm_para                
#   041F timers_off                     .   4D7B write_nv_count                 
.   5488 tpftset                        .   4DE5 write_program_id               
.   F023 TX_CTRL                        .   4D9A write_rods1_nv_count           
#   44BC update_address                 .   470B xcvr_patch                     
 